<?xml version="1.0"?>
<link_info>
   <banner>TMS320C55x Linker Unix v4.4.1</banner>
   <copyright>Copyright (c) 1996-2012 Texas Instruments Incorporated</copyright>
   <link_time>0x5dba1779</link_time>
   <output_file>aic3204.out</output_file>
   <entry_point>
      <name>_c_int00</name>
      <address>0x3d02</address>
   </entry_point>
   <input_file_list>
      <input_file id="fl-2">
         <path>./</path>
         <kind>object</kind>
         <file>main.obj</file>
         <name>main.obj</name>
      </input_file>
      <input_file id="fl-8">
         <path>/home/ros-user/Downloads/ezdsp5502_v1/lib/</path>
         <kind>archive</kind>
         <file>ezdsp5502bsl.lib</file>
         <name>ezdsp5502.obj</name>
      </input_file>
      <input_file id="fl-9">
         <path>/home/ros-user/Downloads/ezdsp5502_v1/lib/</path>
         <kind>archive</kind>
         <file>ezdsp5502bsl.lib</file>
         <name>ezdsp5502_i2c.obj</name>
      </input_file>
      <input_file id="fl-a">
         <path>/home/ros-user/Downloads/ezdsp5502_v1/lib/</path>
         <kind>archive</kind>
         <file>ezdsp5502bsl.lib</file>
         <name>ezdsp5502_i2cgpio.obj</name>
      </input_file>
      <input_file id="fl-b">
         <path>/home/ros-user/Downloads/ezdsp5502_v1/lib/</path>
         <kind>archive</kind>
         <file>ezdsp5502bsl.lib</file>
         <name>ezdsp5502_mcbsp.obj</name>
      </input_file>
      <input_file id="fl-c">
         <path>/home/ros-user/ti/ccs920/ccs/tools/compiler/c5500_4.4.1/lib/</path>
         <kind>archive</kind>
         <file>rts55x.lib</file>
         <name>addd.obj</name>
      </input_file>
      <input_file id="fl-d">
         <path>/home/ros-user/ti/ccs920/ccs/tools/compiler/c5500_4.4.1/lib/</path>
         <kind>archive</kind>
         <file>rts55x.lib</file>
         <name>boot.obj</name>
      </input_file>
      <input_file id="fl-e">
         <path>/home/ros-user/ti/ccs920/ccs/tools/compiler/c5500_4.4.1/lib/</path>
         <kind>archive</kind>
         <file>rts55x.lib</file>
         <name>divd.obj</name>
      </input_file>
      <input_file id="fl-f">
         <path>/home/ros-user/ti/ccs920/ccs/tools/compiler/c5500_4.4.1/lib/</path>
         <kind>archive</kind>
         <file>rts55x.lib</file>
         <name>exit.obj</name>
      </input_file>
      <input_file id="fl-10">
         <path>/home/ros-user/ti/ccs920/ccs/tools/compiler/c5500_4.4.1/lib/</path>
         <kind>archive</kind>
         <file>rts55x.lib</file>
         <name>fixdi.obj</name>
      </input_file>
      <input_file id="fl-11">
         <path>/home/ros-user/ti/ccs920/ccs/tools/compiler/c5500_4.4.1/lib/</path>
         <kind>archive</kind>
         <file>rts55x.lib</file>
         <name>fixdli.obj</name>
      </input_file>
      <input_file id="fl-12">
         <path>/home/ros-user/ti/ccs920/ccs/tools/compiler/c5500_4.4.1/lib/</path>
         <kind>archive</kind>
         <file>rts55x.lib</file>
         <name>fltid.obj</name>
      </input_file>
      <input_file id="fl-13">
         <path>/home/ros-user/ti/ccs920/ccs/tools/compiler/c5500_4.4.1/lib/</path>
         <kind>archive</kind>
         <file>rts55x.lib</file>
         <name>fltlid.obj</name>
      </input_file>
      <input_file id="fl-14">
         <path>/home/ros-user/ti/ccs920/ccs/tools/compiler/c5500_4.4.1/lib/</path>
         <kind>archive</kind>
         <file>rts55x.lib</file>
         <name>frcmpyd_div.obj</name>
      </input_file>
      <input_file id="fl-15">
         <path>/home/ros-user/ti/ccs920/ccs/tools/compiler/c5500_4.4.1/lib/</path>
         <kind>archive</kind>
         <file>rts55x.lib</file>
         <name>lmpy.obj</name>
      </input_file>
      <input_file id="fl-16">
         <path>/home/ros-user/ti/ccs920/ccs/tools/compiler/c5500_4.4.1/lib/</path>
         <kind>archive</kind>
         <file>rts55x.lib</file>
         <name>mpyd.obj</name>
      </input_file>
      <input_file id="fl-17">
         <path>/home/ros-user/ti/ccs920/ccs/tools/compiler/c5500_4.4.1/lib/</path>
         <kind>archive</kind>
         <file>rts55x.lib</file>
         <name>vectors.obj</name>
      </input_file>
      <input_file id="fl-18">
         <path>/home/ros-user/ti/ccs920/ccs/tools/compiler/c5500_4.4.1/lib/</path>
         <kind>archive</kind>
         <file>rts55x.lib</file>
         <name>_lock.obj</name>
      </input_file>
      <input_file id="fl-19">
         <path>/home/ros-user/ti/ccs920/ccs/tools/compiler/c5500_4.4.1/lib/</path>
         <kind>archive</kind>
         <file>rts55x.lib</file>
         <name>args_main.obj</name>
      </input_file>
      <input_file id="fl-1a">
         <path>/home/ros-user/ti/ccs920/ccs/tools/compiler/c5500_4.4.1/lib/</path>
         <kind>archive</kind>
         <file>rts55x.lib</file>
         <name>autoinit.obj</name>
      </input_file>
      <input_file id="fl-1b">
         <path>/home/ros-user/ti/ccs920/ccs/tools/compiler/c5500_4.4.1/lib/</path>
         <kind>archive</kind>
         <file>rts55x.lib</file>
         <name>frcmpyd.obj</name>
      </input_file>
      <input_file id="fl-1c">
         <path>/home/ros-user/Downloads/ezdsp5502_v1/C55xxCSL/lib/</path>
         <kind>archive</kind>
         <file>csl5502x.lib</file>
         <name>_csl_init.obj</name>
      </input_file>
      <input_file id="fl-1d">
         <path>/home/ros-user/Downloads/ezdsp5502_v1/C55xxCSL/lib/</path>
         <kind>archive</kind>
         <file>csl5502x.lib</file>
         <name>csl.obj</name>
      </input_file>
      <input_file id="fl-1e">
         <path>/home/ros-user/Downloads/ezdsp5502_v1/C55xxCSL/lib/</path>
         <kind>archive</kind>
         <file>csl5502x.lib</file>
         <name>csl_csldat.obj</name>
      </input_file>
      <input_file id="fl-1f">
         <path>/home/ros-user/Downloads/ezdsp5502_v1/C55xxCSL/lib/</path>
         <kind>archive</kind>
         <file>csl5502x.lib</file>
         <name>i2c_cfg.obj</name>
      </input_file>
      <input_file id="fl-20">
         <path>/home/ros-user/Downloads/ezdsp5502_v1/C55xxCSL/lib/</path>
         <kind>archive</kind>
         <file>csl5502x.lib</file>
         <name>i2c_read.obj</name>
      </input_file>
      <input_file id="fl-21">
         <path>/home/ros-user/Downloads/ezdsp5502_v1/C55xxCSL/lib/</path>
         <kind>archive</kind>
         <file>csl5502x.lib</file>
         <name>i2c_write.obj</name>
      </input_file>
      <input_file id="fl-22">
         <path>/home/ros-user/Downloads/ezdsp5502_v1/C55xxCSL/lib/</path>
         <kind>archive</kind>
         <file>csl5502x.lib</file>
         <name>irq_gdisab.obj</name>
      </input_file>
      <input_file id="fl-23">
         <path>/home/ros-user/Downloads/ezdsp5502_v1/C55xxCSL/lib/</path>
         <kind>archive</kind>
         <file>csl5502x.lib</file>
         <name>irq_grest.obj</name>
      </input_file>
      <input_file id="fl-24">
         <path>/home/ros-user/Downloads/ezdsp5502_v1/C55xxCSL/lib/</path>
         <kind>archive</kind>
         <file>csl5502x.lib</file>
         <name>mcbsp_cfg.obj</name>
      </input_file>
      <input_file id="fl-25">
         <path>/home/ros-user/Downloads/ezdsp5502_v1/C55xxCSL/lib/</path>
         <kind>archive</kind>
         <file>csl5502x.lib</file>
         <name>mcbsp_cls.obj</name>
      </input_file>
      <input_file id="fl-26">
         <path>/home/ros-user/Downloads/ezdsp5502_v1/C55xxCSL/lib/</path>
         <kind>archive</kind>
         <file>csl5502x.lib</file>
         <name>mcbsp_open.obj</name>
      </input_file>
      <input_file id="fl-27">
         <path>/home/ros-user/Downloads/ezdsp5502_v1/C55xxCSL/lib/</path>
         <kind>archive</kind>
         <file>csl5502x.lib</file>
         <name>mcbsp_r16.obj</name>
      </input_file>
      <input_file id="fl-28">
         <path>/home/ros-user/Downloads/ezdsp5502_v1/C55xxCSL/lib/</path>
         <kind>archive</kind>
         <file>csl5502x.lib</file>
         <name>mcbsp_rst.obj</name>
      </input_file>
      <input_file id="fl-29">
         <path>/home/ros-user/Downloads/ezdsp5502_v1/C55xxCSL/lib/</path>
         <kind>archive</kind>
         <file>csl5502x.lib</file>
         <name>mcbsp_start.obj</name>
      </input_file>
      <input_file id="fl-2a">
         <path>/home/ros-user/Downloads/ezdsp5502_v1/C55xxCSL/lib/</path>
         <kind>archive</kind>
         <file>csl5502x.lib</file>
         <name>mcbsp_w16.obj</name>
      </input_file>
      <input_file id="fl-2b">
         <path>/home/ros-user/Downloads/ezdsp5502_v1/C55xxCSL/lib/</path>
         <kind>archive</kind>
         <file>csl5502x.lib</file>
         <name>csl_mcbspdat.obj</name>
      </input_file>
   </input_file_list>
   <object_component_list>
      <object_component id="oc-1d">
         <name>.text</name>
         <load_address>0x2300</load_address>
         <run_address>0x2300</run_address>
         <size>0x479</size>
         <input_file_ref idref="fl-2"/>
      </object_component>
      <object_component id="oc-48">
         <name>.text</name>
         <load_address>0x2779</load_address>
         <run_address>0x2779</run_address>
         <size>0x3cc</size>
         <input_file_ref idref="fl-e"/>
      </object_component>
      <object_component id="oc-70">
         <name>.text</name>
         <load_address>0x2b45</load_address>
         <run_address>0x2b45</run_address>
         <size>0x2</size>
         <input_file_ref idref="fl-17"/>
      </object_component>
      <object_component id="oc-94">
         <name>.text:MCBSP_reset</name>
         <load_address>0x2b48</load_address>
         <run_address>0x2b48</run_address>
         <size>0x261</size>
         <input_file_ref idref="fl-28"/>
      </object_component>
      <object_component id="oc-40">
         <name>.text</name>
         <load_address>0x2da9</load_address>
         <run_address>0x2da9</run_address>
         <size>0x25a</size>
         <input_file_ref idref="fl-c"/>
      </object_component>
      <object_component id="oc-8d">
         <name>.text:I2C_write</name>
         <load_address>0x3004</load_address>
         <run_address>0x3004</run_address>
         <size>0x18e</size>
         <input_file_ref idref="fl-21"/>
      </object_component>
      <object_component id="oc-8c">
         <name>.text:I2C_read</name>
         <load_address>0x3194</load_address>
         <run_address>0x3194</run_address>
         <size>0x15d</size>
         <input_file_ref idref="fl-20"/>
      </object_component>
      <object_component id="oc-35">
         <name>.text</name>
         <load_address>0x32f1</load_address>
         <run_address>0x32f1</run_address>
         <size>0x14e</size>
         <input_file_ref idref="fl-a"/>
      </object_component>
      <object_component id="oc-6c">
         <name>.text</name>
         <load_address>0x343f</load_address>
         <run_address>0x343f</run_address>
         <size>0x14c</size>
         <input_file_ref idref="fl-16"/>
      </object_component>
      <object_component id="oc-90">
         <name>.text:MCBSP_config</name>
         <load_address>0x358c</load_address>
         <run_address>0x358c</run_address>
         <size>0x130</size>
         <input_file_ref idref="fl-24"/>
      </object_component>
      <object_component id="oc-92">
         <name>.text:MCBSP_open</name>
         <load_address>0x36bc</load_address>
         <run_address>0x36bc</run_address>
         <size>0xee</size>
         <input_file_ref idref="fl-26"/>
      </object_component>
      <object_component id="oc-3a">
         <name>.text</name>
         <load_address>0x37aa</load_address>
         <run_address>0x37aa</run_address>
         <size>0xba</size>
         <input_file_ref idref="fl-b"/>
      </object_component>
      <object_component id="oc-95">
         <name>.text:MCBSP_start</name>
         <load_address>0x3864</load_address>
         <run_address>0x3864</run_address>
         <size>0x82</size>
         <input_file_ref idref="fl-29"/>
      </object_component>
      <object_component id="oc-82">
         <name>.text</name>
         <load_address>0x38e6</load_address>
         <run_address>0x38e6</run_address>
         <size>0x76</size>
         <input_file_ref idref="fl-1b"/>
      </object_component>
      <object_component id="oc-64">
         <name>.text</name>
         <load_address>0x395c</load_address>
         <run_address>0x395c</run_address>
         <size>0x73</size>
         <input_file_ref idref="fl-14"/>
      </object_component>
      <object_component id="oc-8b">
         <name>.text:I2C_config</name>
         <load_address>0x39d0</load_address>
         <run_address>0x39d0</run_address>
         <size>0x72</size>
         <input_file_ref idref="fl-1f"/>
      </object_component>
      <object_component id="oc-2b">
         <name>.text</name>
         <load_address>0x3a42</load_address>
         <run_address>0x3a42</run_address>
         <size>0x6f</size>
         <input_file_ref idref="fl-8"/>
      </object_component>
      <object_component id="oc-57">
         <name>.text</name>
         <load_address>0x3ab1</load_address>
         <run_address>0x3ab1</run_address>
         <size>0x6f</size>
         <input_file_ref idref="fl-11"/>
      </object_component>
      <object_component id="oc-30">
         <name>.text</name>
         <load_address>0x3b20</load_address>
         <run_address>0x3b20</run_address>
         <size>0x6d</size>
         <input_file_ref idref="fl-9"/>
      </object_component>
      <object_component id="oc-5f">
         <name>.text</name>
         <load_address>0x3b8d</load_address>
         <run_address>0x3b8d</run_address>
         <size>0x67</size>
         <input_file_ref idref="fl-13"/>
      </object_component>
      <object_component id="oc-7e">
         <name>.text</name>
         <load_address>0x3bf4</load_address>
         <run_address>0x3bf4</run_address>
         <size>0x4d</size>
         <input_file_ref idref="fl-1a"/>
      </object_component>
      <object_component id="oc-7a">
         <name>.text</name>
         <load_address>0x3c41</load_address>
         <run_address>0x3c41</run_address>
         <size>0x4b</size>
         <input_file_ref idref="fl-19"/>
      </object_component>
      <object_component id="oc-4c">
         <name>.text</name>
         <load_address>0x3c8c</load_address>
         <run_address>0x3c8c</run_address>
         <size>0x3e</size>
         <input_file_ref idref="fl-f"/>
      </object_component>
      <object_component id="oc-91">
         <name>.text:MCBSP_close</name>
         <load_address>0x3ccc</load_address>
         <run_address>0x3ccc</run_address>
         <size>0x36</size>
         <input_file_ref idref="fl-25"/>
      </object_component>
      <object_component id="oc-1b">
         <name>.text</name>
         <load_address>0x3d02</load_address>
         <run_address>0x3d02</run_address>
         <size>0x34</size>
         <input_file_ref idref="fl-d"/>
      </object_component>
      <object_component id="oc-53">
         <name>.text</name>
         <load_address>0x3d36</load_address>
         <run_address>0x3d36</run_address>
         <size>0x2a</size>
         <input_file_ref idref="fl-10"/>
      </object_component>
      <object_component id="oc-68">
         <name>.text</name>
         <load_address>0x3d60</load_address>
         <run_address>0x3d60</run_address>
         <size>0x13</size>
         <input_file_ref idref="fl-15"/>
      </object_component>
      <object_component id="oc-74">
         <name>.text</name>
         <load_address>0x3d73</load_address>
         <run_address>0x3d73</run_address>
         <size>0x12</size>
         <input_file_ref idref="fl-18"/>
      </object_component>
      <object_component id="oc-8e">
         <name>.text:IRQ_globalDisable</name>
         <load_address>0x3d88</load_address>
         <run_address>0x3d88</run_address>
         <size>0xf</size>
         <input_file_ref idref="fl-22"/>
      </object_component>
      <object_component id="oc-86">
         <name>.text:_CSL_init</name>
         <load_address>0x3d98</load_address>
         <run_address>0x3d98</run_address>
         <size>0xd</size>
         <input_file_ref idref="fl-1c"/>
      </object_component>
      <object_component id="oc-88">
         <name>.text:CSL_init</name>
         <load_address>0x3da8</load_address>
         <run_address>0x3da8</run_address>
         <size>0xc</size>
         <input_file_ref idref="fl-1d"/>
      </object_component>
      <object_component id="oc-8f">
         <name>.text:IRQ_globalRestore</name>
         <load_address>0x3db4</load_address>
         <run_address>0x3db4</run_address>
         <size>0xc</size>
         <input_file_ref idref="fl-23"/>
      </object_component>
      <object_component id="oc-5b">
         <name>.text</name>
         <load_address>0x3dc0</load_address>
         <run_address>0x3dc0</run_address>
         <size>0xc</size>
         <input_file_ref idref="fl-12"/>
      </object_component>
      <object_component id="oc-50">
         <name>.text:CIO_breakpoint</name>
         <load_address>0x3dcc</load_address>
         <run_address>0x3dcc</run_address>
         <size>0x7</size>
         <input_file_ref idref="fl-f"/>
      </object_component>
      <object_component id="oc-93">
         <name>.text:MCBSP_read16</name>
         <load_address>0x3dd4</load_address>
         <run_address>0x3dd4</run_address>
         <size>0x7</size>
         <input_file_ref idref="fl-27"/>
      </object_component>
      <object_component id="oc-96">
         <name>.text:MCBSP_write16</name>
         <load_address>0x3ddc</load_address>
         <run_address>0x3ddc</run_address>
         <size>0x7</size>
         <input_file_ref idref="fl-2a"/>
      </object_component>
      <object_component id="oc-87">
         <name>.text</name>
         <load_address>0x3de4</load_address>
         <run_address>0x3de4</run_address>
         <size>0x2</size>
         <input_file_ref idref="fl-1d"/>
      </object_component>
      <object_component id="oc-44">
         <name>.stack</name>
         <load_address>0x300</load_address>
         <run_address>0x300</run_address>
         <size>0x0</size>
         <input_file_ref idref="fl-d"/>
      </object_component>
      <object_component id="oc-be">
         <name>.stack</name>
         <load_address>0x300</load_address>
         <run_address>0x300</run_address>
         <size>0x0</size>
      </object_component>
      <object_component id="oc-99">
         <name>.sysstack</name>
         <load_address>0x3e00</load_address>
         <run_address>0x3e00</run_address>
         <size>0x0</size>
         <input_file_ref idref="fl-d"/>
      </object_component>
      <object_component id="oc-bf">
         <name>.sysstack</name>
         <load_address>0x3e00</load_address>
         <run_address>0x3e00</run_address>
         <size>0x0</size>
      </object_component>
      <object_component id="oc-98">
         <name>.csldata:MCBSP_data</name>
         <load_address>0x4f60</load_address>
         <run_address>0x4f60</run_address>
         <size>0xcc</size>
         <input_file_ref idref="fl-2b"/>
      </object_component>
      <object_component id="oc-8a">
         <name>.csldata:SYS_data</name>
         <load_address>0x502c</load_address>
         <run_address>0x502c</run_address>
         <size>0x44</size>
         <input_file_ref idref="fl-1e"/>
      </object_component>
      <object_component id="oc-75">
         <name>.bss</name>
         <load_address>0x5100</load_address>
         <run_address>0x5100</run_address>
         <size>0x8</size>
         <input_file_ref idref="fl-18"/>
      </object_component>
      <object_component id="oc-4d">
         <name>.bss</name>
         <load_address>0x5108</load_address>
         <run_address>0x5108</run_address>
         <size>0x8</size>
         <input_file_ref idref="fl-f"/>
      </object_component>
      <object_component id="oc-3b">
         <name>.bss</name>
         <load_address>0x5110</load_address>
         <run_address>0x5110</run_address>
         <size>0x4</size>
         <input_file_ref idref="fl-b"/>
      </object_component>
      <object_component id="oc-9b">
         <name>.const:_$P$T0$1</name>
         <load_address>0x5080</load_address>
         <run_address>0x5080</run_address>
         <size>0x36</size>
         <input_file_ref idref="fl-b"/>
      </object_component>
      <object_component id="oc-9a">
         <name>.const:_$P$T0$1</name>
         <load_address>0x50b6</load_address>
         <run_address>0x50b6</run_address>
         <size>0x14</size>
         <input_file_ref idref="fl-9"/>
      </object_component>
      <object_component id="oc-27">
         <name>.const</name>
         <load_address>0x50cc</load_address>
         <run_address>0x50cc</run_address>
         <size>0x14</size>
         <input_file_ref idref="fl-2"/>
      </object_component>
      <object_component id="oc-9c">
         <name>.const:_initial_approx$1</name>
         <load_address>0x50e0</load_address>
         <run_address>0x50e0</run_address>
         <size>0x10</size>
         <input_file_ref idref="fl-e"/>
      </object_component>
      <object_component id="oc-61">
         <name>.const</name>
         <load_address>0x50f0</load_address>
         <run_address>0x50f0</run_address>
         <size>0x4</size>
         <input_file_ref idref="fl-13"/>
      </object_component>
      <object_component id="oc-97">
         <name>.cinit</name>
         <load_address>0x4e00</load_address>
         <run_address>0x4e00</run_address>
         <size>0xd2</size>
         <input_file_ref idref="fl-2b"/>
      </object_component>
      <object_component id="oc-89">
         <name>.cinit</name>
         <load_address>0x4ed2</load_address>
         <run_address>0x4ed2</run_address>
         <size>0x4a</size>
         <input_file_ref idref="fl-1e"/>
      </object_component>
      <object_component id="oc-77">
         <name>.cinit</name>
         <load_address>0x4f1c</load_address>
         <run_address>0x4f1c</run_address>
         <size>0x14</size>
         <input_file_ref idref="fl-18"/>
      </object_component>
      <object_component id="oc-4f">
         <name>.cinit</name>
         <load_address>0x4f30</load_address>
         <run_address>0x4f30</run_address>
         <size>0x14</size>
         <input_file_ref idref="fl-f"/>
      </object_component>
      <object_component id="oc-1f">
         <name>.table0</name>
         <load_address>0x10000</load_address>
         <run_address>0x10000</run_address>
         <size>0xfa00</size>
         <input_file_ref idref="fl-2"/>
      </object_component>
      <object_component id="oc-20">
         <name>.signal0</name>
         <load_address>0x30000</load_address>
         <run_address>0x30000</run_address>
         <size>0xfa00</size>
         <input_file_ref idref="fl-2"/>
      </object_component>
      <object_component id="oc-21">
         <name>.signal1</name>
         <load_address>0x50000</load_address>
         <run_address>0x50000</run_address>
         <size>0xfa00</size>
         <input_file_ref idref="fl-2"/>
      </object_component>
      <object_component id="oc-22">
         <name>.signal2</name>
         <load_address>0x70000</load_address>
         <run_address>0x70000</run_address>
         <size>0xfa00</size>
         <input_file_ref idref="fl-2"/>
      </object_component>
      <object_component id="oc-23">
         <name>.signal3</name>
         <load_address>0x90000</load_address>
         <run_address>0x90000</run_address>
         <size>0xfa00</size>
         <input_file_ref idref="fl-2"/>
      </object_component>
      <object_component id="oc-24">
         <name>.signal4</name>
         <load_address>0xb0000</load_address>
         <run_address>0xb0000</run_address>
         <size>0xfa00</size>
         <input_file_ref idref="fl-2"/>
      </object_component>
      <object_component id="oc-25">
         <name>.signal5</name>
         <load_address>0xd0000</load_address>
         <run_address>0xd0000</run_address>
         <size>0xfa00</size>
         <input_file_ref idref="fl-2"/>
      </object_component>
      <object_component id="oc-26">
         <name>.signal6</name>
         <load_address>0xf0000</load_address>
         <run_address>0xf0000</run_address>
         <size>0xfa00</size>
         <input_file_ref idref="fl-2"/>
      </object_component>
      <object_component id="oc-1c">
         <name>vectors</name>
         <load_address>0xfe00</load_address>
         <run_address>0xfe00</run_address>
         <size>0x100</size>
         <input_file_ref idref="fl-17"/>
      </object_component>
      <object_component id="oc-1e">
         <name>.debug_info</name>
         <load_address>0x0</load_address>
         <run_address>0x0</run_address>
         <size>0x1408</size>
         <input_file_ref idref="fl-2"/>
      </object_component>
      <object_component id="oc-2c">
         <name>.debug_info</name>
         <load_address>0x1408</load_address>
         <run_address>0x1408</run_address>
         <size>0x84c</size>
         <input_file_ref idref="fl-8"/>
      </object_component>
      <object_component id="oc-31">
         <name>.debug_info</name>
         <load_address>0x1c54</load_address>
         <run_address>0x1c54</run_address>
         <size>0x9fb</size>
         <input_file_ref idref="fl-9"/>
      </object_component>
      <object_component id="oc-36">
         <name>.debug_info</name>
         <load_address>0x264f</load_address>
         <run_address>0x264f</run_address>
         <size>0xb8d</size>
         <input_file_ref idref="fl-a"/>
      </object_component>
      <object_component id="oc-3c">
         <name>.debug_info</name>
         <load_address>0x31dc</load_address>
         <run_address>0x31dc</run_address>
         <size>0x1094</size>
         <input_file_ref idref="fl-b"/>
      </object_component>
      <object_component id="oc-41">
         <name>.debug_info</name>
         <load_address>0x4270</load_address>
         <run_address>0x4270</run_address>
         <size>0x5ab</size>
         <input_file_ref idref="fl-c"/>
      </object_component>
      <object_component id="oc-45">
         <name>.debug_info</name>
         <load_address>0x481b</load_address>
         <run_address>0x481b</run_address>
         <size>0xe8</size>
         <input_file_ref idref="fl-d"/>
      </object_component>
      <object_component id="oc-49">
         <name>.debug_info</name>
         <load_address>0x4903</load_address>
         <run_address>0x4903</run_address>
         <size>0x7e8</size>
         <input_file_ref idref="fl-e"/>
      </object_component>
      <object_component id="oc-4e">
         <name>.debug_info</name>
         <load_address>0x50eb</load_address>
         <run_address>0x50eb</run_address>
         <size>0x5fb</size>
         <input_file_ref idref="fl-f"/>
      </object_component>
      <object_component id="oc-54">
         <name>.debug_info</name>
         <load_address>0x56e6</load_address>
         <run_address>0x56e6</run_address>
         <size>0x4cf</size>
         <input_file_ref idref="fl-10"/>
      </object_component>
      <object_component id="oc-58">
         <name>.debug_info</name>
         <load_address>0x5bb5</load_address>
         <run_address>0x5bb5</run_address>
         <size>0x534</size>
         <input_file_ref idref="fl-11"/>
      </object_component>
      <object_component id="oc-5c">
         <name>.debug_info</name>
         <load_address>0x60e9</load_address>
         <run_address>0x60e9</run_address>
         <size>0x4cf</size>
         <input_file_ref idref="fl-12"/>
      </object_component>
      <object_component id="oc-60">
         <name>.debug_info</name>
         <load_address>0x65b8</load_address>
         <run_address>0x65b8</run_address>
         <size>0x549</size>
         <input_file_ref idref="fl-13"/>
      </object_component>
      <object_component id="oc-65">
         <name>.debug_info</name>
         <load_address>0x6b01</load_address>
         <run_address>0x6b01</run_address>
         <size>0x53e</size>
         <input_file_ref idref="fl-14"/>
      </object_component>
      <object_component id="oc-69">
         <name>.debug_info</name>
         <load_address>0x703f</load_address>
         <run_address>0x703f</run_address>
         <size>0xbd</size>
         <input_file_ref idref="fl-15"/>
      </object_component>
      <object_component id="oc-6d">
         <name>.debug_info</name>
         <load_address>0x70fc</load_address>
         <run_address>0x70fc</run_address>
         <size>0x55b</size>
         <input_file_ref idref="fl-16"/>
      </object_component>
      <object_component id="oc-71">
         <name>.debug_info</name>
         <load_address>0x7657</load_address>
         <run_address>0x7657</run_address>
         <size>0xbc</size>
         <input_file_ref idref="fl-17"/>
      </object_component>
      <object_component id="oc-76">
         <name>.debug_info</name>
         <load_address>0x7713</load_address>
         <run_address>0x7713</run_address>
         <size>0x5bc</size>
         <input_file_ref idref="fl-18"/>
      </object_component>
      <object_component id="oc-7b">
         <name>.debug_info</name>
         <load_address>0x7ccf</load_address>
         <run_address>0x7ccf</run_address>
         <size>0x586</size>
         <input_file_ref idref="fl-19"/>
      </object_component>
      <object_component id="oc-7f">
         <name>.debug_info</name>
         <load_address>0x8255</load_address>
         <run_address>0x8255</run_address>
         <size>0xcd</size>
         <input_file_ref idref="fl-1a"/>
      </object_component>
      <object_component id="oc-83">
         <name>.debug_info</name>
         <load_address>0x8322</load_address>
         <run_address>0x8322</run_address>
         <size>0x4d2</size>
         <input_file_ref idref="fl-1b"/>
      </object_component>
      <object_component id="oc-c1">
         <name>.debug_info</name>
         <load_address>0x87f4</load_address>
         <run_address>0x87f4</run_address>
         <size>0x70</size>
      </object_component>
      <object_component id="oc-28">
         <name>.debug_frame</name>
         <load_address>0x0</load_address>
         <run_address>0x0</run_address>
         <size>0x160</size>
         <input_file_ref idref="fl-2"/>
      </object_component>
      <object_component id="oc-2d">
         <name>.debug_frame</name>
         <load_address>0x160</load_address>
         <run_address>0x160</run_address>
         <size>0x138</size>
         <input_file_ref idref="fl-8"/>
      </object_component>
      <object_component id="oc-32">
         <name>.debug_frame</name>
         <load_address>0x298</load_address>
         <run_address>0x298</run_address>
         <size>0x132</size>
         <input_file_ref idref="fl-9"/>
      </object_component>
      <object_component id="oc-37">
         <name>.debug_frame</name>
         <load_address>0x3ca</load_address>
         <run_address>0x3ca</run_address>
         <size>0x157</size>
         <input_file_ref idref="fl-a"/>
      </object_component>
      <object_component id="oc-3d">
         <name>.debug_frame</name>
         <load_address>0x521</load_address>
         <run_address>0x521</run_address>
         <size>0x138</size>
         <input_file_ref idref="fl-b"/>
      </object_component>
      <object_component id="oc-29">
         <name>.debug_line</name>
         <load_address>0x0</load_address>
         <run_address>0x0</run_address>
         <size>0x1cd</size>
         <input_file_ref idref="fl-2"/>
      </object_component>
      <object_component id="oc-2e">
         <name>.debug_line</name>
         <load_address>0x1cd</load_address>
         <run_address>0x1cd</run_address>
         <size>0xea</size>
         <input_file_ref idref="fl-8"/>
      </object_component>
      <object_component id="oc-33">
         <name>.debug_line</name>
         <load_address>0x2b7</load_address>
         <run_address>0x2b7</run_address>
         <size>0xa4</size>
         <input_file_ref idref="fl-9"/>
      </object_component>
      <object_component id="oc-38">
         <name>.debug_line</name>
         <load_address>0x35b</load_address>
         <run_address>0x35b</run_address>
         <size>0xeb</size>
         <input_file_ref idref="fl-a"/>
      </object_component>
      <object_component id="oc-3e">
         <name>.debug_line</name>
         <load_address>0x446</load_address>
         <run_address>0x446</run_address>
         <size>0xc9</size>
         <input_file_ref idref="fl-b"/>
      </object_component>
      <object_component id="oc-42">
         <name>.debug_line</name>
         <load_address>0x50f</load_address>
         <run_address>0x50f</run_address>
         <size>0x5c</size>
         <input_file_ref idref="fl-c"/>
      </object_component>
      <object_component id="oc-46">
         <name>.debug_line</name>
         <load_address>0x56b</load_address>
         <run_address>0x56b</run_address>
         <size>0x54</size>
         <input_file_ref idref="fl-d"/>
      </object_component>
      <object_component id="oc-4a">
         <name>.debug_line</name>
         <load_address>0x5bf</load_address>
         <run_address>0x5bf</run_address>
         <size>0x5b</size>
         <input_file_ref idref="fl-e"/>
      </object_component>
      <object_component id="oc-51">
         <name>.debug_line</name>
         <load_address>0x61a</load_address>
         <run_address>0x61a</run_address>
         <size>0x51</size>
         <input_file_ref idref="fl-f"/>
      </object_component>
      <object_component id="oc-55">
         <name>.debug_line</name>
         <load_address>0x66b</load_address>
         <run_address>0x66b</run_address>
         <size>0x3d</size>
         <input_file_ref idref="fl-10"/>
      </object_component>
      <object_component id="oc-59">
         <name>.debug_line</name>
         <load_address>0x6a8</load_address>
         <run_address>0x6a8</run_address>
         <size>0x3d</size>
         <input_file_ref idref="fl-11"/>
      </object_component>
      <object_component id="oc-5d">
         <name>.debug_line</name>
         <load_address>0x6e5</load_address>
         <run_address>0x6e5</run_address>
         <size>0x3d</size>
         <input_file_ref idref="fl-12"/>
      </object_component>
      <object_component id="oc-62">
         <name>.debug_line</name>
         <load_address>0x722</load_address>
         <run_address>0x722</run_address>
         <size>0x44</size>
         <input_file_ref idref="fl-13"/>
      </object_component>
      <object_component id="oc-66">
         <name>.debug_line</name>
         <load_address>0x766</load_address>
         <run_address>0x766</run_address>
         <size>0x40</size>
         <input_file_ref idref="fl-14"/>
      </object_component>
      <object_component id="oc-6a">
         <name>.debug_line</name>
         <load_address>0x7a6</load_address>
         <run_address>0x7a6</run_address>
         <size>0x3c</size>
         <input_file_ref idref="fl-15"/>
      </object_component>
      <object_component id="oc-6e">
         <name>.debug_line</name>
         <load_address>0x7e2</load_address>
         <run_address>0x7e2</run_address>
         <size>0x3c</size>
         <input_file_ref idref="fl-16"/>
      </object_component>
      <object_component id="oc-72">
         <name>.debug_line</name>
         <load_address>0x81e</load_address>
         <run_address>0x81e</run_address>
         <size>0x37</size>
         <input_file_ref idref="fl-17"/>
      </object_component>
      <object_component id="oc-78">
         <name>.debug_line</name>
         <load_address>0x855</load_address>
         <run_address>0x855</run_address>
         <size>0x57</size>
         <input_file_ref idref="fl-18"/>
      </object_component>
      <object_component id="oc-7c">
         <name>.debug_line</name>
         <load_address>0x8ac</load_address>
         <run_address>0x8ac</run_address>
         <size>0x41</size>
         <input_file_ref idref="fl-19"/>
      </object_component>
      <object_component id="oc-80">
         <name>.debug_line</name>
         <load_address>0x8ed</load_address>
         <run_address>0x8ed</run_address>
         <size>0x55</size>
         <input_file_ref idref="fl-1a"/>
      </object_component>
      <object_component id="oc-84">
         <name>.debug_line</name>
         <load_address>0x942</load_address>
         <run_address>0x942</run_address>
         <size>0x3a</size>
         <input_file_ref idref="fl-1b"/>
      </object_component>
      <object_component id="oc-2a">
         <name>.debug_abbrev</name>
         <load_address>0x0</load_address>
         <run_address>0x0</run_address>
         <size>0x164</size>
         <input_file_ref idref="fl-2"/>
      </object_component>
      <object_component id="oc-2f">
         <name>.debug_abbrev</name>
         <load_address>0x164</load_address>
         <run_address>0x164</run_address>
         <size>0x158</size>
         <input_file_ref idref="fl-8"/>
      </object_component>
      <object_component id="oc-34">
         <name>.debug_abbrev</name>
         <load_address>0x2bc</load_address>
         <run_address>0x2bc</run_address>
         <size>0x112</size>
         <input_file_ref idref="fl-9"/>
      </object_component>
      <object_component id="oc-39">
         <name>.debug_abbrev</name>
         <load_address>0x3ce</load_address>
         <run_address>0x3ce</run_address>
         <size>0xe0</size>
         <input_file_ref idref="fl-a"/>
      </object_component>
      <object_component id="oc-3f">
         <name>.debug_abbrev</name>
         <load_address>0x4ae</load_address>
         <run_address>0x4ae</run_address>
         <size>0x147</size>
         <input_file_ref idref="fl-b"/>
      </object_component>
      <object_component id="oc-43">
         <name>.debug_abbrev</name>
         <load_address>0x5f5</load_address>
         <run_address>0x5f5</run_address>
         <size>0xd4</size>
         <input_file_ref idref="fl-c"/>
      </object_component>
      <object_component id="oc-47">
         <name>.debug_abbrev</name>
         <load_address>0x6c9</load_address>
         <run_address>0x6c9</run_address>
         <size>0x3a</size>
         <input_file_ref idref="fl-d"/>
      </object_component>
      <object_component id="oc-4b">
         <name>.debug_abbrev</name>
         <load_address>0x703</load_address>
         <run_address>0x703</run_address>
         <size>0x112</size>
         <input_file_ref idref="fl-e"/>
      </object_component>
      <object_component id="oc-52">
         <name>.debug_abbrev</name>
         <load_address>0x815</load_address>
         <run_address>0x815</run_address>
         <size>0xf7</size>
         <input_file_ref idref="fl-f"/>
      </object_component>
      <object_component id="oc-56">
         <name>.debug_abbrev</name>
         <load_address>0x90c</load_address>
         <run_address>0x90c</run_address>
         <size>0x8f</size>
         <input_file_ref idref="fl-10"/>
      </object_component>
      <object_component id="oc-5a">
         <name>.debug_abbrev</name>
         <load_address>0x99b</load_address>
         <run_address>0x99b</run_address>
         <size>0xb7</size>
         <input_file_ref idref="fl-11"/>
      </object_component>
      <object_component id="oc-5e">
         <name>.debug_abbrev</name>
         <load_address>0xa52</load_address>
         <run_address>0xa52</run_address>
         <size>0x8f</size>
         <input_file_ref idref="fl-12"/>
      </object_component>
      <object_component id="oc-63">
         <name>.debug_abbrev</name>
         <load_address>0xae1</load_address>
         <run_address>0xae1</run_address>
         <size>0xc2</size>
         <input_file_ref idref="fl-13"/>
      </object_component>
      <object_component id="oc-67">
         <name>.debug_abbrev</name>
         <load_address>0xba3</load_address>
         <run_address>0xba3</run_address>
         <size>0x9a</size>
         <input_file_ref idref="fl-14"/>
      </object_component>
      <object_component id="oc-6b">
         <name>.debug_abbrev</name>
         <load_address>0xc3d</load_address>
         <run_address>0xc3d</run_address>
         <size>0x38</size>
         <input_file_ref idref="fl-15"/>
      </object_component>
      <object_component id="oc-6f">
         <name>.debug_abbrev</name>
         <load_address>0xc75</load_address>
         <run_address>0xc75</run_address>
         <size>0xdc</size>
         <input_file_ref idref="fl-16"/>
      </object_component>
      <object_component id="oc-73">
         <name>.debug_abbrev</name>
         <load_address>0xd51</load_address>
         <run_address>0xd51</run_address>
         <size>0x26</size>
         <input_file_ref idref="fl-17"/>
      </object_component>
      <object_component id="oc-79">
         <name>.debug_abbrev</name>
         <load_address>0xd77</load_address>
         <run_address>0xd77</run_address>
         <size>0x9f</size>
         <input_file_ref idref="fl-18"/>
      </object_component>
      <object_component id="oc-7d">
         <name>.debug_abbrev</name>
         <load_address>0xe16</load_address>
         <run_address>0xe16</run_address>
         <size>0xec</size>
         <input_file_ref idref="fl-19"/>
      </object_component>
      <object_component id="oc-81">
         <name>.debug_abbrev</name>
         <load_address>0xf02</load_address>
         <run_address>0xf02</run_address>
         <size>0x44</size>
         <input_file_ref idref="fl-1a"/>
      </object_component>
      <object_component id="oc-85">
         <name>.debug_abbrev</name>
         <load_address>0xf46</load_address>
         <run_address>0xf46</run_address>
         <size>0x81</size>
         <input_file_ref idref="fl-1b"/>
      </object_component>
      <object_component id="oc-c2">
         <name>.debug_abbrev</name>
         <load_address>0xfc7</load_address>
         <run_address>0xfc7</run_address>
         <size>0xd</size>
      </object_component>
   </object_component_list>
   <logical_group_list>
      <logical_group id="lg-2">
         <name>.text</name>
         <load_address>0x2300</load_address>
         <run_address>0x2300</run_address>
         <size>0x1ae8</size>
         <contents>
            <object_component_ref idref="oc-1d"/>
            <object_component_ref idref="oc-48"/>
            <object_component_ref idref="oc-70"/>
            <object_component_ref idref="oc-94"/>
            <object_component_ref idref="oc-40"/>
            <object_component_ref idref="oc-8d"/>
            <object_component_ref idref="oc-8c"/>
            <object_component_ref idref="oc-35"/>
            <object_component_ref idref="oc-6c"/>
            <object_component_ref idref="oc-90"/>
            <object_component_ref idref="oc-92"/>
            <object_component_ref idref="oc-3a"/>
            <object_component_ref idref="oc-95"/>
            <object_component_ref idref="oc-82"/>
            <object_component_ref idref="oc-64"/>
            <object_component_ref idref="oc-8b"/>
            <object_component_ref idref="oc-2b"/>
            <object_component_ref idref="oc-57"/>
            <object_component_ref idref="oc-30"/>
            <object_component_ref idref="oc-5f"/>
            <object_component_ref idref="oc-7e"/>
            <object_component_ref idref="oc-7a"/>
            <object_component_ref idref="oc-4c"/>
            <object_component_ref idref="oc-91"/>
            <object_component_ref idref="oc-1b"/>
            <object_component_ref idref="oc-53"/>
            <object_component_ref idref="oc-68"/>
            <object_component_ref idref="oc-74"/>
            <object_component_ref idref="oc-8e"/>
            <object_component_ref idref="oc-86"/>
            <object_component_ref idref="oc-88"/>
            <object_component_ref idref="oc-8f"/>
            <object_component_ref idref="oc-5b"/>
            <object_component_ref idref="oc-50"/>
            <object_component_ref idref="oc-93"/>
            <object_component_ref idref="oc-96"/>
            <object_component_ref idref="oc-87"/>
         </contents>
      </logical_group>
      <logical_group id="lg-4">
         <name>.stack</name>
         <load_address>0x300</load_address>
         <run_address>0x300</run_address>
         <size>0x2000</size>
         <contents>
            <object_component_ref idref="oc-44"/>
            <object_component_ref idref="oc-be"/>
         </contents>
      </logical_group>
      <logical_group id="lg-5">
         <name>.sysstack</name>
         <load_address>0x3e00</load_address>
         <run_address>0x3e00</run_address>
         <size>0x1000</size>
         <contents>
            <object_component_ref idref="oc-99"/>
            <object_component_ref idref="oc-bf"/>
         </contents>
      </logical_group>
      <logical_group id="lg-6">
         <name>.csldata</name>
         <load_address>0x4f60</load_address>
         <run_address>0x4f60</run_address>
         <size>0x110</size>
         <contents>
            <object_component_ref idref="oc-98"/>
            <object_component_ref idref="oc-8a"/>
         </contents>
      </logical_group>
      <logical_group id="lg-7">
         <name>.data</name>
         <load_address>0x300</load_address>
         <run_address>0x300</run_address>
         <size>0x0</size>
         <contents>
         </contents>
      </logical_group>
      <logical_group id="lg-8">
         <name>.bss</name>
         <load_address>0x5100</load_address>
         <run_address>0x5100</run_address>
         <size>0x14</size>
         <contents>
            <object_component_ref idref="oc-75"/>
            <object_component_ref idref="oc-4d"/>
            <object_component_ref idref="oc-3b"/>
         </contents>
      </logical_group>
      <logical_group id="lg-9">
         <name>.const</name>
         <load_address>0x5080</load_address>
         <run_address>0x5080</run_address>
         <size>0x74</size>
         <contents>
            <object_component_ref idref="oc-9b"/>
            <object_component_ref idref="oc-9a"/>
            <object_component_ref idref="oc-27"/>
            <object_component_ref idref="oc-9c"/>
            <object_component_ref idref="oc-61"/>
         </contents>
      </logical_group>
      <logical_group id="lg-a">
         <name>.sysmem</name>
         <run_address>0x0</run_address>
         <size>0x0</size>
         <contents>
         </contents>
      </logical_group>
      <logical_group id="lg-b">
         <name>.switch</name>
         <run_address>0x0</run_address>
         <size>0x0</size>
         <contents>
         </contents>
      </logical_group>
      <logical_group id="lg-c">
         <name>.cinit</name>
         <load_address>0x4e00</load_address>
         <run_address>0x4e00</run_address>
         <size>0x146</size>
         <contents>
            <object_component_ref idref="oc-97"/>
            <object_component_ref idref="oc-89"/>
            <object_component_ref idref="oc-77"/>
            <object_component_ref idref="oc-4f"/>
         </contents>
      </logical_group>
      <logical_group id="lg-d">
         <name>.pinit</name>
         <load_address>0x300</load_address>
         <run_address>0x300</run_address>
         <size>0x0</size>
         <contents>
         </contents>
      </logical_group>
      <logical_group id="lg-e">
         <name>.cio</name>
         <load_address>0x300</load_address>
         <run_address>0x300</run_address>
         <size>0x0</size>
         <contents>
         </contents>
      </logical_group>
      <logical_group id="lg-f">
         <name>.args</name>
         <load_address>0x300</load_address>
         <run_address>0x300</run_address>
         <size>0x0</size>
         <contents>
         </contents>
      </logical_group>
      <logical_group id="lg-10">
         <name>.table0</name>
         <load_address>0x10000</load_address>
         <run_address>0x10000</run_address>
         <size>0xfa00</size>
         <contents>
            <object_component_ref idref="oc-1f"/>
         </contents>
      </logical_group>
      <logical_group id="lg-11">
         <name>.signal0</name>
         <load_address>0x30000</load_address>
         <run_address>0x30000</run_address>
         <size>0xfa00</size>
         <contents>
            <object_component_ref idref="oc-20"/>
         </contents>
      </logical_group>
      <logical_group id="lg-12">
         <name>.signal1</name>
         <load_address>0x50000</load_address>
         <run_address>0x50000</run_address>
         <size>0xfa00</size>
         <contents>
            <object_component_ref idref="oc-21"/>
         </contents>
      </logical_group>
      <logical_group id="lg-13">
         <name>.signal2</name>
         <load_address>0x70000</load_address>
         <run_address>0x70000</run_address>
         <size>0xfa00</size>
         <contents>
            <object_component_ref idref="oc-22"/>
         </contents>
      </logical_group>
      <logical_group id="lg-14">
         <name>.signal3</name>
         <load_address>0x90000</load_address>
         <run_address>0x90000</run_address>
         <size>0xfa00</size>
         <contents>
            <object_component_ref idref="oc-23"/>
         </contents>
      </logical_group>
      <logical_group id="lg-15">
         <name>.signal4</name>
         <load_address>0xb0000</load_address>
         <run_address>0xb0000</run_address>
         <size>0xfa00</size>
         <contents>
            <object_component_ref idref="oc-24"/>
         </contents>
      </logical_group>
      <logical_group id="lg-16">
         <name>.signal5</name>
         <load_address>0xd0000</load_address>
         <run_address>0xd0000</run_address>
         <size>0xfa00</size>
         <contents>
            <object_component_ref idref="oc-25"/>
         </contents>
      </logical_group>
      <logical_group id="lg-17">
         <name>.signal6</name>
         <load_address>0xf0000</load_address>
         <run_address>0xf0000</run_address>
         <size>0xfa00</size>
         <contents>
            <object_component_ref idref="oc-26"/>
         </contents>
      </logical_group>
      <logical_group id="lg-18">
         <name>.signal7</name>
         <load_address>0x110000</load_address>
         <run_address>0x110000</run_address>
         <size>0x0</size>
         <contents>
         </contents>
      </logical_group>
      <logical_group id="lg-19">
         <name>vectors</name>
         <load_address>0xfe00</load_address>
         <run_address>0xfe00</run_address>
         <size>0x100</size>
         <contents>
            <object_component_ref idref="oc-1c"/>
         </contents>
      </logical_group>
      <logical_group id="lg-1a">
         <name>.ioport</name>
         <run_address>0x0</run_address>
         <size>0x0</size>
         <contents>
         </contents>
      </logical_group>
      <logical_group id="lg-b5">
         <name>.debug_info</name>
         <load_address>0x0</load_address>
         <run_address>0x0</run_address>
         <size>0x8864</size>
         <contents>
            <object_component_ref idref="oc-1e"/>
            <object_component_ref idref="oc-2c"/>
            <object_component_ref idref="oc-31"/>
            <object_component_ref idref="oc-36"/>
            <object_component_ref idref="oc-3c"/>
            <object_component_ref idref="oc-41"/>
            <object_component_ref idref="oc-45"/>
            <object_component_ref idref="oc-49"/>
            <object_component_ref idref="oc-4e"/>
            <object_component_ref idref="oc-54"/>
            <object_component_ref idref="oc-58"/>
            <object_component_ref idref="oc-5c"/>
            <object_component_ref idref="oc-60"/>
            <object_component_ref idref="oc-65"/>
            <object_component_ref idref="oc-69"/>
            <object_component_ref idref="oc-6d"/>
            <object_component_ref idref="oc-71"/>
            <object_component_ref idref="oc-76"/>
            <object_component_ref idref="oc-7b"/>
            <object_component_ref idref="oc-7f"/>
            <object_component_ref idref="oc-83"/>
            <object_component_ref idref="oc-c1"/>
         </contents>
      </logical_group>
      <logical_group id="lg-b7">
         <name>.debug_frame</name>
         <load_address>0x0</load_address>
         <run_address>0x0</run_address>
         <size>0x659</size>
         <contents>
            <object_component_ref idref="oc-28"/>
            <object_component_ref idref="oc-2d"/>
            <object_component_ref idref="oc-32"/>
            <object_component_ref idref="oc-37"/>
            <object_component_ref idref="oc-3d"/>
         </contents>
      </logical_group>
      <logical_group id="lg-b9">
         <name>.debug_line</name>
         <load_address>0x0</load_address>
         <run_address>0x0</run_address>
         <size>0x97c</size>
         <contents>
            <object_component_ref idref="oc-29"/>
            <object_component_ref idref="oc-2e"/>
            <object_component_ref idref="oc-33"/>
            <object_component_ref idref="oc-38"/>
            <object_component_ref idref="oc-3e"/>
            <object_component_ref idref="oc-42"/>
            <object_component_ref idref="oc-46"/>
            <object_component_ref idref="oc-4a"/>
            <object_component_ref idref="oc-51"/>
            <object_component_ref idref="oc-55"/>
            <object_component_ref idref="oc-59"/>
            <object_component_ref idref="oc-5d"/>
            <object_component_ref idref="oc-62"/>
            <object_component_ref idref="oc-66"/>
            <object_component_ref idref="oc-6a"/>
            <object_component_ref idref="oc-6e"/>
            <object_component_ref idref="oc-72"/>
            <object_component_ref idref="oc-78"/>
            <object_component_ref idref="oc-7c"/>
            <object_component_ref idref="oc-80"/>
            <object_component_ref idref="oc-84"/>
         </contents>
      </logical_group>
      <logical_group id="lg-bb">
         <name>.debug_abbrev</name>
         <load_address>0x0</load_address>
         <run_address>0x0</run_address>
         <size>0xfd4</size>
         <contents>
            <object_component_ref idref="oc-2a"/>
            <object_component_ref idref="oc-2f"/>
            <object_component_ref idref="oc-34"/>
            <object_component_ref idref="oc-39"/>
            <object_component_ref idref="oc-3f"/>
            <object_component_ref idref="oc-43"/>
            <object_component_ref idref="oc-47"/>
            <object_component_ref idref="oc-4b"/>
            <object_component_ref idref="oc-52"/>
            <object_component_ref idref="oc-56"/>
            <object_component_ref idref="oc-5a"/>
            <object_component_ref idref="oc-5e"/>
            <object_component_ref idref="oc-63"/>
            <object_component_ref idref="oc-67"/>
            <object_component_ref idref="oc-6b"/>
            <object_component_ref idref="oc-6f"/>
            <object_component_ref idref="oc-73"/>
            <object_component_ref idref="oc-79"/>
            <object_component_ref idref="oc-7d"/>
            <object_component_ref idref="oc-81"/>
            <object_component_ref idref="oc-85"/>
            <object_component_ref idref="oc-c2"/>
         </contents>
      </logical_group>
   </logical_group_list>
   <placement_map>
      <memory_area>
         <name>MMR</name>
         <page_id>0x0</page_id>
         <origin>0x0</origin>
         <length>0xc0</length>
         <used_space>0x0</used_space>
         <unused_space>0xc0</unused_space>
         <attributes>RWIX</attributes>
         <usage_details>
         </usage_details>
      </memory_area>
      <memory_area>
         <name>BTRSVD</name>
         <page_id>0x0</page_id>
         <origin>0xc0</origin>
         <length>0x240</length>
         <used_space>0x0</used_space>
         <unused_space>0x240</unused_space>
         <attributes>RWIX</attributes>
         <usage_details>
         </usage_details>
      </memory_area>
      <memory_area>
         <name>DARAM</name>
         <page_id>0x0</page_id>
         <origin>0x300</origin>
         <length>0xfb00</length>
         <used_space>0x4dc6</used_space>
         <unused_space>0xad3a</unused_space>
         <attributes>RWIX</attributes>
         <usage_details>
            <allocated_space>
               <start_address>0x300</start_address>
               <size>0x0</size>
               <logical_group_ref idref="lg-7"/>
            </allocated_space>
            <allocated_space>
               <start_address>0x300</start_address>
               <size>0x2000</size>
               <logical_group_ref idref="lg-4"/>
            </allocated_space>
            <allocated_space>
               <start_address>0x2300</start_address>
               <size>0x1ae8</size>
               <logical_group_ref idref="lg-2"/>
            </allocated_space>
            <available_space>
               <start_address>0x3de8</start_address>
               <size>0x18</size>
            </available_space>
            <allocated_space>
               <start_address>0x3e00</start_address>
               <size>0x1000</size>
               <logical_group_ref idref="lg-5"/>
            </allocated_space>
            <allocated_space>
               <start_address>0x4e00</start_address>
               <size>0x146</size>
               <logical_group_ref idref="lg-c"/>
            </allocated_space>
            <available_space>
               <start_address>0x4f46</start_address>
               <size>0x1a</size>
            </available_space>
            <allocated_space>
               <start_address>0x4f60</start_address>
               <size>0x110</size>
               <logical_group_ref idref="lg-6"/>
            </allocated_space>
            <available_space>
               <start_address>0x5070</start_address>
               <size>0x10</size>
            </available_space>
            <allocated_space>
               <start_address>0x5080</start_address>
               <size>0x74</size>
               <logical_group_ref idref="lg-9"/>
            </allocated_space>
            <available_space>
               <start_address>0x50f4</start_address>
               <size>0xc</size>
            </available_space>
            <allocated_space>
               <start_address>0x5100</start_address>
               <size>0x14</size>
               <logical_group_ref idref="lg-8"/>
            </allocated_space>
            <available_space>
               <start_address>0x5114</start_address>
               <size>0xacec</size>
            </available_space>
         </usage_details>
      </memory_area>
      <memory_area>
         <name>VECS</name>
         <page_id>0x0</page_id>
         <origin>0xfe00</origin>
         <length>0x200</length>
         <used_space>0x100</used_space>
         <unused_space>0x100</unused_space>
         <attributes>RWIX</attributes>
         <usage_details>
            <allocated_space>
               <start_address>0xfe00</start_address>
               <size>0x100</size>
               <logical_group_ref idref="lg-19"/>
            </allocated_space>
            <available_space>
               <start_address>0xff00</start_address>
               <size>0x100</size>
            </available_space>
         </usage_details>
      </memory_area>
      <memory_area>
         <name>TABLE0</name>
         <page_id>0x0</page_id>
         <origin>0x10000</origin>
         <length>0x20000</length>
         <used_space>0xfa00</used_space>
         <unused_space>0x10600</unused_space>
         <attributes>RWIX</attributes>
         <usage_details>
            <allocated_space>
               <start_address>0x10000</start_address>
               <size>0xfa00</size>
               <logical_group_ref idref="lg-10"/>
            </allocated_space>
            <available_space>
               <start_address>0x1fa00</start_address>
               <size>0x10600</size>
            </available_space>
         </usage_details>
      </memory_area>
      <memory_area>
         <name>SIGNAL0</name>
         <page_id>0x0</page_id>
         <origin>0x30000</origin>
         <length>0x20000</length>
         <used_space>0xfa00</used_space>
         <unused_space>0x10600</unused_space>
         <attributes>RWIX</attributes>
         <usage_details>
            <allocated_space>
               <start_address>0x30000</start_address>
               <size>0xfa00</size>
               <logical_group_ref idref="lg-11"/>
            </allocated_space>
            <available_space>
               <start_address>0x3fa00</start_address>
               <size>0x10600</size>
            </available_space>
         </usage_details>
      </memory_area>
      <memory_area>
         <name>SIGNAL1</name>
         <page_id>0x0</page_id>
         <origin>0x50000</origin>
         <length>0x20000</length>
         <used_space>0xfa00</used_space>
         <unused_space>0x10600</unused_space>
         <attributes>RWIX</attributes>
         <usage_details>
            <allocated_space>
               <start_address>0x50000</start_address>
               <size>0xfa00</size>
               <logical_group_ref idref="lg-12"/>
            </allocated_space>
            <available_space>
               <start_address>0x5fa00</start_address>
               <size>0x10600</size>
            </available_space>
         </usage_details>
      </memory_area>
      <memory_area>
         <name>SIGNAL2</name>
         <page_id>0x0</page_id>
         <origin>0x70000</origin>
         <length>0x20000</length>
         <used_space>0xfa00</used_space>
         <unused_space>0x10600</unused_space>
         <attributes>RWIX</attributes>
         <usage_details>
            <allocated_space>
               <start_address>0x70000</start_address>
               <size>0xfa00</size>
               <logical_group_ref idref="lg-13"/>
            </allocated_space>
            <available_space>
               <start_address>0x7fa00</start_address>
               <size>0x10600</size>
            </available_space>
         </usage_details>
      </memory_area>
      <memory_area>
         <name>SIGNAL3</name>
         <page_id>0x0</page_id>
         <origin>0x90000</origin>
         <length>0x20000</length>
         <used_space>0xfa00</used_space>
         <unused_space>0x10600</unused_space>
         <attributes>RWIX</attributes>
         <usage_details>
            <allocated_space>
               <start_address>0x90000</start_address>
               <size>0xfa00</size>
               <logical_group_ref idref="lg-14"/>
            </allocated_space>
            <available_space>
               <start_address>0x9fa00</start_address>
               <size>0x10600</size>
            </available_space>
         </usage_details>
      </memory_area>
      <memory_area>
         <name>SIGNAL4</name>
         <page_id>0x0</page_id>
         <origin>0xb0000</origin>
         <length>0x20000</length>
         <used_space>0xfa00</used_space>
         <unused_space>0x10600</unused_space>
         <attributes>RWIX</attributes>
         <usage_details>
            <allocated_space>
               <start_address>0xb0000</start_address>
               <size>0xfa00</size>
               <logical_group_ref idref="lg-15"/>
            </allocated_space>
            <available_space>
               <start_address>0xbfa00</start_address>
               <size>0x10600</size>
            </available_space>
         </usage_details>
      </memory_area>
      <memory_area>
         <name>SIGNAL5</name>
         <page_id>0x0</page_id>
         <origin>0xd0000</origin>
         <length>0x20000</length>
         <used_space>0xfa00</used_space>
         <unused_space>0x10600</unused_space>
         <attributes>RWIX</attributes>
         <usage_details>
            <allocated_space>
               <start_address>0xd0000</start_address>
               <size>0xfa00</size>
               <logical_group_ref idref="lg-16"/>
            </allocated_space>
            <available_space>
               <start_address>0xdfa00</start_address>
               <size>0x10600</size>
            </available_space>
         </usage_details>
      </memory_area>
      <memory_area>
         <name>SIGNAL6</name>
         <page_id>0x0</page_id>
         <origin>0xf0000</origin>
         <length>0x20000</length>
         <used_space>0xfa00</used_space>
         <unused_space>0x10600</unused_space>
         <attributes>RWIX</attributes>
         <usage_details>
            <allocated_space>
               <start_address>0xf0000</start_address>
               <size>0xfa00</size>
               <logical_group_ref idref="lg-17"/>
            </allocated_space>
            <available_space>
               <start_address>0xffa00</start_address>
               <size>0x10600</size>
            </available_space>
         </usage_details>
      </memory_area>
      <memory_area>
         <name>SIGNAL7</name>
         <page_id>0x0</page_id>
         <origin>0x110000</origin>
         <length>0x20000</length>
         <used_space>0x0</used_space>
         <unused_space>0x20000</unused_space>
         <attributes>RWIX</attributes>
         <usage_details>
         </usage_details>
      </memory_area>
      <memory_area>
         <name>EMPTY</name>
         <page_id>0x0</page_id>
         <origin>0x130000</origin>
         <length>0x2d0000</length>
         <used_space>0x0</used_space>
         <unused_space>0x2d0000</unused_space>
         <attributes>RWIX</attributes>
         <usage_details>
         </usage_details>
      </memory_area>
      <memory_area>
         <name>CE1</name>
         <page_id>0x0</page_id>
         <origin>0x400000</origin>
         <length>0x400000</length>
         <used_space>0x0</used_space>
         <unused_space>0x400000</unused_space>
         <attributes>RWIX</attributes>
         <usage_details>
         </usage_details>
      </memory_area>
      <memory_area>
         <name>CE2</name>
         <page_id>0x0</page_id>
         <origin>0x800000</origin>
         <length>0x400000</length>
         <used_space>0x0</used_space>
         <unused_space>0x400000</unused_space>
         <attributes>RWIX</attributes>
         <usage_details>
         </usage_details>
      </memory_area>
      <memory_area>
         <name>CE3</name>
         <page_id>0x0</page_id>
         <origin>0xc00000</origin>
         <length>0x3f8000</length>
         <used_space>0x0</used_space>
         <unused_space>0x3f8000</unused_space>
         <attributes>RWIX</attributes>
         <usage_details>
         </usage_details>
      </memory_area>
      <memory_area>
         <name>PDROM</name>
         <page_id>0x0</page_id>
         <origin>0xff8000</origin>
         <length>0x8000</length>
         <used_space>0x0</used_space>
         <unused_space>0x8000</unused_space>
         <attributes>RIX</attributes>
         <usage_details>
         </usage_details>
      </memory_area>
      <memory_area>
         <name>IOPORT</name>
         <page_id>0x2</page_id>
         <origin>0x0</origin>
         <length>0x20000</length>
         <used_space>0x0</used_space>
         <unused_space>0x20000</unused_space>
         <attributes>RWI</attributes>
         <usage_details>
         </usage_details>
      </memory_area>
   </placement_map>
   <symbol_table>
      <symbol id="sm-0">
         <name>$TI_capability$C5500$CallingConvention</name>
         <value>0x2</value>
      </symbol>
      <symbol id="sm-1">
         <name>$TI_capability$C5500$MemoryModel</name>
         <value>0x2</value>
      </symbol>
      <symbol id="sm-2">
         <name>$TI_capability_requires_rev2</name>
         <value>0x1</value>
      </symbol>
      <symbol id="sm-3">
         <name>cinit</name>
         <value>0x4e00</value>
      </symbol>
      <symbol id="sm-4">
         <name>___cinit__</name>
         <value>0x4e00</value>
      </symbol>
      <symbol id="sm-5">
         <name>pinit</name>
         <value>0xffffffff</value>
      </symbol>
      <symbol id="sm-6">
         <name>___pinit__</name>
         <value>0xffffffff</value>
      </symbol>
      <symbol id="sm-7">
         <name>binit</name>
         <value>0xffffffff</value>
      </symbol>
      <symbol id="sm-8">
         <name>___binit__</name>
         <value>0xffffffff</value>
      </symbol>
      <symbol id="sm-9">
         <name>__STACK_SIZE</name>
         <value>0x2000</value>
      </symbol>
      <symbol id="sm-a">
         <name>__STACK_END</name>
         <value>0x2300</value>
      </symbol>
      <symbol id="sm-b">
         <name>___c_args__</name>
         <value>0xffffffff</value>
      </symbol>
      <symbol id="sm-c">
         <name>__SYSSTACK_SIZE</name>
         <value>0x1000</value>
      </symbol>
      <symbol id="sm-d">
         <name>.text</name>
         <value>0x2300</value>
      </symbol>
      <symbol id="sm-e">
         <name>___text__</name>
         <value>0x2300</value>
      </symbol>
      <symbol id="sm-f">
         <name>etext</name>
         <value>0x3de8</value>
      </symbol>
      <symbol id="sm-10">
         <name>___etext__</name>
         <value>0x3de8</value>
      </symbol>
      <symbol id="sm-11">
         <name>.data</name>
         <value>0x300</value>
      </symbol>
      <symbol id="sm-12">
         <name>___data__</name>
         <value>0x300</value>
      </symbol>
      <symbol id="sm-13">
         <name>edata</name>
         <value>0x300</value>
      </symbol>
      <symbol id="sm-14">
         <name>___edata__</name>
         <value>0x300</value>
      </symbol>
      <symbol id="sm-15">
         <name>.bss</name>
         <value>0x5100</value>
      </symbol>
      <symbol id="sm-16">
         <name>___bss__</name>
         <value>0x5100</value>
      </symbol>
      <symbol id="sm-17">
         <name>end</name>
         <value>0x5114</value>
      </symbol>
      <symbol id="sm-18">
         <name>___end__</name>
         <value>0x5114</value>
      </symbol>
      <symbol id="sm-ac">
         <name>_main</name>
         <value>0x252b</value>
         <object_component_ref idref="oc-1d"/>
      </symbol>
      <symbol id="sm-ad">
         <name>_lookUpTable</name>
         <value>0x10000</value>
         <object_component_ref idref="oc-1f"/>
      </symbol>
      <symbol id="sm-ae">
         <name>_AIC3204_rset</name>
         <value>0x2326</value>
         <object_component_ref idref="oc-1d"/>
      </symbol>
      <symbol id="sm-af">
         <name>_select_codec</name>
         <value>0x2300</value>
         <object_component_ref idref="oc-1d"/>
      </symbol>
      <symbol id="sm-b0">
         <name>_samples0</name>
         <value>0x30000</value>
         <object_component_ref idref="oc-20"/>
      </symbol>
      <symbol id="sm-b1">
         <name>_samples1</name>
         <value>0x50000</value>
         <object_component_ref idref="oc-21"/>
      </symbol>
      <symbol id="sm-b2">
         <name>_samples2</name>
         <value>0x70000</value>
         <object_component_ref idref="oc-22"/>
      </symbol>
      <symbol id="sm-b3">
         <name>_samples3</name>
         <value>0x90000</value>
         <object_component_ref idref="oc-23"/>
      </symbol>
      <symbol id="sm-b4">
         <name>_samples4</name>
         <value>0xb0000</value>
         <object_component_ref idref="oc-24"/>
      </symbol>
      <symbol id="sm-b5">
         <name>_samples5</name>
         <value>0xd0000</value>
         <object_component_ref idref="oc-25"/>
      </symbol>
      <symbol id="sm-b6">
         <name>_samples6</name>
         <value>0xf0000</value>
         <object_component_ref idref="oc-26"/>
      </symbol>
      <symbol id="sm-b7">
         <name>_AIC3204_rget</name>
         <value>0x2350</value>
         <object_component_ref idref="oc-1d"/>
      </symbol>
      <symbol id="sm-b8">
         <name>_configure_AIC3204</name>
         <value>0x239d</value>
         <object_component_ref idref="oc-1d"/>
      </symbol>
      <symbol id="sm-c7">
         <name>_EZDSP5502_init</name>
         <value>0x3a98</value>
         <object_component_ref idref="oc-2b"/>
      </symbol>
      <symbol id="sm-c8">
         <name>_EZDSP5502_wait</name>
         <value>0x3a52</value>
         <object_component_ref idref="oc-2b"/>
      </symbol>
      <symbol id="sm-c9">
         <name>_EZDSP5502_waitusec</name>
         <value>0x3a86</value>
         <object_component_ref idref="oc-2b"/>
      </symbol>
      <symbol id="sm-da">
         <name>_EZDSP5502_I2C_write</name>
         <value>0x3b47</value>
         <object_component_ref idref="oc-30"/>
      </symbol>
      <symbol id="sm-db">
         <name>_EZDSP5502_I2C_read</name>
         <value>0x3b69</value>
         <object_component_ref idref="oc-30"/>
      </symbol>
      <symbol id="sm-dc">
         <name>_EZDSP5502_I2C_reset</name>
         <value>0x3b3d</value>
         <object_component_ref idref="oc-30"/>
      </symbol>
      <symbol id="sm-dd">
         <name>_EZDSP5502_I2C_init</name>
         <value>0x3b20</value>
         <object_component_ref idref="oc-30"/>
      </symbol>
      <symbol id="sm-ed">
         <name>_EZDSP5502_I2CGPIO_readLine</name>
         <value>0x3344</value>
         <object_component_ref idref="oc-35"/>
      </symbol>
      <symbol id="sm-ee">
         <name>_EZDSP5502_I2CGPIO_writeLine</name>
         <value>0x3375</value>
         <object_component_ref idref="oc-35"/>
      </symbol>
      <symbol id="sm-ef">
         <name>_EZDSP5502_I2CGPIO_read</name>
         <value>0x33c8</value>
         <object_component_ref idref="oc-35"/>
      </symbol>
      <symbol id="sm-f0">
         <name>_EZDSP5502_I2CGPIO_write</name>
         <value>0x3415</value>
         <object_component_ref idref="oc-35"/>
      </symbol>
      <symbol id="sm-f1">
         <name>_EZDSP5502_I2CGPIO_configLine</name>
         <value>0x32f1</value>
         <object_component_ref idref="oc-35"/>
      </symbol>
      <symbol id="sm-10a">
         <name>_EZDSP5502_MCBSP_write</name>
         <value>0x3800</value>
         <object_component_ref idref="oc-3a"/>
      </symbol>
      <symbol id="sm-10b">
         <name>_EZDSP5502_MCBSP_init</name>
         <value>0x37aa</value>
         <object_component_ref idref="oc-3a"/>
      </symbol>
      <symbol id="sm-10c">
         <name>_EZDSP5502_MCBSP_read</name>
         <value>0x3830</value>
         <object_component_ref idref="oc-3a"/>
      </symbol>
      <symbol id="sm-10d">
         <name>_aicMcbsp</name>
         <value>0x5110</value>
         <object_component_ref idref="oc-3b"/>
      </symbol>
      <symbol id="sm-10e">
         <name>_EZDSP5502_MCBSP_close</name>
         <value>0x37ee</value>
         <object_component_ref idref="oc-3a"/>
      </symbol>
      <symbol id="sm-118">
         <name>__addd</name>
         <value>0x2da9</value>
         <object_component_ref idref="oc-40"/>
      </symbol>
      <symbol id="sm-124">
         <name>__sysstack</name>
         <value>0x3e00</value>
         <object_component_ref idref="oc-99"/>
      </symbol>
      <symbol id="sm-125">
         <name>_c_int00</name>
         <value>0x3d02</value>
         <object_component_ref idref="oc-1b"/>
      </symbol>
      <symbol id="sm-126">
         <name>__stack</name>
         <value>0x300</value>
         <object_component_ref idref="oc-44"/>
      </symbol>
      <symbol id="sm-132">
         <name>__divd</name>
         <value>0x2779</value>
         <object_component_ref idref="oc-48"/>
      </symbol>
      <symbol id="sm-142">
         <name>C$$EXIT</name>
         <value>0x3dcd</value>
         <object_component_ref idref="oc-50"/>
      </symbol>
      <symbol id="sm-143">
         <name>_exit</name>
         <value>0x3c8c</value>
         <object_component_ref idref="oc-4c"/>
      </symbol>
      <symbol id="sm-144">
         <name>_abort</name>
         <value>0x3dcc</value>
         <object_component_ref idref="oc-50"/>
      </symbol>
      <symbol id="sm-145">
         <name>__cleanup_ptr</name>
         <value>0x5108</value>
         <object_component_ref idref="oc-4d"/>
      </symbol>
      <symbol id="sm-146">
         <name>__dtors_ptr</name>
         <value>0x510c</value>
         <object_component_ref idref="oc-4d"/>
      </symbol>
      <symbol id="sm-150">
         <name>__fixdi</name>
         <value>0x3d36</value>
         <object_component_ref idref="oc-53"/>
      </symbol>
      <symbol id="sm-15a">
         <name>__fixdli</name>
         <value>0x3ab1</value>
         <object_component_ref idref="oc-57"/>
      </symbol>
      <symbol id="sm-164">
         <name>__fltid</name>
         <value>0x3dc0</value>
         <object_component_ref idref="oc-5b"/>
      </symbol>
      <symbol id="sm-170">
         <name>__fltlid</name>
         <value>0x3b8d</value>
         <object_component_ref idref="oc-5f"/>
      </symbol>
      <symbol id="sm-17a">
         <name>__frcmpyd_div</name>
         <value>0x395c</value>
         <object_component_ref idref="oc-64"/>
      </symbol>
      <symbol id="sm-182">
         <name>__mpyli</name>
         <value>0x3d60</value>
         <object_component_ref idref="oc-68"/>
      </symbol>
      <symbol id="sm-183">
         <name>I$$LMPY</name>
         <value>0x3d60</value>
         <object_component_ref idref="oc-68"/>
      </symbol>
      <symbol id="sm-18d">
         <name>__mpyd</name>
         <value>0x343f</value>
         <object_component_ref idref="oc-6c"/>
      </symbol>
      <symbol id="sm-197">
         <name>_Reset</name>
         <value>0xfe00</value>
         <object_component_ref idref="oc-1c"/>
      </symbol>
      <symbol id="sm-1a5">
         <name>__unlock</name>
         <value>0x5104</value>
         <object_component_ref idref="oc-75"/>
      </symbol>
      <symbol id="sm-1a6">
         <name>__lock</name>
         <value>0x5100</value>
         <object_component_ref idref="oc-75"/>
      </symbol>
      <symbol id="sm-1a7">
         <name>__register_lock</name>
         <value>0x3d7b</value>
         <object_component_ref idref="oc-74"/>
      </symbol>
      <symbol id="sm-1a8">
         <name>__nop</name>
         <value>0x3d83</value>
         <object_component_ref idref="oc-74"/>
      </symbol>
      <symbol id="sm-1a9">
         <name>__register_unlock</name>
         <value>0x3d73</value>
         <object_component_ref idref="oc-74"/>
      </symbol>
      <symbol id="sm-1b3">
         <name>__args_main</name>
         <value>0x3c41</value>
         <object_component_ref idref="oc-7a"/>
      </symbol>
      <symbol id="sm-1b4">
         <name>__TI_args_main</name>
         <value>0x1</value>
      </symbol>
      <symbol id="sm-1bc">
         <name>_auto_init</name>
         <value>0x3bf4</value>
         <object_component_ref idref="oc-7e"/>
      </symbol>
      <symbol id="sm-1c6">
         <name>__frcmpyd</name>
         <value>0x38e6</value>
         <object_component_ref idref="oc-82"/>
      </symbol>
      <symbol id="sm-1ca">
         <name>__CSL_init</name>
         <value>0x3d98</value>
         <object_component_ref idref="oc-86"/>
      </symbol>
      <symbol id="sm-1d0">
         <name>_CSL5502_LIB_</name>
         <value>0x3de4</value>
         <object_component_ref idref="oc-87"/>
      </symbol>
      <symbol id="sm-1d1">
         <name>_CSL_init</name>
         <value>0x3da8</value>
         <object_component_ref idref="oc-88"/>
      </symbol>
      <symbol id="sm-1d7">
         <name>_CSL_SysData</name>
         <value>0x502c</value>
         <object_component_ref idref="oc-8a"/>
      </symbol>
      <symbol id="sm-1db">
         <name>_I2C_config</name>
         <value>0x39d0</value>
         <object_component_ref idref="oc-8b"/>
      </symbol>
      <symbol id="sm-1e3">
         <name>_I2C_read</name>
         <value>0x3194</value>
         <object_component_ref idref="oc-8c"/>
      </symbol>
      <symbol id="sm-1ed">
         <name>_I2C_write</name>
         <value>0x3004</value>
         <object_component_ref idref="oc-8d"/>
      </symbol>
      <symbol id="sm-1f1">
         <name>_IRQ_globalDisable</name>
         <value>0x3d88</value>
         <object_component_ref idref="oc-8e"/>
      </symbol>
      <symbol id="sm-1f5">
         <name>_IRQ_globalRestore</name>
         <value>0x3db4</value>
         <object_component_ref idref="oc-8f"/>
      </symbol>
      <symbol id="sm-1f9">
         <name>_MCBSP_config</name>
         <value>0x358c</value>
         <object_component_ref idref="oc-90"/>
      </symbol>
      <symbol id="sm-1fd">
         <name>_MCBSP_close</name>
         <value>0x3ccc</value>
         <object_component_ref idref="oc-91"/>
      </symbol>
      <symbol id="sm-202">
         <name>_MCBSP_open</name>
         <value>0x36bc</value>
         <object_component_ref idref="oc-92"/>
      </symbol>
      <symbol id="sm-206">
         <name>_MCBSP_read16</name>
         <value>0x3dd4</value>
         <object_component_ref idref="oc-93"/>
      </symbol>
      <symbol id="sm-20a">
         <name>_MCBSP_reset</name>
         <value>0x2b48</value>
         <object_component_ref idref="oc-94"/>
      </symbol>
      <symbol id="sm-20e">
         <name>_MCBSP_start</name>
         <value>0x3864</value>
         <object_component_ref idref="oc-95"/>
      </symbol>
      <symbol id="sm-212">
         <name>_MCBSP_write16</name>
         <value>0x3ddc</value>
         <object_component_ref idref="oc-96"/>
      </symbol>
      <symbol id="sm-218">
         <name>_CSL_McbspData</name>
         <value>0x4f60</value>
         <object_component_ref idref="oc-98"/>
      </symbol>
   </symbol_table>
</link_info>
