******************************************************************************
              TMS320C55x Linker Unix v4.4.1                    
******************************************************************************
>> Linked Sat Nov  2 20:52:36 2019

OUTPUT FILE NAME:   <Filtro.out>
ENTRY POINT SYMBOL: "_c_int00"  address: 00003e52


MEMORY CONFIGURATION

         name            origin    length      used     unused   attr    fill
                        (bytes)   (bytes)    (bytes)   (bytes)
----------------------  --------  ---------  --------  --------  ----  --------
PAGE 0:
  MMR                   00000000   000000c0  00000000  000000c0  RWIX
  BTRSVD                000000c0   00000240  00000000  00000240  RWIX
  DARAM                 00000300   0000fb00  0000504e  0000aab2  RWIX
  VECS                  0000fe00   00000200  00000100  00000100  RWIX
  SAMP_0                00010000   00010000  00010000  00000000  RWIX
  SAMP_1                00020000   00010000  00010000  00000000  RWIX
  SAMP_2                00030000   00010000  00010000  00000000  RWIX
  SAMP_3                00040000   00010000  00010000  00000000  RWIX
  SAMP_4                00050000   00010000  00010000  00000000  RWIX
  SAMP_5                00060000   00010000  00010000  00000000  RWIX
  SAMP_6                00070000   00010000  00010000  00000000  RWIX
  SAMP_7                00080000   00010000  00010000  00000000  RWIX
  SAMP_8                00090000   00010000  00010000  00000000  RWIX
  SAMP_9                000a0000   00010000  00010000  00000000  RWIX
  SAMP_10               000b0000   00010000  00010000  00000000  RWIX
  SAMP_11               000c0000   00010000  00010000  00000000  RWIX
  EMPTY                 000d0000   00010000  00000000  00010000  RWIX
  CE1                   00400000   00400000  00000000  00400000  RWIX
  CE2                   00800000   00400000  00000000  00400000  RWIX
  CE3                   00c00000   003f8000  00000000  003f8000  RWIX
  PDROM                 00ff8000   00008000  00000000  00008000  R IX

PAGE 2:
  IOPORT                00000000   00020000  00000000  00020000  RWI 


SECTION ALLOCATION MAP
(Addresses surrounded by []'s are displayed for convenience only!)

output                                                          attributes/
section   page  orgn(bytes) orgn(words) len(bytes) len(words)   input sections
--------  ----  ----------- ----------- ---------- ----------   --------------
.stack       0   [ 00000300 ]  00000180          *   00001000   
                 [ 00000300 ]  00000180          *   00001000   --HOLE-- [fill = 00]

.data        0   [ 00000300 ]  00000180          *   00000000   

.pinit       0   [ 00000300 ]  00000180          *   00000000   

.text        0     00002300  [ 00001180 ] 00001c48          *   
                   00002300  [ 00001180 ] 0000053c          *   main.obj (.text)
                   0000283c  [ 0000141e ] 00000261          *   csl5502x.lib : mcbsp_rst.obj (.text:MCBSP_reset)
                   00002a9d  [ 0000154e+] 0000025a          *   rts55x.lib : addd.obj (.text)
                   00002cf7  [ 0000167b+] 000001ea          *              : cmpd.obj (.text)
                   00002ee1  [ 00001770+] 000001b6          *              : exp.obj (.text)
                   00003097  [ 0000184b ] 00000001          *   --HOLE-- [fill = 20]
                   00003098  [ 0000184c ] 0000018e          *   csl5502x.lib : i2c_write.obj (.text:I2C_write)
                   00003226  [ 00001913 ] 00000002          *   rts55x.lib : vectors.obj (.text)
                   00003228  [ 00001914 ] 0000015d          *   csl5502x.lib : i2c_read.obj (.text:I2C_read)
                   00003385  [ 000019c2+] 0000014e          *   ezdsp5502bsl.lib : ezdsp5502_i2cgpio.obj (.text)
                   000034d3  [ 00001a69+] 0000014c          *   rts55x.lib : mpyd.obj (.text)
                   0000361f  [ 00001b0f ] 00000001          *   --HOLE-- [fill = 20]
                   00003620  [ 00001b10 ] 00000130          *   csl5502x.lib : mcbsp_cfg.obj (.text:MCBSP_config)
                   00003750  [ 00001ba8 ] 000000f2          *   rts55x.lib : ldexp.obj (.text)
                   00003842  [ 00001c21 ] 00000002          *   --HOLE-- [fill = 20]
                   00003844  [ 00001c22 ] 000000ee          *   csl5502x.lib : mcbsp_open.obj (.text:MCBSP_open)
                   00003932  [ 00001c99 ] 000000ba          *   ezdsp5502bsl.lib : ezdsp5502_mcbsp.obj (.text)
                   000039ec  [ 00001cf6 ] 00000082          *   csl5502x.lib : mcbsp_start.obj (.text:MCBSP_start)
                   00003a6e  [ 00001d37 ] 00000076          *   rts55x.lib : frcmpyd.obj (.text)
                   00003ae4  [ 00001d72 ] 00000072          *   csl5502x.lib : i2c_cfg.obj (.text:I2C_config)
                   00003b56  [ 00001dab ] 0000006f          *   ezdsp5502bsl.lib : ezdsp5502.obj (.text)
                   00003bc5  [ 00001de2+] 0000006f          *   rts55x.lib : fixdli.obj (.text)
                   00003c34  [ 00001e1a ] 0000006d          *   ezdsp5502bsl.lib : ezdsp5502_i2c.obj (.text)
                   00003ca1  [ 00001e50+] 00000067          *   rts55x.lib : fltlid.obj (.text)
                   00003d08  [ 00001e84 ] 0000004d          *              : autoinit.obj (.text)
                   00003d55  [ 00001eaa+] 0000004b          *              : args_main.obj (.text)
                   00003da0  [ 00001ed0 ] 0000003e          *              : exit.obj (.text)
                   00003dde  [ 00001eef ] 0000003c          *              : idiv.obj (.text)
                   00003e1a  [ 00001f0d ] 00000002          *   --HOLE-- [fill = 20]
                   00003e1c  [ 00001f0e ] 00000036          *   csl5502x.lib : mcbsp_cls.obj (.text:MCBSP_close)
                   00003e52  [ 00001f29 ] 00000034          *   rts55x.lib : boot.obj (.text)
                   00003e86  [ 00001f43 ] 0000002a          *              : fixdi.obj (.text)
                   00003eb0  [ 00001f58 ] 00000014          *              : subd.obj (.text)
                   00003ec4  [ 00001f62 ] 00000012          *              : _lock.obj (.text)
                   00003ed6  [ 00001f6b ] 00000010          *              : negd.obj (.text)
                   00003ee6  [ 00001f73 ] 00000002          *   --HOLE-- [fill = 20]
                   00003ee8  [ 00001f74 ] 0000000f          *   csl5502x.lib : irq_gdisab.obj (.text:IRQ_globalDisable)
                   00003ef7  [ 00001f7b ] 00000001          *   --HOLE-- [fill = 20]
                   00003ef8  [ 00001f7c ] 0000000d          *                : _csl_init.obj (.text:_CSL_init)
                   00003f05  [ 00001f82 ] 00000003          *   --HOLE-- [fill = 20]
                   00003f08  [ 00001f84 ] 0000000c          *                : csl.obj (.text:CSL_init)
                   00003f14  [ 00001f8a ] 0000000c          *                : irq_grest.obj (.text:IRQ_globalRestore)
                   00003f20  [ 00001f90 ] 0000000c          *   rts55x.lib : fltid.obj (.text)
                   00003f2c  [ 00001f96 ] 00000007          *              : exit.obj (.text:CIO_breakpoint)
                   00003f33  [ 00001f99 ] 00000001          *   --HOLE-- [fill = 20]
                   00003f34  [ 00001f9a ] 00000007          *   csl5502x.lib : mcbsp_r16.obj (.text:MCBSP_read16)
                   00003f3b  [ 00001f9d ] 00000001          *   --HOLE-- [fill = 20]
                   00003f3c  [ 00001f9e ] 00000007          *                : mcbsp_w16.obj (.text:MCBSP_write16)
                   00003f43  [ 00001fa1 ] 00000001          *   --HOLE-- [fill = 20]
                   00003f44  [ 00001fa2 ] 00000002          *                : csl.obj (.text)
                   00003f46  [ 00001fa3 ] 00000002          *   --HOLE-- [fill = 20]

.sysstack 
*            0   [ 00003f60 ]  00001fb0          *   00000800   
                 [ 00003f60 ]  00001fb0          *   00000800   --HOLE-- [fill = 00]

.cinit       0   [ 00004f60 ]  000027b0          *   000000e7   
                 [ 00004f60 ]  000027b0          *   00000069   csl5502x.lib : csl_mcbspdat.obj (.cinit)
                 [ 00005032 ]  00002819          *   0000002f   main.obj (.cinit)
                 [ 00005090 ]  00002848          *   00000025   csl5502x.lib : csl_csldat.obj (.cinit)
                 [ 000050da ]  0000286d          *   00000011   rts55x.lib : exp.obj (.cinit)
                 [ 000050fc ]  0000287e          *   0000000a              : _lock.obj (.cinit)
                 [ 00005110 ]  00002888          *   0000000a              : exit.obj (.cinit)
                 [ 00005124 ]  00002892          *   00000004              : errno.obj (.cinit)
                 [ 0000512c ]  00002896          *   00000001   --HOLE-- [fill = 0]

.csldata     0   [ 00005140 ]  000028a0          *   00000088   
                 [ 00005140 ]  000028a0          *   00000066   csl5502x.lib : csl_mcbspdat.obj (.csldata:MCBSP_data) [fill = 00]
                 [ 0000520c ]  00002906          *   00000022                : csl_csldat.obj (.csldata:SYS_data) [fill = 00]

.const       0   [ 00005260 ]  00002930          *   00000058   
                 [ 00005260 ]  00002930          *   0000001b   ezdsp5502bsl.lib : ezdsp5502_mcbsp.obj (.const:_$P$T0$1)
                 [ 00005296 ]  0000294b          *   00000001   --HOLE-- [fill = 00]
                 [ 00005298 ]  0000294c          *   00000014   main.obj (.const)
                 [ 000052c0 ]  00002960          *   00000012   rts55x.lib : exp.obj (.const)
                 [ 000052e4 ]  00002972          *   0000000a   ezdsp5502bsl.lib : ezdsp5502_i2c.obj (.const:_$P$T0$1)
                 [ 000052f8 ]  0000297c          *   0000000a   rts55x.lib : ldexp.obj (.const)
                 [ 0000530c ]  00002986          *   00000002              : fltlid.obj (.const)

.bss         0   [ 00005320 ]  00002990          *   0000003c   
                 [ 00005320 ]  00002990          *   00000023   main.obj (.bss) [fill = 00]
                 [ 00005366 ]  000029b3          *   00000001   rts55x.lib : errno.obj (.bss) [fill = 00]
                 [ 00005368 ]  000029b4          *   0000000e              : exp.obj (.bss) [fill = 00]
                 [ 00005384 ]  000029c2          *   00000004              : _lock.obj (.bss) [fill = 00]
                 [ 0000538c ]  000029c6          *   00000004              : exit.obj (.bss) [fill = 00]
                 [ 00005394 ]  000029ca          *   00000002   ezdsp5502bsl.lib : ezdsp5502_mcbsp.obj (.bss) [fill = 00]

vectors      0     0000fe00  [ 00007f00 ] 00000100          *   
                   0000fe00  [ 00007f00 ] 00000100          *   rts55x.lib : vectors.obj (vectors)

.samp_0      0   [ 00010000 ]  00008000          *   00008000   
                 [ 00010000 ]  00008000          *   00008000   main.obj (.samp_0)

.samp_1      0   [ 00020000 ]  00010000          *   00008000   
                 [ 00020000 ]  00010000          *   00008000   main.obj (.samp_1)

.samp_2      0   [ 00030000 ]  00018000          *   00008000   
                 [ 00030000 ]  00018000          *   00008000   main.obj (.samp_2)

.samp_3      0   [ 00040000 ]  00020000          *   00008000   
                 [ 00040000 ]  00020000          *   00008000   main.obj (.samp_3)

.samp_4      0   [ 00050000 ]  00028000          *   00008000   
                 [ 00050000 ]  00028000          *   00008000   main.obj (.samp_4)

.samp_5      0   [ 00060000 ]  00030000          *   00008000   
                 [ 00060000 ]  00030000          *   00008000   main.obj (.samp_5)

.samp_6      0   [ 00070000 ]  00038000          *   00008000   
                 [ 00070000 ]  00038000          *   00008000   main.obj (.samp_6)

.samp_7      0   [ 00080000 ]  00040000          *   00008000   
                 [ 00080000 ]  00040000          *   00008000   main.obj (.samp_7)

.samp_8      0   [ 00090000 ]  00048000          *   00008000   
                 [ 00090000 ]  00048000          *   00008000   main.obj (.samp_8)

.samp_9      0   [ 000a0000 ]  00050000          *   00008000   
                 [ 000a0000 ]  00050000          *   00008000   main.obj (.samp_9)

.samp_10     0   [ 000b0000 ]  00058000          *   00008000   
                 [ 000b0000 ]  00058000          *   00008000   main.obj (.samp_10)

.samp_11     0   [ 000c0000 ]  00060000          *   00008000   
                 [ 000c0000 ]  00060000          *   00008000   main.obj (.samp_11)


GLOBAL SYMBOLS: SORTED ALPHABETICALLY BY Name 

abs. value/
byte addr   word addr   name
---------   ---------   ----
00000002                $TI_capability$C5500$CallingConvention
00000002                $TI_capability$C5500$MemoryModel
00000001                $TI_capability_requires_rev2
            00002990    .bss
            00000180    .data
00002300                .text
00003f2d                C$$EXIT
00003dde                I$$DIV
00003dfd                I$$MOD
00002300                _AIC3204_rget
0000234d                _AIC3204_rset
00003f44                _CSL5502_LIB_
            000028a0    _CSL_McbspData
            00002906    _CSL_SysData
00003f08                _CSL_init
00003385                _EZDSP5502_I2CGPIO_configLine
0000345c                _EZDSP5502_I2CGPIO_read
000033d8                _EZDSP5502_I2CGPIO_readLine
000034a9                _EZDSP5502_I2CGPIO_write
00003409                _EZDSP5502_I2CGPIO_writeLine
00003c34                _EZDSP5502_I2C_init
00003c7d                _EZDSP5502_I2C_read
00003c51                _EZDSP5502_I2C_reset
00003c5b                _EZDSP5502_I2C_write
00003976                _EZDSP5502_MCBSP_close
00003932                _EZDSP5502_MCBSP_init
000039b8                _EZDSP5502_MCBSP_read
00003988                _EZDSP5502_MCBSP_write
00003bac                _EZDSP5502_init
00003b66                _EZDSP5502_wait
00003b9a                _EZDSP5502_waitusec
00003ae4                _I2C_config
00003228                _I2C_read
00003098                _I2C_write
00003ee8                _IRQ_globalDisable
00003f14                _IRQ_globalRestore
00003e1c                _MCBSP_close
00003620                _MCBSP_config
00003844                _MCBSP_open
00003f34                _MCBSP_read16
0000283c                _MCBSP_reset
000039ec                _MCBSP_start
00003f3c                _MCBSP_write16
0000fe00                _Reset
00003ef8                __CSL_init
            00001180    __STACK_END
00002000                __STACK_SIZE
00001000                __SYSSTACK_SIZE
00000001                __TI_args_main
ffffffff                ___binit__
            00002990    ___bss__
ffffffff                ___c_args__
            000027b0    ___cinit__
            00000180    ___data__
            00000180    ___edata__
            000029cc    ___end__
00003f48                ___etext__
ffffffff                ___pinit__
00002300                ___text__
00002a9d                __addd
00003d55                __args_main
            000029c6    __cleanup_ptr
00002e89                __cmpd
00003dde                __divi
            000029c8    __dtors_ptr
00002e55                __eqld
00003e86                __fixdi
00003bc5                __fixdli
00003f20                __fltid
00003ca1                __fltlid
00003a6e                __frcmpyd
00002e0b                __geqd
00002dc0                __gtrd
00002d73                __leqd
            000029c2    __lock
00002d2b                __lssd
000034d3                __mpyd
00003ed6                __negd
00002cf7                __neqd
00003ed4                __nop
00003ecc                __register_lock
00003ec4                __register_unlock
00003dfd                __remi
            00000180    __stack
00003eb0                __subd
            00001fb0    __sysstack
            000029c4    __unlock
00003f2c                _abort
            000029ca    _aicMcbsp
00003d08                _auto_init
00003e52                _c_int00
            000029b3    _errno
00003da0                _exit
00002ee1                _exp
0000239d                _filtro0
000023af                _filtro1
0000244c                _filtro2
000024bd                _filtro3
            000029a8    _filtro_ativo
            000029aa    _filtros
            000029b2    _idx_filtro
00003750                _ldexp
000025a3                _main
00002556                _next_filter
00002377                _offleds
            00002990    _samples
            00008000    _samples_0
            00010000    _samples_1
            00058000    _samples_10
            00060000    _samples_11
            00018000    _samples_2
            00020000    _samples_3
            00028000    _samples_4
            00030000    _samples_5
            00038000    _samples_6
            00040000    _samples_7
            00048000    _samples_8
            00050000    _samples_9
ffffffff                binit
            000027b0    cinit
            00000180    edata
            000029cc    end
00003f48                etext
ffffffff                pinit


GLOBAL SYMBOLS: SORTED BY Symbol Address 

abs. value/
byte addr   word addr   name
---------   ---------   ----
00000001                $TI_capability_requires_rev2
00000001                __TI_args_main
00000002                $TI_capability$C5500$CallingConvention
00000002                $TI_capability$C5500$MemoryModel
            00000180    .data
            00000180    ___data__
            00000180    ___edata__
            00000180    __stack
            00000180    edata
00001000                __SYSSTACK_SIZE
00002000                __STACK_SIZE
00002300                .text
00002300                _AIC3204_rget
            00001180    __STACK_END
00002300                ___text__
0000234d                _AIC3204_rset
00002377                _offleds
0000239d                _filtro0
000023af                _filtro1
0000244c                _filtro2
000024bd                _filtro3
00002556                _next_filter
000025a3                _main
0000283c                _MCBSP_reset
00002a9d                __addd
00002cf7                __neqd
00002d2b                __lssd
00002d73                __leqd
00002dc0                __gtrd
00002e0b                __geqd
00002e55                __eqld
00002e89                __cmpd
00002ee1                _exp
00003098                _I2C_write
00003228                _I2C_read
00003385                _EZDSP5502_I2CGPIO_configLine
000033d8                _EZDSP5502_I2CGPIO_readLine
00003409                _EZDSP5502_I2CGPIO_writeLine
0000345c                _EZDSP5502_I2CGPIO_read
000034a9                _EZDSP5502_I2CGPIO_write
000034d3                __mpyd
00003620                _MCBSP_config
00003750                _ldexp
00003844                _MCBSP_open
00003932                _EZDSP5502_MCBSP_init
00003976                _EZDSP5502_MCBSP_close
00003988                _EZDSP5502_MCBSP_write
000039b8                _EZDSP5502_MCBSP_read
000039ec                _MCBSP_start
00003a6e                __frcmpyd
00003ae4                _I2C_config
00003b66                _EZDSP5502_wait
00003b9a                _EZDSP5502_waitusec
00003bac                _EZDSP5502_init
00003bc5                __fixdli
00003c34                _EZDSP5502_I2C_init
00003c51                _EZDSP5502_I2C_reset
00003c5b                _EZDSP5502_I2C_write
00003c7d                _EZDSP5502_I2C_read
00003ca1                __fltlid
00003d08                _auto_init
00003d55                __args_main
00003da0                _exit
00003dde                I$$DIV
00003dde                __divi
00003dfd                I$$MOD
00003dfd                __remi
00003e1c                _MCBSP_close
00003e52                _c_int00
00003e86                __fixdi
00003eb0                __subd
00003ec4                __register_unlock
00003ecc                __register_lock
00003ed4                __nop
00003ed6                __negd
00003ee8                _IRQ_globalDisable
00003ef8                __CSL_init
00003f08                _CSL_init
00003f14                _IRQ_globalRestore
00003f20                __fltid
00003f2c                _abort
00003f2d                C$$EXIT
00003f34                _MCBSP_read16
00003f3c                _MCBSP_write16
00003f44                _CSL5502_LIB_
00003f48                ___etext__
00003f48                etext
            00001fb0    __sysstack
            000027b0    ___cinit__
            000027b0    cinit
            000028a0    _CSL_McbspData
            00002906    _CSL_SysData
            00002990    .bss
            00002990    ___bss__
            00002990    _samples
            000029a8    _filtro_ativo
            000029aa    _filtros
            000029b2    _idx_filtro
            000029b3    _errno
            000029c2    __lock
            000029c4    __unlock
            000029c6    __cleanup_ptr
            000029c8    __dtors_ptr
            000029ca    _aicMcbsp
            000029cc    ___end__
            000029cc    end
0000fe00                _Reset
            00008000    _samples_0
            00010000    _samples_1
            00018000    _samples_2
            00020000    _samples_3
            00028000    _samples_4
            00030000    _samples_5
            00038000    _samples_6
            00040000    _samples_7
            00048000    _samples_8
            00050000    _samples_9
            00058000    _samples_10
            00060000    _samples_11
ffffffff                ___binit__
ffffffff                ___c_args__
ffffffff                ___pinit__
ffffffff                binit
ffffffff                pinit

[124 symbols]
