******************************************************************************
              TMS320C55x Linker PC v4.3.8                      
******************************************************************************
>> Linked Mon Sep 23 14:46:04 2019

OUTPUT FILE NAME:   <aic3204.out>
ENTRY POINT SYMBOL: "_c_int00"  address: 000033da


MEMORY CONFIGURATION

         name            origin    length      used     unused   attr    fill
                        (bytes)   (bytes)    (bytes)   (bytes)
----------------------  --------  ---------  --------  --------  ----  --------
PAGE 0:
  MMR                   00000000   000000c0  00000000  000000c0  RWIX
  BTRSVD                000000c0   00000240  00000000  00000240  RWIX
  DARAM                 00000300   0000fb00  00005e2c  00009cd4  RWIX
  VECS                  0000fe00   00000200  00000100  00000100  RWIX
  CE0                   00010000   003f0000  00000000  003f0000  RWIX
  CE1                   00400000   00400000  00000000  00400000  RWIX
  CE2                   00800000   00400000  00000000  00400000  RWIX
  CE3                   00c00000   003f8000  00000000  003f8000  RWIX
  PDROM                 00ff8000   00008000  00000000  00008000  R IX

PAGE 2:
  IOPORT                00000000   00020000  00000000  00020000  RWI 


SECTION ALLOCATION MAP
(Addresses surrounded by []'s are displayed for convenience only!)

output                                                          attributes/
section   page  orgn(bytes) orgn(words) len(bytes) len(words)   input sections
--------  ----  ----------- ----------- ---------- ----------   --------------
.stack       0   [ 00000300 ]  00000180          *   00001000   
                 [ 00000300 ]  00000180          *   00001000   --HOLE-- [fill = 00]

.data        0   [ 00000300 ]  00000180          *   00000000   

.pinit       0   [ 00000300 ]  00000180          *   00000000   

.text        0     00002300  [ 00001180 ] 00001174          *   
                   00002300  [ 00001180 ] 00000396          *   main.obj (.text)
                   00002696  [ 0000134b ] 00000002          *   rts55x.lib : vectors.obj (.text)
                   00002698  [ 0000134c ] 00000261          *   csl5502x.lib : mcbsp_rst.obj (.text:MCBSP_reset)
                   000028f9  [ 0000147c ] 00000003          *   --HOLE-- [fill = 20]
                   000028fc  [ 0000147e ] 0000018e          *                : i2c_write.obj (.text:I2C_write)
                   00002a8a  [ 00001545 ] 00000002          *   --HOLE-- [fill = 20]
                   00002a8c  [ 00001546 ] 0000015d          *                : i2c_read.obj (.text:I2C_read)
                   00002be9  [ 000015f4+] 0000014e          *   ezdsp5502bsl.lib : ezdsp5502_i2cgpio.obj (.text)
                   00002d37  [ 0000169b ] 00000001          *   --HOLE-- [fill = 20]
                   00002d38  [ 0000169c ] 00000130          *   csl5502x.lib : mcbsp_cfg.obj (.text:MCBSP_config)
                   00002e68  [ 00001734 ] 000000ee          *                : mcbsp_open.obj (.text:MCBSP_open)
                   00002f56  [ 000017ab ] 000000ba          *   ezdsp5502bsl.lib : ezdsp5502_mcbsp.obj (.text)
                   00003010  [ 00001808 ] 000000a1          *   rts55x.lib : divul.obj (.text)
                   000030b1  [ 00001858 ] 00000003          *   --HOLE-- [fill = 20]
                   000030b4  [ 0000185a ] 00000082          *   csl5502x.lib : mcbsp_start.obj (.text:MCBSP_start)
                   00003136  [ 0000189b ] 00000002          *   --HOLE-- [fill = 20]
                   00003138  [ 0000189c ] 00000072          *                : i2c_cfg.obj (.text:I2C_config)
                   000031aa  [ 000018d5 ] 0000006f          *   ezdsp5502bsl.lib : ezdsp5502.obj (.text)
                   00003219  [ 0000190c+] 0000006d          *                    : ezdsp5502_i2c.obj (.text)
                   00003286  [ 00001943 ] 0000004d          *   rts55x.lib : autoinit.obj (.text)
                   000032d3  [ 00001969+] 0000004b          *              : args_main.obj (.text)
                   0000331e  [ 0000198f ] 00000048          *              : divli.obj (.text)
                   00003366  [ 000019b3 ] 0000003e          *              : exit.obj (.text)
                   000033a4  [ 000019d2 ] 00000036          *   csl5502x.lib : mcbsp_cls.obj (.text:MCBSP_close)
                   000033da  [ 000019ed ] 00000034          *   rts55x.lib : boot.obj (.text)
                   0000340e  [ 00001a07 ] 00000012          *              : _lock.obj (.text)
                   00003420  [ 00001a10 ] 0000000f          *   csl5502x.lib : irq_gdisab.obj (.text:IRQ_globalDisable)
                   0000342f  [ 00001a17 ] 00000001          *   --HOLE-- [fill = 20]
                   00003430  [ 00001a18 ] 0000000d          *                : _csl_init.obj (.text:_CSL_init)
                   0000343d  [ 00001a1e ] 00000003          *   --HOLE-- [fill = 20]
                   00003440  [ 00001a20 ] 0000000c          *                : csl.obj (.text:CSL_init)
                   0000344c  [ 00001a26 ] 0000000c          *                : irq_grest.obj (.text:IRQ_globalRestore)
                   00003458  [ 00001a2c ] 00000007          *   rts55x.lib : exit.obj (.text:CIO_breakpoint)
                   0000345f  [ 00001a2f ] 00000001          *   --HOLE-- [fill = 20]
                   00003460  [ 00001a30 ] 00000007          *   csl5502x.lib : mcbsp_r16.obj (.text:MCBSP_read16)
                   00003467  [ 00001a33 ] 00000001          *   --HOLE-- [fill = 20]
                   00003468  [ 00001a34 ] 00000007          *                : mcbsp_w16.obj (.text:MCBSP_write16)
                   0000346f  [ 00001a37 ] 00000001          *   --HOLE-- [fill = 20]
                   00003470  [ 00001a38 ] 00000002          *                : csl.obj (.text)
                   00003472  [ 00001a39 ] 00000002          *   --HOLE-- [fill = 20]

.sysstack 
*            0   [ 00003480 ]  00001a40          *   00000800   
                 [ 00003480 ]  00001a40          *   00000800   --HOLE-- [fill = 00]

.cinit       0   [ 00004480 ]  00002240          *   00000727   
                 [ 00004480 ]  00002240          *   00000684   main.obj (.cinit)
                 [ 00005188 ]  000028c4          *   00000069   csl5502x.lib : csl_mcbspdat.obj (.cinit)
                 [ 0000525a ]  0000292d          *   00000025                : csl_csldat.obj (.cinit)
                 [ 000052a4 ]  00002952          *   0000000a   rts55x.lib : _lock.obj (.cinit)
                 [ 000052b8 ]  0000295c          *   0000000a              : exit.obj (.cinit)
                 [ 000052cc ]  00002966          *   00000001   --HOLE-- [fill = 0]

.bss         0   [ 000052e0 ]  00002970          *   00000688   
                 [ 000052e0 ]  00002970          *   0000067e   main.obj (.bss) [fill = 00]
                 [ 00005fdc ]  00002fee          *   00000004   rts55x.lib : _lock.obj (.bss) [fill = 00]
                 [ 00005fe4 ]  00002ff2          *   00000004              : exit.obj (.bss) [fill = 00]
                 [ 00005fec ]  00002ff6          *   00000002   ezdsp5502bsl.lib : ezdsp5502_mcbsp.obj (.bss) [fill = 00]

.csldata     0   [ 00006000 ]  00003000          *   00000088   
                 [ 00006000 ]  00003000          *   00000066   csl5502x.lib : csl_mcbspdat.obj (.csldata:MCBSP_data) [fill = 00]
                 [ 000060cc ]  00003066          *   00000022                : csl_csldat.obj (.csldata:SYS_data) [fill = 00]

.const       0   [ 00006120 ]  00003090          *   00000025   
                 [ 00006120 ]  00003090          *   0000001b   ezdsp5502bsl.lib : ezdsp5502_mcbsp.obj (.const:_$P$T0$1)
                 [ 00006156 ]  000030ab          *   0000000a                    : ezdsp5502_i2c.obj (.const:_$P$T0$1)

vectors      0     0000fe00  [ 00007f00 ] 00000100          *   
                   0000fe00  [ 00007f00 ] 00000100          *   rts55x.lib : vectors.obj (vectors)


GLOBAL SYMBOLS: SORTED ALPHABETICALLY BY Name 

abs. value/
byte addr   word addr   name
---------   ---------   ----
00000002                $TI_capability$C5500$CallingConvention
00000002                $TI_capability$C5500$MemoryModel
00000001                $TI_capability_requires_rev2
            00002970    .bss
            00000180    .data
00002300                .text
00003459                C$$EXIT
00002350                _AIC3204_rget
00002326                _AIC3204_rset
00003470                _CSL5502_LIB_
            00003000    _CSL_McbspData
            00003066    _CSL_SysData
00003440                _CSL_init
00002be9                _EZDSP5502_I2CGPIO_configLine
00002cc0                _EZDSP5502_I2CGPIO_read
00002c3c                _EZDSP5502_I2CGPIO_readLine
00002d0d                _EZDSP5502_I2CGPIO_write
00002c6d                _EZDSP5502_I2CGPIO_writeLine
00003219                _EZDSP5502_I2C_init
00003262                _EZDSP5502_I2C_read
00003236                _EZDSP5502_I2C_reset
00003240                _EZDSP5502_I2C_write
00002f9a                _EZDSP5502_MCBSP_close
00002f56                _EZDSP5502_MCBSP_init
00002fdc                _EZDSP5502_MCBSP_read
00002fac                _EZDSP5502_MCBSP_write
00003200                _EZDSP5502_init
000031ba                _EZDSP5502_wait
000031ee                _EZDSP5502_waitusec
00003138                _I2C_config
00002a8c                _I2C_read
000028fc                _I2C_write
00003420                _IRQ_globalDisable
0000344c                _IRQ_globalRestore
000033a4                _MCBSP_close
00002d38                _MCBSP_config
00002e68                _MCBSP_open
00003460                _MCBSP_read16
00002698                _MCBSP_reset
000030b4                _MCBSP_start
00003468                _MCBSP_write16
0000fe00                _Reset
00003430                __CSL_init
            00001180    __STACK_END
00002000                __STACK_SIZE
00001000                __SYSSTACK_SIZE
ffffffff                ___binit__
            00002970    ___bss__
ffffffff                ___c_args__
            00002240    ___cinit__
            00000180    ___data__
            00000180    ___edata__
            00002ff8    ___end__
00003474                ___etext__
ffffffff                ___pinit__
00002300                ___text__
000032d3                __args_main
            00002ff2    __cleanup_ptr
0000331e                __divli
00003010                __divul
            00002ff4    __dtors_ptr
            00002fee    __lock
0000341e                __nop
00003416                __register_lock
0000340e                __register_unlock
            00000180    __stack
            00001a40    __sysstack
            00002ff0    __unlock
00003458                _abort
            00002ff6    _aicMcbsp
00003286                _auto_init
000033da                _c_int00
0000239d                _configure_AIC3204
00003366                _exit
0000252b                _main
00002300                _select_codec
            000029ae    _sinetable
            00002970    _song
ffffffff                binit
            00002240    cinit
            00000180    edata
            00002ff8    end
00003474                etext
ffffffff                pinit


GLOBAL SYMBOLS: SORTED BY Symbol Address 

abs. value/
byte addr   word addr   name
---------   ---------   ----
00000001                $TI_capability_requires_rev2
00000002                $TI_capability$C5500$CallingConvention
00000002                $TI_capability$C5500$MemoryModel
            00000180    .data
            00000180    ___data__
            00000180    ___edata__
            00000180    __stack
            00000180    edata
00001000                __SYSSTACK_SIZE
00002000                __STACK_SIZE
00002300                .text
            00001180    __STACK_END
00002300                ___text__
00002300                _select_codec
00002326                _AIC3204_rset
00002350                _AIC3204_rget
0000239d                _configure_AIC3204
0000252b                _main
00002698                _MCBSP_reset
000028fc                _I2C_write
00002a8c                _I2C_read
00002be9                _EZDSP5502_I2CGPIO_configLine
00002c3c                _EZDSP5502_I2CGPIO_readLine
00002c6d                _EZDSP5502_I2CGPIO_writeLine
00002cc0                _EZDSP5502_I2CGPIO_read
00002d0d                _EZDSP5502_I2CGPIO_write
00002d38                _MCBSP_config
00002e68                _MCBSP_open
00002f56                _EZDSP5502_MCBSP_init
00002f9a                _EZDSP5502_MCBSP_close
00002fac                _EZDSP5502_MCBSP_write
00002fdc                _EZDSP5502_MCBSP_read
00003010                __divul
000030b4                _MCBSP_start
00003138                _I2C_config
000031ba                _EZDSP5502_wait
000031ee                _EZDSP5502_waitusec
00003200                _EZDSP5502_init
00003219                _EZDSP5502_I2C_init
00003236                _EZDSP5502_I2C_reset
00003240                _EZDSP5502_I2C_write
00003262                _EZDSP5502_I2C_read
00003286                _auto_init
000032d3                __args_main
0000331e                __divli
00003366                _exit
000033a4                _MCBSP_close
000033da                _c_int00
0000340e                __register_unlock
00003416                __register_lock
0000341e                __nop
00003420                _IRQ_globalDisable
00003430                __CSL_init
00003440                _CSL_init
0000344c                _IRQ_globalRestore
00003458                _abort
00003459                C$$EXIT
00003460                _MCBSP_read16
00003468                _MCBSP_write16
00003470                _CSL5502_LIB_
00003474                ___etext__
00003474                etext
            00001a40    __sysstack
            00002240    ___cinit__
            00002240    cinit
            00002970    .bss
            00002970    ___bss__
            00002970    _song
            000029ae    _sinetable
            00002fee    __lock
            00002ff0    __unlock
            00002ff2    __cleanup_ptr
            00002ff4    __dtors_ptr
            00002ff6    _aicMcbsp
            00002ff8    ___end__
            00002ff8    end
            00003000    _CSL_McbspData
            00003066    _CSL_SysData
0000fe00                _Reset
ffffffff                ___binit__
ffffffff                ___c_args__
ffffffff                ___pinit__
ffffffff                binit
ffffffff                pinit

[84 symbols]
