<?xml version="1.0"?>
<link_info>
   <banner>TMS320C55x Linker Unix v4.4.1</banner>
   <copyright>Copyright (c) 1996-2012 Texas Instruments Incorporated</copyright>
   <link_time>0x5d8974db</link_time>
   <output_file>enet.out</output_file>
   <entry_point>
      <name>_c_int00</name>
      <address>0x4b2b</address>
   </entry_point>
   <input_file_list>
      <input_file id="fl-2">
         <path>./</path>
         <kind>object</kind>
         <file>enet.obj</file>
         <name>enet.obj</name>
      </input_file>
      <input_file id="fl-3">
         <path>./</path>
         <kind>object</kind>
         <file>enet_test.obj</file>
         <name>enet_test.obj</name>
      </input_file>
      <input_file id="fl-4">
         <path>./</path>
         <kind>object</kind>
         <file>main.obj</file>
         <name>main.obj</name>
      </input_file>
      <input_file id="fl-a">
         <path>/home/raffaello/dev/workspace/UFBA/ENGG45/ezdsp5502_v1/lib/</path>
         <kind>archive</kind>
         <file>ezdsp5502bsl.lib</file>
         <name>ezdsp5502.obj</name>
      </input_file>
      <input_file id="fl-b">
         <path>/home/raffaello/dev/workspace/UFBA/ENGG45/ezdsp5502_v1/lib/</path>
         <kind>archive</kind>
         <file>ezdsp5502bsl.lib</file>
         <name>ezdsp5502_i2cgpio.obj</name>
      </input_file>
      <input_file id="fl-c">
         <path>/home/raffaello/dev/workspace/UFBA/ENGG45/ezdsp5502_v1/lib/</path>
         <kind>archive</kind>
         <file>ezdsp5502bsl.lib</file>
         <name>ezdsp5502_i2c.obj</name>
      </input_file>
      <input_file id="fl-d">
         <path>/home/raffaello/dev/workspace/UFBA/ENGG45/ezdsp5502_v1/C55xxCSL/lib/</path>
         <kind>archive</kind>
         <file>csl5502x.lib</file>
         <name>_csl_init.obj</name>
      </input_file>
      <input_file id="fl-e">
         <path>/home/raffaello/dev/workspace/UFBA/ENGG45/ezdsp5502_v1/C55xxCSL/lib/</path>
         <kind>archive</kind>
         <file>csl5502x.lib</file>
         <name>csl.obj</name>
      </input_file>
      <input_file id="fl-f">
         <path>/home/raffaello/dev/workspace/UFBA/ENGG45/ezdsp5502_v1/C55xxCSL/lib/</path>
         <kind>archive</kind>
         <file>csl5502x.lib</file>
         <name>csl_csldat.obj</name>
      </input_file>
      <input_file id="fl-10">
         <path>/home/raffaello/dev/workspace/UFBA/ENGG45/ezdsp5502_v1/C55xxCSL/lib/</path>
         <kind>archive</kind>
         <file>csl5502x.lib</file>
         <name>i2c_cfg.obj</name>
      </input_file>
      <input_file id="fl-11">
         <path>/home/raffaello/dev/workspace/UFBA/ENGG45/ezdsp5502_v1/C55xxCSL/lib/</path>
         <kind>archive</kind>
         <file>csl5502x.lib</file>
         <name>i2c_read.obj</name>
      </input_file>
      <input_file id="fl-12">
         <path>/home/raffaello/dev/workspace/UFBA/ENGG45/ezdsp5502_v1/C55xxCSL/lib/</path>
         <kind>archive</kind>
         <file>csl5502x.lib</file>
         <name>i2c_write.obj</name>
      </input_file>
      <input_file id="fl-13">
         <path>/home/raffaello/dev/workspace/UFBA/ENGG45/ezdsp5502_v1/C55xxCSL/lib/</path>
         <kind>archive</kind>
         <file>csl5502x.lib</file>
         <name>irq_gdisab.obj</name>
      </input_file>
      <input_file id="fl-14">
         <path>/home/raffaello/dev/workspace/UFBA/ENGG45/ezdsp5502_v1/C55xxCSL/lib/</path>
         <kind>archive</kind>
         <file>csl5502x.lib</file>
         <name>irq_grest.obj</name>
      </input_file>
      <input_file id="fl-15">
         <path>/opt/ti/ccs910/ccs/tools/compiler/c5500_4.4.1/lib/</path>
         <kind>archive</kind>
         <file>rts55x.lib</file>
         <name>boot.obj</name>
      </input_file>
      <input_file id="fl-16">
         <path>/opt/ti/ccs910/ccs/tools/compiler/c5500_4.4.1/lib/</path>
         <kind>archive</kind>
         <file>rts55x.lib</file>
         <name>exit.obj</name>
      </input_file>
      <input_file id="fl-17">
         <path>/opt/ti/ccs910/ccs/tools/compiler/c5500_4.4.1/lib/</path>
         <kind>archive</kind>
         <file>rts55x.lib</file>
         <name>printf.obj</name>
      </input_file>
      <input_file id="fl-18">
         <path>/opt/ti/ccs910/ccs/tools/compiler/c5500_4.4.1/lib/</path>
         <kind>archive</kind>
         <file>rts55x.lib</file>
         <name>vectors.obj</name>
      </input_file>
      <input_file id="fl-19">
         <path>/opt/ti/ccs910/ccs/tools/compiler/c5500_4.4.1/lib/</path>
         <kind>archive</kind>
         <file>rts55x.lib</file>
         <name>_lock.obj</name>
      </input_file>
      <input_file id="fl-1a">
         <path>/opt/ti/ccs910/ccs/tools/compiler/c5500_4.4.1/lib/</path>
         <kind>archive</kind>
         <file>rts55x.lib</file>
         <name>_printfi.obj</name>
      </input_file>
      <input_file id="fl-1b">
         <path>/opt/ti/ccs910/ccs/tools/compiler/c5500_4.4.1/lib/</path>
         <kind>archive</kind>
         <file>rts55x.lib</file>
         <name>args_main.obj</name>
      </input_file>
      <input_file id="fl-1c">
         <path>/opt/ti/ccs910/ccs/tools/compiler/c5500_4.4.1/lib/</path>
         <kind>archive</kind>
         <file>rts55x.lib</file>
         <name>atoi.obj</name>
      </input_file>
      <input_file id="fl-1d">
         <path>/opt/ti/ccs910/ccs/tools/compiler/c5500_4.4.1/lib/</path>
         <kind>archive</kind>
         <file>rts55x.lib</file>
         <name>autoinit.obj</name>
      </input_file>
      <input_file id="fl-1e">
         <path>/opt/ti/ccs910/ccs/tools/compiler/c5500_4.4.1/lib/</path>
         <kind>archive</kind>
         <file>rts55x.lib</file>
         <name>cmpd.obj</name>
      </input_file>
      <input_file id="fl-1f">
         <path>/opt/ti/ccs910/ccs/tools/compiler/c5500_4.4.1/lib/</path>
         <kind>archive</kind>
         <file>rts55x.lib</file>
         <name>ctype.obj</name>
      </input_file>
      <input_file id="fl-20">
         <path>/opt/ti/ccs910/ccs/tools/compiler/c5500_4.4.1/lib/</path>
         <kind>archive</kind>
         <file>rts55x.lib</file>
         <name>defs.obj</name>
      </input_file>
      <input_file id="fl-21">
         <path>/opt/ti/ccs910/ccs/tools/compiler/c5500_4.4.1/lib/</path>
         <kind>archive</kind>
         <file>rts55x.lib</file>
         <name>divd.obj</name>
      </input_file>
      <input_file id="fl-22">
         <path>/opt/ti/ccs910/ccs/tools/compiler/c5500_4.4.1/lib/</path>
         <kind>archive</kind>
         <file>rts55x.lib</file>
         <name>divul.obj</name>
      </input_file>
      <input_file id="fl-23">
         <path>/opt/ti/ccs910/ccs/tools/compiler/c5500_4.4.1/lib/</path>
         <kind>archive</kind>
         <file>rts55x.lib</file>
         <name>fixdi.obj</name>
      </input_file>
      <input_file id="fl-24">
         <path>/opt/ti/ccs910/ccs/tools/compiler/c5500_4.4.1/lib/</path>
         <kind>archive</kind>
         <file>rts55x.lib</file>
         <name>fixdli.obj</name>
      </input_file>
      <input_file id="fl-25">
         <path>/opt/ti/ccs910/ccs/tools/compiler/c5500_4.4.1/lib/</path>
         <kind>archive</kind>
         <file>rts55x.lib</file>
         <name>fltlid.obj</name>
      </input_file>
      <input_file id="fl-26">
         <path>/opt/ti/ccs910/ccs/tools/compiler/c5500_4.4.1/lib/</path>
         <kind>archive</kind>
         <file>rts55x.lib</file>
         <name>fputc.obj</name>
      </input_file>
      <input_file id="fl-27">
         <path>/opt/ti/ccs910/ccs/tools/compiler/c5500_4.4.1/lib/</path>
         <kind>archive</kind>
         <file>rts55x.lib</file>
         <name>fputs.obj</name>
      </input_file>
      <input_file id="fl-28">
         <path>/opt/ti/ccs910/ccs/tools/compiler/c5500_4.4.1/lib/</path>
         <kind>archive</kind>
         <file>rts55x.lib</file>
         <name>frcmpyd_div.obj</name>
      </input_file>
      <input_file id="fl-29">
         <path>/opt/ti/ccs910/ccs/tools/compiler/c5500_4.4.1/lib/</path>
         <kind>archive</kind>
         <file>rts55x.lib</file>
         <name>isinf.obj</name>
      </input_file>
      <input_file id="fl-2a">
         <path>/opt/ti/ccs910/ccs/tools/compiler/c5500_4.4.1/lib/</path>
         <kind>archive</kind>
         <file>rts55x.lib</file>
         <name>llmpy.obj</name>
      </input_file>
      <input_file id="fl-2b">
         <path>/opt/ti/ccs910/ccs/tools/compiler/c5500_4.4.1/lib/</path>
         <kind>archive</kind>
         <file>rts55x.lib</file>
         <name>lmpy.obj</name>
      </input_file>
      <input_file id="fl-2c">
         <path>/opt/ti/ccs910/ccs/tools/compiler/c5500_4.4.1/lib/</path>
         <kind>archive</kind>
         <file>rts55x.lib</file>
         <name>lowlev.obj</name>
      </input_file>
      <input_file id="fl-2d">
         <path>/opt/ti/ccs910/ccs/tools/compiler/c5500_4.4.1/lib/</path>
         <kind>archive</kind>
         <file>rts55x.lib</file>
         <name>ltoa.obj</name>
      </input_file>
      <input_file id="fl-2e">
         <path>/opt/ti/ccs910/ccs/tools/compiler/c5500_4.4.1/lib/</path>
         <kind>archive</kind>
         <file>rts55x.lib</file>
         <name>memccpy.obj</name>
      </input_file>
      <input_file id="fl-2f">
         <path>/opt/ti/ccs910/ccs/tools/compiler/c5500_4.4.1/lib/</path>
         <kind>archive</kind>
         <file>rts55x.lib</file>
         <name>memcpy.obj</name>
      </input_file>
      <input_file id="fl-30">
         <path>/opt/ti/ccs910/ccs/tools/compiler/c5500_4.4.1/lib/</path>
         <kind>archive</kind>
         <file>rts55x.lib</file>
         <name>mpyd.obj</name>
      </input_file>
      <input_file id="fl-31">
         <path>/opt/ti/ccs910/ccs/tools/compiler/c5500_4.4.1/lib/</path>
         <kind>archive</kind>
         <file>rts55x.lib</file>
         <name>negd.obj</name>
      </input_file>
      <input_file id="fl-32">
         <path>/opt/ti/ccs910/ccs/tools/compiler/c5500_4.4.1/lib/</path>
         <kind>archive</kind>
         <file>rts55x.lib</file>
         <name>remli.obj</name>
      </input_file>
      <input_file id="fl-33">
         <path>/opt/ti/ccs910/ccs/tools/compiler/c5500_4.4.1/lib/</path>
         <kind>archive</kind>
         <file>rts55x.lib</file>
         <name>remul.obj</name>
      </input_file>
      <input_file id="fl-34">
         <path>/opt/ti/ccs910/ccs/tools/compiler/c5500_4.4.1/lib/</path>
         <kind>archive</kind>
         <file>rts55x.lib</file>
         <name>subd.obj</name>
      </input_file>
      <input_file id="fl-35">
         <path>/opt/ti/ccs910/ccs/tools/compiler/c5500_4.4.1/lib/</path>
         <kind>archive</kind>
         <file>rts55x.lib</file>
         <name>trgdrv.obj</name>
      </input_file>
      <input_file id="fl-36">
         <path>/opt/ti/ccs910/ccs/tools/compiler/c5500_4.4.1/lib/</path>
         <kind>archive</kind>
         <file>rts55x.lib</file>
         <name>trgmsg.obj</name>
      </input_file>
      <input_file id="fl-37">
         <path>/opt/ti/ccs910/ccs/tools/compiler/c5500_4.4.1/lib/</path>
         <kind>archive</kind>
         <file>rts55x.lib</file>
         <name>udiv.obj</name>
      </input_file>
      <input_file id="fl-38">
         <path>/opt/ti/ccs910/ccs/tools/compiler/c5500_4.4.1/lib/</path>
         <kind>archive</kind>
         <file>rts55x.lib</file>
         <name>_io_perm.obj</name>
      </input_file>
      <input_file id="fl-39">
         <path>/opt/ti/ccs910/ccs/tools/compiler/c5500_4.4.1/lib/</path>
         <kind>archive</kind>
         <file>rts55x.lib</file>
         <name>addd.obj</name>
      </input_file>
      <input_file id="fl-3a">
         <path>/opt/ti/ccs910/ccs/tools/compiler/c5500_4.4.1/lib/</path>
         <kind>archive</kind>
         <file>rts55x.lib</file>
         <name>divli.obj</name>
      </input_file>
      <input_file id="fl-3b">
         <path>/opt/ti/ccs910/ccs/tools/compiler/c5500_4.4.1/lib/</path>
         <kind>archive</kind>
         <file>rts55x.lib</file>
         <name>fflush.obj</name>
      </input_file>
      <input_file id="fl-3c">
         <path>/opt/ti/ccs910/ccs/tools/compiler/c5500_4.4.1/lib/</path>
         <kind>archive</kind>
         <file>rts55x.lib</file>
         <name>frcmpyd.obj</name>
      </input_file>
      <input_file id="fl-3d">
         <path>/opt/ti/ccs910/ccs/tools/compiler/c5500_4.4.1/lib/</path>
         <kind>archive</kind>
         <file>rts55x.lib</file>
         <name>fseek.obj</name>
      </input_file>
      <input_file id="fl-3e">
         <path>/opt/ti/ccs910/ccs/tools/compiler/c5500_4.4.1/lib/</path>
         <kind>archive</kind>
         <file>rts55x.lib</file>
         <name>setvbuf.obj</name>
      </input_file>
      <input_file id="fl-3f">
         <path>/opt/ti/ccs910/ccs/tools/compiler/c5500_4.4.1/lib/</path>
         <kind>archive</kind>
         <file>rts55x.lib</file>
         <name>fopen.obj</name>
      </input_file>
      <input_file id="fl-40">
         <path>/opt/ti/ccs910/ccs/tools/compiler/c5500_4.4.1/lib/</path>
         <kind>archive</kind>
         <file>rts55x.lib</file>
         <name>memory.obj</name>
      </input_file>
      <input_file id="fl-41">
         <path>/opt/ti/ccs910/ccs/tools/compiler/c5500_4.4.1/lib/</path>
         <kind>archive</kind>
         <file>rts55x.lib</file>
         <name>fclose.obj</name>
      </input_file>
      <input_file id="fl-42">
         <path>/opt/ti/ccs910/ccs/tools/compiler/c5500_4.4.1/lib/</path>
         <kind>archive</kind>
         <file>rts55x.lib</file>
         <name>remove.obj</name>
      </input_file>
   </input_file_list>
   <object_component_list>
      <object_component id="oc-5b">
         <name>.text</name>
         <load_address>0x300</load_address>
         <run_address>0x300</run_address>
         <size>0x15a4</size>
         <input_file_ref idref="fl-1a"/>
      </object_component>
      <object_component id="oc-a5">
         <name>.text</name>
         <load_address>0x18a4</load_address>
         <run_address>0x18a4</run_address>
         <size>0x543</size>
         <input_file_ref idref="fl-2c"/>
      </object_component>
      <object_component id="oc-cb">
         <name>.text</name>
         <load_address>0x1de7</load_address>
         <run_address>0x1de7</run_address>
         <size>0x528</size>
         <input_file_ref idref="fl-35"/>
      </object_component>
      <object_component id="oc-fc">
         <name>.text</name>
         <load_address>0x230f</load_address>
         <run_address>0x230f</run_address>
         <size>0x4b5</size>
         <input_file_ref idref="fl-40"/>
      </object_component>
      <object_component id="oc-77">
         <name>.text</name>
         <load_address>0x27c4</load_address>
         <run_address>0x27c4</run_address>
         <size>0x3cc</size>
         <input_file_ref idref="fl-21"/>
      </object_component>
      <object_component id="oc-f6">
         <name>.text</name>
         <load_address>0x2b90</load_address>
         <run_address>0x2b90</run_address>
         <size>0x27f</size>
         <input_file_ref idref="fl-3f"/>
      </object_component>
      <object_component id="oc-9d">
         <name>.text</name>
         <load_address>0x2e0f</load_address>
         <run_address>0x2e0f</run_address>
         <size>0x25e</size>
         <input_file_ref idref="fl-2a"/>
      </object_component>
      <object_component id="oc-de">
         <name>.text</name>
         <load_address>0x306d</load_address>
         <run_address>0x306d</run_address>
         <size>0x25a</size>
         <input_file_ref idref="fl-39"/>
      </object_component>
      <object_component id="oc-6d">
         <name>.text</name>
         <load_address>0x32c7</load_address>
         <run_address>0x32c7</run_address>
         <size>0x1ea</size>
         <input_file_ref idref="fl-1e"/>
      </object_component>
      <object_component id="oc-19">
         <name>.text</name>
         <load_address>0x34b1</load_address>
         <run_address>0x34b1</run_address>
         <size>0x1a2</size>
         <input_file_ref idref="fl-3"/>
      </object_component>
      <object_component id="oc-3f">
         <name>.text:I2C_write</name>
         <load_address>0x3654</load_address>
         <run_address>0x3654</run_address>
         <size>0x18e</size>
         <input_file_ref idref="fl-12"/>
      </object_component>
      <object_component id="oc-14">
         <name>.text</name>
         <load_address>0x37e2</load_address>
         <run_address>0x37e2</run_address>
         <size>0x16e</size>
         <input_file_ref idref="fl-2"/>
      </object_component>
      <object_component id="oc-90">
         <name>.text</name>
         <load_address>0x3950</load_address>
         <run_address>0x3950</run_address>
         <size>0x163</size>
         <input_file_ref idref="fl-27"/>
      </object_component>
      <object_component id="oc-3e">
         <name>.text:I2C_read</name>
         <load_address>0x3ab4</load_address>
         <run_address>0x3ab4</run_address>
         <size>0x15d</size>
         <input_file_ref idref="fl-11"/>
      </object_component>
      <object_component id="oc-2e">
         <name>.text</name>
         <load_address>0x3c11</load_address>
         <run_address>0x3c11</run_address>
         <size>0x14e</size>
         <input_file_ref idref="fl-b"/>
      </object_component>
      <object_component id="oc-b7">
         <name>.text</name>
         <load_address>0x3d5f</load_address>
         <run_address>0x3d5f</run_address>
         <size>0x14c</size>
         <input_file_ref idref="fl-30"/>
      </object_component>
      <object_component id="oc-f2">
         <name>.text</name>
         <load_address>0x3eab</load_address>
         <run_address>0x3eab</run_address>
         <size>0xe6</size>
         <input_file_ref idref="fl-3e"/>
      </object_component>
      <object_component id="oc-da">
         <name>.text</name>
         <load_address>0x3f91</load_address>
         <run_address>0x3f91</run_address>
         <size>0xdd</size>
         <input_file_ref idref="fl-38"/>
      </object_component>
      <object_component id="oc-e6">
         <name>.text</name>
         <load_address>0x406e</load_address>
         <run_address>0x406e</run_address>
         <size>0xc2</size>
         <input_file_ref idref="fl-3b"/>
      </object_component>
      <object_component id="oc-d3">
         <name>.text:CIO_breakpoint</name>
         <load_address>0x4130</load_address>
         <run_address>0x4130</run_address>
         <size>0xba</size>
         <input_file_ref idref="fl-36"/>
      </object_component>
      <object_component id="oc-8c">
         <name>.text</name>
         <load_address>0x41ea</load_address>
         <run_address>0x41ea</run_address>
         <size>0xa6</size>
         <input_file_ref idref="fl-26"/>
      </object_component>
      <object_component id="oc-7b">
         <name>.text</name>
         <load_address>0x4290</load_address>
         <run_address>0x4290</run_address>
         <size>0xa1</size>
         <input_file_ref idref="fl-22"/>
      </object_component>
      <object_component id="oc-ab">
         <name>.text</name>
         <load_address>0x4331</load_address>
         <run_address>0x4331</run_address>
         <size>0x7d</size>
         <input_file_ref idref="fl-2d"/>
      </object_component>
      <object_component id="oc-103">
         <name>.text</name>
         <load_address>0x43ae</load_address>
         <run_address>0x43ae</run_address>
         <size>0x7b</size>
         <input_file_ref idref="fl-41"/>
      </object_component>
      <object_component id="oc-ea">
         <name>.text</name>
         <load_address>0x4429</load_address>
         <run_address>0x4429</run_address>
         <size>0x76</size>
         <input_file_ref idref="fl-3c"/>
      </object_component>
      <object_component id="oc-95">
         <name>.text</name>
         <load_address>0x449f</load_address>
         <run_address>0x449f</run_address>
         <size>0x73</size>
         <input_file_ref idref="fl-28"/>
      </object_component>
      <object_component id="oc-51">
         <name>.text</name>
         <load_address>0x4512</load_address>
         <run_address>0x4512</run_address>
         <size>0x2</size>
         <input_file_ref idref="fl-18"/>
      </object_component>
      <object_component id="oc-3d">
         <name>.text:I2C_config</name>
         <load_address>0x4514</load_address>
         <run_address>0x4514</run_address>
         <size>0x72</size>
         <input_file_ref idref="fl-10"/>
      </object_component>
      <object_component id="oc-c3">
         <name>.text</name>
         <load_address>0x4586</load_address>
         <run_address>0x4586</run_address>
         <size>0x72</size>
         <input_file_ref idref="fl-33"/>
      </object_component>
      <object_component id="oc-29">
         <name>.text</name>
         <load_address>0x45f8</load_address>
         <run_address>0x45f8</run_address>
         <size>0x6f</size>
         <input_file_ref idref="fl-a"/>
      </object_component>
      <object_component id="oc-83">
         <name>.text</name>
         <load_address>0x4667</load_address>
         <run_address>0x4667</run_address>
         <size>0x6f</size>
         <input_file_ref idref="fl-24"/>
      </object_component>
      <object_component id="oc-33">
         <name>.text</name>
         <load_address>0x46d6</load_address>
         <run_address>0x46d6</run_address>
         <size>0x6d</size>
         <input_file_ref idref="fl-c"/>
      </object_component>
      <object_component id="oc-d0">
         <name>.text</name>
         <load_address>0x4743</load_address>
         <run_address>0x4743</run_address>
         <size>0x6d</size>
         <input_file_ref idref="fl-36"/>
      </object_component>
      <object_component id="oc-ee">
         <name>.text</name>
         <load_address>0x47b0</load_address>
         <run_address>0x47b0</run_address>
         <size>0x6b</size>
         <input_file_ref idref="fl-3d"/>
      </object_component>
      <object_component id="oc-87">
         <name>.text</name>
         <load_address>0x481b</load_address>
         <run_address>0x481b</run_address>
         <size>0x67</size>
         <input_file_ref idref="fl-25"/>
      </object_component>
      <object_component id="oc-65">
         <name>.text</name>
         <load_address>0x4882</load_address>
         <run_address>0x4882</run_address>
         <size>0x5c</size>
         <input_file_ref idref="fl-1c"/>
      </object_component>
      <object_component id="oc-21">
         <name>.text</name>
         <load_address>0x48de</load_address>
         <run_address>0x48de</run_address>
         <size>0x55</size>
         <input_file_ref idref="fl-4"/>
      </object_component>
      <object_component id="oc-4d">
         <name>.text</name>
         <load_address>0x4933</load_address>
         <run_address>0x4933</run_address>
         <size>0x50</size>
         <input_file_ref idref="fl-17"/>
      </object_component>
      <object_component id="oc-69">
         <name>.text</name>
         <load_address>0x4983</load_address>
         <run_address>0x4983</run_address>
         <size>0x4d</size>
         <input_file_ref idref="fl-1d"/>
      </object_component>
      <object_component id="oc-61">
         <name>.text</name>
         <load_address>0x49d0</load_address>
         <run_address>0x49d0</run_address>
         <size>0x4b</size>
         <input_file_ref idref="fl-1b"/>
      </object_component>
      <object_component id="oc-bf">
         <name>.text</name>
         <load_address>0x4a1b</load_address>
         <run_address>0x4a1b</run_address>
         <size>0x4b</size>
         <input_file_ref idref="fl-32"/>
      </object_component>
      <object_component id="oc-e2">
         <name>.text</name>
         <load_address>0x4a66</load_address>
         <run_address>0x4a66</run_address>
         <size>0x48</size>
         <input_file_ref idref="fl-3a"/>
      </object_component>
      <object_component id="oc-b3">
         <name>.text</name>
         <load_address>0x4aae</load_address>
         <run_address>0x4aae</run_address>
         <size>0x3f</size>
         <input_file_ref idref="fl-2f"/>
      </object_component>
      <object_component id="oc-46">
         <name>.text</name>
         <load_address>0x4aed</load_address>
         <run_address>0x4aed</run_address>
         <size>0x3e</size>
         <input_file_ref idref="fl-16"/>
      </object_component>
      <object_component id="oc-12">
         <name>.text</name>
         <load_address>0x4b2b</load_address>
         <run_address>0x4b2b</run_address>
         <size>0x34</size>
         <input_file_ref idref="fl-15"/>
      </object_component>
      <object_component id="oc-7f">
         <name>.text</name>
         <load_address>0x4b5f</load_address>
         <run_address>0x4b5f</run_address>
         <size>0x2a</size>
         <input_file_ref idref="fl-23"/>
      </object_component>
      <object_component id="oc-d6">
         <name>.text</name>
         <load_address>0x4b89</load_address>
         <run_address>0x4b89</run_address>
         <size>0x2a</size>
         <input_file_ref idref="fl-37"/>
      </object_component>
      <object_component id="oc-af">
         <name>.text</name>
         <load_address>0x4bb3</load_address>
         <run_address>0x4bb3</run_address>
         <size>0x23</size>
         <input_file_ref idref="fl-2e"/>
      </object_component>
      <object_component id="oc-99">
         <name>.text</name>
         <load_address>0x4bd6</load_address>
         <run_address>0x4bd6</run_address>
         <size>0x1a</size>
         <input_file_ref idref="fl-29"/>
      </object_component>
      <object_component id="oc-c7">
         <name>.text</name>
         <load_address>0x4bf0</load_address>
         <run_address>0x4bf0</run_address>
         <size>0x14</size>
         <input_file_ref idref="fl-34"/>
      </object_component>
      <object_component id="oc-a1">
         <name>.text</name>
         <load_address>0x4c04</load_address>
         <run_address>0x4c04</run_address>
         <size>0x13</size>
         <input_file_ref idref="fl-2b"/>
      </object_component>
      <object_component id="oc-55">
         <name>.text</name>
         <load_address>0x4c17</load_address>
         <run_address>0x4c17</run_address>
         <size>0x12</size>
         <input_file_ref idref="fl-19"/>
      </object_component>
      <object_component id="oc-bb">
         <name>.text</name>
         <load_address>0x4c29</load_address>
         <run_address>0x4c29</run_address>
         <size>0x10</size>
         <input_file_ref idref="fl-31"/>
      </object_component>
      <object_component id="oc-40">
         <name>.text:IRQ_globalDisable</name>
         <load_address>0x4c3c</load_address>
         <run_address>0x4c3c</run_address>
         <size>0xf</size>
         <input_file_ref idref="fl-13"/>
      </object_component>
      <object_component id="oc-38">
         <name>.text:_CSL_init</name>
         <load_address>0x4c4c</load_address>
         <run_address>0x4c4c</run_address>
         <size>0xd</size>
         <input_file_ref idref="fl-d"/>
      </object_component>
      <object_component id="oc-3a">
         <name>.text:CSL_init</name>
         <load_address>0x4c5c</load_address>
         <run_address>0x4c5c</run_address>
         <size>0xc</size>
         <input_file_ref idref="fl-e"/>
      </object_component>
      <object_component id="oc-41">
         <name>.text:IRQ_globalRestore</name>
         <load_address>0x4c68</load_address>
         <run_address>0x4c68</run_address>
         <size>0xc</size>
         <input_file_ref idref="fl-14"/>
      </object_component>
      <object_component id="oc-107">
         <name>.text</name>
         <load_address>0x4c74</load_address>
         <run_address>0x4c74</run_address>
         <size>0xa</size>
         <input_file_ref idref="fl-42"/>
      </object_component>
      <object_component id="oc-4a">
         <name>.text:CIO_breakpoint</name>
         <load_address>0x4c7e</load_address>
         <run_address>0x4c7e</run_address>
         <size>0x7</size>
         <input_file_ref idref="fl-16"/>
      </object_component>
      <object_component id="oc-39">
         <name>.text</name>
         <load_address>0x4c88</load_address>
         <run_address>0x4c88</run_address>
         <size>0x2</size>
         <input_file_ref idref="fl-e"/>
      </object_component>
      <object_component id="oc-42">
         <name>.stack</name>
         <load_address>0x4ca0</load_address>
         <run_address>0x4ca0</run_address>
         <size>0x0</size>
         <input_file_ref idref="fl-15"/>
      </object_component>
      <object_component id="oc-127">
         <name>.stack</name>
         <load_address>0x4ca0</load_address>
         <run_address>0x4ca0</run_address>
         <size>0x0</size>
      </object_component>
      <object_component id="oc-10b">
         <name>.sysstack</name>
         <load_address>0x8ca0</load_address>
         <run_address>0x8ca0</run_address>
         <size>0x0</size>
         <input_file_ref idref="fl-15"/>
      </object_component>
      <object_component id="oc-129">
         <name>.sysstack</name>
         <load_address>0x8ca0</load_address>
         <run_address>0x8ca0</run_address>
         <size>0x0</size>
      </object_component>
      <object_component id="oc-3c">
         <name>.csldata:SYS_data</name>
         <load_address>0xad20</load_address>
         <run_address>0xad20</run_address>
         <size>0x44</size>
         <input_file_ref idref="fl-f"/>
      </object_component>
      <object_component id="oc-1a">
         <name>.bss</name>
         <load_address>0x9ca0</load_address>
         <run_address>0x9ca0</run_address>
         <size>0x308</size>
         <input_file_ref idref="fl-3"/>
      </object_component>
      <object_component id="oc-73">
         <name>.bss</name>
         <load_address>0x9fa8</load_address>
         <run_address>0x9fa8</run_address>
         <size>0x232</size>
         <input_file_ref idref="fl-20"/>
      </object_component>
      <object_component id="oc-cc">
         <name>.bss</name>
         <load_address>0xa1da</load_address>
         <run_address>0xa1da</run_address>
         <size>0x1a0</size>
         <input_file_ref idref="fl-35"/>
      </object_component>
      <object_component id="oc-22">
         <name>.bss</name>
         <load_address>0xa37a</load_address>
         <run_address>0xa37a</run_address>
         <size>0x2</size>
         <input_file_ref idref="fl-4"/>
      </object_component>
      <object_component id="oc-a6">
         <name>.bss</name>
         <load_address>0xa37c</load_address>
         <run_address>0xa37c</run_address>
         <size>0xe2</size>
         <input_file_ref idref="fl-2c"/>
      </object_component>
      <object_component id="oc-f7">
         <name>.bss</name>
         <load_address>0xa45e</load_address>
         <run_address>0xa45e</run_address>
         <size>0x2</size>
         <input_file_ref idref="fl-3f"/>
      </object_component>
      <object_component id="oc-fd">
         <name>.bss</name>
         <load_address>0xa460</load_address>
         <run_address>0xa460</run_address>
         <size>0xc</size>
         <input_file_ref idref="fl-40"/>
      </object_component>
      <object_component id="oc-56">
         <name>.bss</name>
         <load_address>0xa46c</load_address>
         <run_address>0xa46c</run_address>
         <size>0x8</size>
         <input_file_ref idref="fl-19"/>
      </object_component>
      <object_component id="oc-47">
         <name>.bss</name>
         <load_address>0xa474</load_address>
         <run_address>0xa474</run_address>
         <size>0x8</size>
         <input_file_ref idref="fl-16"/>
      </object_component>
      <object_component id="oc-10d">
         <name>.const:__ctypes_</name>
         <load_address>0xa480</load_address>
         <run_address>0xa480</run_address>
         <size>0x202</size>
         <input_file_ref idref="fl-1f"/>
      </object_component>
      <object_component id="oc-1d">
         <name>.const:.string</name>
         <load_address>0xa684</load_address>
         <run_address>0xa684</run_address>
         <size>0x112</size>
         <input_file_ref idref="fl-3"/>
      </object_component>
      <object_component id="oc-25">
         <name>.const:.string</name>
         <load_address>0xa798</load_address>
         <run_address>0xa798</run_address>
         <size>0xc2</size>
         <input_file_ref idref="fl-4"/>
      </object_component>
      <object_component id="oc-5e">
         <name>.const:.string</name>
         <load_address>0xa85c</load_address>
         <run_address>0xa85c</run_address>
         <size>0x48</size>
         <input_file_ref idref="fl-1a"/>
      </object_component>
      <object_component id="oc-5d">
         <name>.const</name>
         <load_address>0xa8a4</load_address>
         <run_address>0xa8a4</run_address>
         <size>0x18</size>
         <input_file_ref idref="fl-1a"/>
      </object_component>
      <object_component id="oc-10c">
         <name>.const:_$P$T0$1</name>
         <load_address>0xa8bc</load_address>
         <run_address>0xa8bc</run_address>
         <size>0x14</size>
         <input_file_ref idref="fl-c"/>
      </object_component>
      <object_component id="oc-10e">
         <name>.const:_initial_approx$1</name>
         <load_address>0xa8d0</load_address>
         <run_address>0xa8d0</run_address>
         <size>0x10</size>
         <input_file_ref idref="fl-21"/>
      </object_component>
      <object_component id="oc-92">
         <name>.const:.string</name>
         <load_address>0xa8e0</load_address>
         <run_address>0xa8e0</run_address>
         <size>0x4</size>
         <input_file_ref idref="fl-27"/>
      </object_component>
      <object_component id="oc-89">
         <name>.const</name>
         <load_address>0xa8e4</load_address>
         <run_address>0xa8e4</run_address>
         <size>0x4</size>
         <input_file_ref idref="fl-25"/>
      </object_component>
      <object_component id="oc-100">
         <name>.sysmem</name>
         <uninitialized>true</uninitialized>
         <run_address>0x6ca0</run_address>
         <size>0x0</size>
         <input_file_ref idref="fl-40"/>
      </object_component>
      <object_component id="oc-128">
         <name>.sysmem</name>
         <uninitialized>true</uninitialized>
         <run_address>0x6ca0</run_address>
         <size>0x0</size>
      </object_component>
      <object_component id="oc-1c">
         <name>.cinit</name>
         <load_address>0xab40</load_address>
         <run_address>0xab40</run_address>
         <size>0x8e</size>
         <input_file_ref idref="fl-3"/>
      </object_component>
      <object_component id="oc-a8">
         <name>.cinit</name>
         <load_address>0xabce</load_address>
         <run_address>0xabce</run_address>
         <size>0x5a</size>
         <input_file_ref idref="fl-2c"/>
      </object_component>
      <object_component id="oc-75">
         <name>.cinit</name>
         <load_address>0xac28</load_address>
         <run_address>0xac28</run_address>
         <size>0x54</size>
         <input_file_ref idref="fl-20"/>
      </object_component>
      <object_component id="oc-3b">
         <name>.cinit</name>
         <load_address>0xac7c</load_address>
         <run_address>0xac7c</run_address>
         <size>0x4a</size>
         <input_file_ref idref="fl-f"/>
      </object_component>
      <object_component id="oc-58">
         <name>.cinit</name>
         <load_address>0xacc6</load_address>
         <run_address>0xacc6</run_address>
         <size>0x14</size>
         <input_file_ref idref="fl-19"/>
      </object_component>
      <object_component id="oc-49">
         <name>.cinit</name>
         <load_address>0xacda</load_address>
         <run_address>0xacda</run_address>
         <size>0x14</size>
         <input_file_ref idref="fl-16"/>
      </object_component>
      <object_component id="oc-24">
         <name>.cinit</name>
         <load_address>0xacee</load_address>
         <run_address>0xacee</run_address>
         <size>0x8</size>
         <input_file_ref idref="fl-4"/>
      </object_component>
      <object_component id="oc-f9">
         <name>.cinit</name>
         <load_address>0xacf6</load_address>
         <run_address>0xacf6</run_address>
         <size>0x8</size>
         <input_file_ref idref="fl-3f"/>
      </object_component>
      <object_component id="oc-ff">
         <name>.cinit</name>
         <load_address>0xacfe</load_address>
         <run_address>0xacfe</run_address>
         <size>0x8</size>
         <input_file_ref idref="fl-40"/>
      </object_component>
      <object_component id="oc-d2">
         <name>.cio</name>
         <load_address>0xa900</load_address>
         <run_address>0xa900</run_address>
         <size>0x240</size>
         <input_file_ref idref="fl-36"/>
      </object_component>
      <object_component id="oc-13">
         <name>vectors</name>
         <load_address>0xfe00</load_address>
         <run_address>0xfe00</run_address>
         <size>0x100</size>
         <input_file_ref idref="fl-18"/>
      </object_component>
      <object_component id="oc-15">
         <name>.debug_info</name>
         <load_address>0x0</load_address>
         <run_address>0x0</run_address>
         <size>0x8b6</size>
         <input_file_ref idref="fl-2"/>
      </object_component>
      <object_component id="oc-1b">
         <name>.debug_info</name>
         <load_address>0x8b6</load_address>
         <run_address>0x8b6</run_address>
         <size>0x9d3</size>
         <input_file_ref idref="fl-3"/>
      </object_component>
      <object_component id="oc-23">
         <name>.debug_info</name>
         <load_address>0x1289</load_address>
         <run_address>0x1289</run_address>
         <size>0x623</size>
         <input_file_ref idref="fl-4"/>
      </object_component>
      <object_component id="oc-2a">
         <name>.debug_info</name>
         <load_address>0x18ac</load_address>
         <run_address>0x18ac</run_address>
         <size>0x2bda</size>
         <input_file_ref idref="fl-a"/>
      </object_component>
      <object_component id="oc-2f">
         <name>.debug_info</name>
         <load_address>0x4486</load_address>
         <run_address>0x4486</run_address>
         <size>0x2eec</size>
         <input_file_ref idref="fl-b"/>
      </object_component>
      <object_component id="oc-34">
         <name>.debug_info</name>
         <load_address>0x7372</load_address>
         <run_address>0x7372</run_address>
         <size>0x3031</size>
         <input_file_ref idref="fl-c"/>
      </object_component>
      <object_component id="oc-43">
         <name>.debug_info</name>
         <load_address>0xa3a3</load_address>
         <run_address>0xa3a3</run_address>
         <size>0xe8</size>
         <input_file_ref idref="fl-15"/>
      </object_component>
      <object_component id="oc-48">
         <name>.debug_info</name>
         <load_address>0xa48b</load_address>
         <run_address>0xa48b</run_address>
         <size>0x5fb</size>
         <input_file_ref idref="fl-16"/>
      </object_component>
      <object_component id="oc-4e">
         <name>.debug_info</name>
         <load_address>0xaa86</load_address>
         <run_address>0xaa86</run_address>
         <size>0x76c</size>
         <input_file_ref idref="fl-17"/>
      </object_component>
      <object_component id="oc-52">
         <name>.debug_info</name>
         <load_address>0xb1f2</load_address>
         <run_address>0xb1f2</run_address>
         <size>0xbc</size>
         <input_file_ref idref="fl-18"/>
      </object_component>
      <object_component id="oc-57">
         <name>.debug_info</name>
         <load_address>0xb2ae</load_address>
         <run_address>0xb2ae</run_address>
         <size>0x5bc</size>
         <input_file_ref idref="fl-19"/>
      </object_component>
      <object_component id="oc-5c">
         <name>.debug_info</name>
         <load_address>0xb86a</load_address>
         <run_address>0xb86a</run_address>
         <size>0x27bd</size>
         <input_file_ref idref="fl-1a"/>
      </object_component>
      <object_component id="oc-62">
         <name>.debug_info</name>
         <load_address>0xe027</load_address>
         <run_address>0xe027</run_address>
         <size>0x586</size>
         <input_file_ref idref="fl-1b"/>
      </object_component>
      <object_component id="oc-66">
         <name>.debug_info</name>
         <load_address>0xe5ad</load_address>
         <run_address>0xe5ad</run_address>
         <size>0x5a4</size>
         <input_file_ref idref="fl-1c"/>
      </object_component>
      <object_component id="oc-6a">
         <name>.debug_info</name>
         <load_address>0xeb51</load_address>
         <run_address>0xeb51</run_address>
         <size>0xcd</size>
         <input_file_ref idref="fl-1d"/>
      </object_component>
      <object_component id="oc-6e">
         <name>.debug_info</name>
         <load_address>0xec1e</load_address>
         <run_address>0xec1e</run_address>
         <size>0x81f</size>
         <input_file_ref idref="fl-1e"/>
      </object_component>
      <object_component id="oc-71">
         <name>.debug_info</name>
         <load_address>0xf43d</load_address>
         <run_address>0xf43d</run_address>
         <size>0x498</size>
         <input_file_ref idref="fl-1f"/>
      </object_component>
      <object_component id="oc-74">
         <name>.debug_info</name>
         <load_address>0xf8d5</load_address>
         <run_address>0xf8d5</run_address>
         <size>0x57e</size>
         <input_file_ref idref="fl-20"/>
      </object_component>
      <object_component id="oc-78">
         <name>.debug_info</name>
         <load_address>0xfe53</load_address>
         <run_address>0xfe53</run_address>
         <size>0x7e8</size>
         <input_file_ref idref="fl-21"/>
      </object_component>
      <object_component id="oc-7c">
         <name>.debug_info</name>
         <load_address>0x1063b</load_address>
         <run_address>0x1063b</run_address>
         <size>0x534</size>
         <input_file_ref idref="fl-22"/>
      </object_component>
      <object_component id="oc-80">
         <name>.debug_info</name>
         <load_address>0x10b6f</load_address>
         <run_address>0x10b6f</run_address>
         <size>0x4cf</size>
         <input_file_ref idref="fl-23"/>
      </object_component>
      <object_component id="oc-84">
         <name>.debug_info</name>
         <load_address>0x1103e</load_address>
         <run_address>0x1103e</run_address>
         <size>0x534</size>
         <input_file_ref idref="fl-24"/>
      </object_component>
      <object_component id="oc-88">
         <name>.debug_info</name>
         <load_address>0x11572</load_address>
         <run_address>0x11572</run_address>
         <size>0x549</size>
         <input_file_ref idref="fl-25"/>
      </object_component>
      <object_component id="oc-8d">
         <name>.debug_info</name>
         <load_address>0x11abb</load_address>
         <run_address>0x11abb</run_address>
         <size>0x6aa</size>
         <input_file_ref idref="fl-26"/>
      </object_component>
      <object_component id="oc-91">
         <name>.debug_info</name>
         <load_address>0x12165</load_address>
         <run_address>0x12165</run_address>
         <size>0x942</size>
         <input_file_ref idref="fl-27"/>
      </object_component>
      <object_component id="oc-96">
         <name>.debug_info</name>
         <load_address>0x12aa7</load_address>
         <run_address>0x12aa7</run_address>
         <size>0x53e</size>
         <input_file_ref idref="fl-28"/>
      </object_component>
      <object_component id="oc-9a">
         <name>.debug_info</name>
         <load_address>0x12fe5</load_address>
         <run_address>0x12fe5</run_address>
         <size>0x680</size>
         <input_file_ref idref="fl-29"/>
      </object_component>
      <object_component id="oc-9e">
         <name>.debug_info</name>
         <load_address>0x13665</load_address>
         <run_address>0x13665</run_address>
         <size>0x7d4</size>
         <input_file_ref idref="fl-2a"/>
      </object_component>
      <object_component id="oc-a2">
         <name>.debug_info</name>
         <load_address>0x13e39</load_address>
         <run_address>0x13e39</run_address>
         <size>0xbd</size>
         <input_file_ref idref="fl-2b"/>
      </object_component>
      <object_component id="oc-a7">
         <name>.debug_info</name>
         <load_address>0x13ef6</load_address>
         <run_address>0x13ef6</run_address>
         <size>0x144b</size>
         <input_file_ref idref="fl-2c"/>
      </object_component>
      <object_component id="oc-ac">
         <name>.debug_info</name>
         <load_address>0x15341</load_address>
         <run_address>0x15341</run_address>
         <size>0x5ad</size>
         <input_file_ref idref="fl-2d"/>
      </object_component>
      <object_component id="oc-b0">
         <name>.debug_info</name>
         <load_address>0x158ee</load_address>
         <run_address>0x158ee</run_address>
         <size>0x574</size>
         <input_file_ref idref="fl-2e"/>
      </object_component>
      <object_component id="oc-b4">
         <name>.debug_info</name>
         <load_address>0x15e62</load_address>
         <run_address>0x15e62</run_address>
         <size>0xd1</size>
         <input_file_ref idref="fl-2f"/>
      </object_component>
      <object_component id="oc-b8">
         <name>.debug_info</name>
         <load_address>0x15f33</load_address>
         <run_address>0x15f33</run_address>
         <size>0x55b</size>
         <input_file_ref idref="fl-30"/>
      </object_component>
      <object_component id="oc-bc">
         <name>.debug_info</name>
         <load_address>0x1648e</load_address>
         <run_address>0x1648e</run_address>
         <size>0x4b7</size>
         <input_file_ref idref="fl-31"/>
      </object_component>
      <object_component id="oc-c0">
         <name>.debug_info</name>
         <load_address>0x16945</load_address>
         <run_address>0x16945</run_address>
         <size>0x4f2</size>
         <input_file_ref idref="fl-32"/>
      </object_component>
      <object_component id="oc-c4">
         <name>.debug_info</name>
         <load_address>0x16e37</load_address>
         <run_address>0x16e37</run_address>
         <size>0x534</size>
         <input_file_ref idref="fl-33"/>
      </object_component>
      <object_component id="oc-c8">
         <name>.debug_info</name>
         <load_address>0x1736b</load_address>
         <run_address>0x1736b</run_address>
         <size>0x4de</size>
         <input_file_ref idref="fl-34"/>
      </object_component>
      <object_component id="oc-cd">
         <name>.debug_info</name>
         <load_address>0x17849</load_address>
         <run_address>0x17849</run_address>
         <size>0xed4</size>
         <input_file_ref idref="fl-35"/>
      </object_component>
      <object_component id="oc-d1">
         <name>.debug_info</name>
         <load_address>0x1871d</load_address>
         <run_address>0x1871d</run_address>
         <size>0x744</size>
         <input_file_ref idref="fl-36"/>
      </object_component>
      <object_component id="oc-d7">
         <name>.debug_info</name>
         <load_address>0x18e61</load_address>
         <run_address>0x18e61</run_address>
         <size>0xef</size>
         <input_file_ref idref="fl-37"/>
      </object_component>
      <object_component id="oc-db">
         <name>.debug_info</name>
         <load_address>0x18f50</load_address>
         <run_address>0x18f50</run_address>
         <size>0x662</size>
         <input_file_ref idref="fl-38"/>
      </object_component>
      <object_component id="oc-df">
         <name>.debug_info</name>
         <load_address>0x195b2</load_address>
         <run_address>0x195b2</run_address>
         <size>0x5ab</size>
         <input_file_ref idref="fl-39"/>
      </object_component>
      <object_component id="oc-e3">
         <name>.debug_info</name>
         <load_address>0x19b5d</load_address>
         <run_address>0x19b5d</run_address>
         <size>0x4f2</size>
         <input_file_ref idref="fl-3a"/>
      </object_component>
      <object_component id="oc-e7">
         <name>.debug_info</name>
         <load_address>0x1a04f</load_address>
         <run_address>0x1a04f</run_address>
         <size>0x706</size>
         <input_file_ref idref="fl-3b"/>
      </object_component>
      <object_component id="oc-eb">
         <name>.debug_info</name>
         <load_address>0x1a755</load_address>
         <run_address>0x1a755</run_address>
         <size>0x4d2</size>
         <input_file_ref idref="fl-3c"/>
      </object_component>
      <object_component id="oc-ef">
         <name>.debug_info</name>
         <load_address>0x1ac27</load_address>
         <run_address>0x1ac27</run_address>
         <size>0x5f7</size>
         <input_file_ref idref="fl-3d"/>
      </object_component>
      <object_component id="oc-f3">
         <name>.debug_info</name>
         <load_address>0x1b21e</load_address>
         <run_address>0x1b21e</run_address>
         <size>0x64a</size>
         <input_file_ref idref="fl-3e"/>
      </object_component>
      <object_component id="oc-f8">
         <name>.debug_info</name>
         <load_address>0x1b868</load_address>
         <run_address>0x1b868</run_address>
         <size>0xa1c</size>
         <input_file_ref idref="fl-3f"/>
      </object_component>
      <object_component id="oc-fe">
         <name>.debug_info</name>
         <load_address>0x1c284</load_address>
         <run_address>0x1c284</run_address>
         <size>0xb97</size>
         <input_file_ref idref="fl-40"/>
      </object_component>
      <object_component id="oc-104">
         <name>.debug_info</name>
         <load_address>0x1ce1b</load_address>
         <run_address>0x1ce1b</run_address>
         <size>0x64f</size>
         <input_file_ref idref="fl-41"/>
      </object_component>
      <object_component id="oc-108">
         <name>.debug_info</name>
         <load_address>0x1d46a</load_address>
         <run_address>0x1d46a</run_address>
         <size>0x510</size>
         <input_file_ref idref="fl-42"/>
      </object_component>
      <object_component id="oc-12b">
         <name>.debug_info</name>
         <load_address>0x1d97a</load_address>
         <run_address>0x1d97a</run_address>
         <size>0x70</size>
      </object_component>
      <object_component id="oc-16">
         <name>.debug_frame</name>
         <load_address>0x0</load_address>
         <run_address>0x0</run_address>
         <size>0x13a</size>
         <input_file_ref idref="fl-2"/>
      </object_component>
      <object_component id="oc-1e">
         <name>.debug_frame</name>
         <load_address>0x13a</load_address>
         <run_address>0x13a</run_address>
         <size>0xe5</size>
         <input_file_ref idref="fl-3"/>
      </object_component>
      <object_component id="oc-26">
         <name>.debug_frame</name>
         <load_address>0x21f</load_address>
         <run_address>0x21f</run_address>
         <size>0xfb</size>
         <input_file_ref idref="fl-4"/>
      </object_component>
      <object_component id="oc-2b">
         <name>.debug_frame</name>
         <load_address>0x31a</load_address>
         <run_address>0x31a</run_address>
         <size>0x138</size>
         <input_file_ref idref="fl-a"/>
      </object_component>
      <object_component id="oc-30">
         <name>.debug_frame</name>
         <load_address>0x452</load_address>
         <run_address>0x452</run_address>
         <size>0x157</size>
         <input_file_ref idref="fl-b"/>
      </object_component>
      <object_component id="oc-35">
         <name>.debug_frame</name>
         <load_address>0x5a9</load_address>
         <run_address>0x5a9</run_address>
         <size>0x132</size>
         <input_file_ref idref="fl-c"/>
      </object_component>
      <object_component id="oc-17">
         <name>.debug_line</name>
         <load_address>0x0</load_address>
         <run_address>0x0</run_address>
         <size>0xcc</size>
         <input_file_ref idref="fl-2"/>
      </object_component>
      <object_component id="oc-1f">
         <name>.debug_line</name>
         <load_address>0xcc</load_address>
         <run_address>0xcc</run_address>
         <size>0x8f</size>
         <input_file_ref idref="fl-3"/>
      </object_component>
      <object_component id="oc-27">
         <name>.debug_line</name>
         <load_address>0x15b</load_address>
         <run_address>0x15b</run_address>
         <size>0x67</size>
         <input_file_ref idref="fl-4"/>
      </object_component>
      <object_component id="oc-2c">
         <name>.debug_line</name>
         <load_address>0x1c2</load_address>
         <run_address>0x1c2</run_address>
         <size>0x8bd</size>
         <input_file_ref idref="fl-a"/>
      </object_component>
      <object_component id="oc-31">
         <name>.debug_line</name>
         <load_address>0xa7f</load_address>
         <run_address>0xa7f</run_address>
         <size>0x8ba</size>
         <input_file_ref idref="fl-b"/>
      </object_component>
      <object_component id="oc-36">
         <name>.debug_line</name>
         <load_address>0x1339</load_address>
         <run_address>0x1339</run_address>
         <size>0x831</size>
         <input_file_ref idref="fl-c"/>
      </object_component>
      <object_component id="oc-44">
         <name>.debug_line</name>
         <load_address>0x1b6a</load_address>
         <run_address>0x1b6a</run_address>
         <size>0x54</size>
         <input_file_ref idref="fl-15"/>
      </object_component>
      <object_component id="oc-4b">
         <name>.debug_line</name>
         <load_address>0x1bbe</load_address>
         <run_address>0x1bbe</run_address>
         <size>0x51</size>
         <input_file_ref idref="fl-16"/>
      </object_component>
      <object_component id="oc-4f">
         <name>.debug_line</name>
         <load_address>0x1c0f</load_address>
         <run_address>0x1c0f</run_address>
         <size>0x69</size>
         <input_file_ref idref="fl-17"/>
      </object_component>
      <object_component id="oc-53">
         <name>.debug_line</name>
         <load_address>0x1c78</load_address>
         <run_address>0x1c78</run_address>
         <size>0x37</size>
         <input_file_ref idref="fl-18"/>
      </object_component>
      <object_component id="oc-59">
         <name>.debug_line</name>
         <load_address>0x1caf</load_address>
         <run_address>0x1caf</run_address>
         <size>0x57</size>
         <input_file_ref idref="fl-19"/>
      </object_component>
      <object_component id="oc-5f">
         <name>.debug_line</name>
         <load_address>0x1d06</load_address>
         <run_address>0x1d06</run_address>
         <size>0x328</size>
         <input_file_ref idref="fl-1a"/>
      </object_component>
      <object_component id="oc-63">
         <name>.debug_line</name>
         <load_address>0x202e</load_address>
         <run_address>0x202e</run_address>
         <size>0x41</size>
         <input_file_ref idref="fl-1b"/>
      </object_component>
      <object_component id="oc-67">
         <name>.debug_line</name>
         <load_address>0x206f</load_address>
         <run_address>0x206f</run_address>
         <size>0x46</size>
         <input_file_ref idref="fl-1c"/>
      </object_component>
      <object_component id="oc-6b">
         <name>.debug_line</name>
         <load_address>0x20b5</load_address>
         <run_address>0x20b5</run_address>
         <size>0x55</size>
         <input_file_ref idref="fl-1d"/>
      </object_component>
      <object_component id="oc-6f">
         <name>.debug_line</name>
         <load_address>0x210a</load_address>
         <run_address>0x210a</run_address>
         <size>0xad</size>
         <input_file_ref idref="fl-1e"/>
      </object_component>
      <object_component id="oc-79">
         <name>.debug_line</name>
         <load_address>0x21b7</load_address>
         <run_address>0x21b7</run_address>
         <size>0x5b</size>
         <input_file_ref idref="fl-21"/>
      </object_component>
      <object_component id="oc-7d">
         <name>.debug_line</name>
         <load_address>0x2212</load_address>
         <run_address>0x2212</run_address>
         <size>0x44</size>
         <input_file_ref idref="fl-22"/>
      </object_component>
      <object_component id="oc-81">
         <name>.debug_line</name>
         <load_address>0x2256</load_address>
         <run_address>0x2256</run_address>
         <size>0x3d</size>
         <input_file_ref idref="fl-23"/>
      </object_component>
      <object_component id="oc-85">
         <name>.debug_line</name>
         <load_address>0x2293</load_address>
         <run_address>0x2293</run_address>
         <size>0x3d</size>
         <input_file_ref idref="fl-24"/>
      </object_component>
      <object_component id="oc-8a">
         <name>.debug_line</name>
         <load_address>0x22d0</load_address>
         <run_address>0x22d0</run_address>
         <size>0x44</size>
         <input_file_ref idref="fl-25"/>
      </object_component>
      <object_component id="oc-8e">
         <name>.debug_line</name>
         <load_address>0x2314</load_address>
         <run_address>0x2314</run_address>
         <size>0x56</size>
         <input_file_ref idref="fl-26"/>
      </object_component>
      <object_component id="oc-93">
         <name>.debug_line</name>
         <load_address>0x236a</load_address>
         <run_address>0x236a</run_address>
         <size>0xa8</size>
         <input_file_ref idref="fl-27"/>
      </object_component>
      <object_component id="oc-97">
         <name>.debug_line</name>
         <load_address>0x2412</load_address>
         <run_address>0x2412</run_address>
         <size>0x40</size>
         <input_file_ref idref="fl-28"/>
      </object_component>
      <object_component id="oc-9b">
         <name>.debug_line</name>
         <load_address>0x2452</load_address>
         <run_address>0x2452</run_address>
         <size>0x38</size>
         <input_file_ref idref="fl-29"/>
      </object_component>
      <object_component id="oc-9f">
         <name>.debug_line</name>
         <load_address>0x248a</load_address>
         <run_address>0x248a</run_address>
         <size>0xa8</size>
         <input_file_ref idref="fl-2a"/>
      </object_component>
      <object_component id="oc-a3">
         <name>.debug_line</name>
         <load_address>0x2532</load_address>
         <run_address>0x2532</run_address>
         <size>0x3c</size>
         <input_file_ref idref="fl-2b"/>
      </object_component>
      <object_component id="oc-a9">
         <name>.debug_line</name>
         <load_address>0x256e</load_address>
         <run_address>0x256e</run_address>
         <size>0x1b0</size>
         <input_file_ref idref="fl-2c"/>
      </object_component>
      <object_component id="oc-ad">
         <name>.debug_line</name>
         <load_address>0x271e</load_address>
         <run_address>0x271e</run_address>
         <size>0x40</size>
         <input_file_ref idref="fl-2d"/>
      </object_component>
      <object_component id="oc-b1">
         <name>.debug_line</name>
         <load_address>0x275e</load_address>
         <run_address>0x275e</run_address>
         <size>0x3c</size>
         <input_file_ref idref="fl-2e"/>
      </object_component>
      <object_component id="oc-b5">
         <name>.debug_line</name>
         <load_address>0x279a</load_address>
         <run_address>0x279a</run_address>
         <size>0x4d</size>
         <input_file_ref idref="fl-2f"/>
      </object_component>
      <object_component id="oc-b9">
         <name>.debug_line</name>
         <load_address>0x27e7</load_address>
         <run_address>0x27e7</run_address>
         <size>0x3c</size>
         <input_file_ref idref="fl-30"/>
      </object_component>
      <object_component id="oc-bd">
         <name>.debug_line</name>
         <load_address>0x2823</load_address>
         <run_address>0x2823</run_address>
         <size>0x37</size>
         <input_file_ref idref="fl-31"/>
      </object_component>
      <object_component id="oc-c1">
         <name>.debug_line</name>
         <load_address>0x285a</load_address>
         <run_address>0x285a</run_address>
         <size>0x3c</size>
         <input_file_ref idref="fl-32"/>
      </object_component>
      <object_component id="oc-c5">
         <name>.debug_line</name>
         <load_address>0x2896</load_address>
         <run_address>0x2896</run_address>
         <size>0x44</size>
         <input_file_ref idref="fl-33"/>
      </object_component>
      <object_component id="oc-c9">
         <name>.debug_line</name>
         <load_address>0x28da</load_address>
         <run_address>0x28da</run_address>
         <size>0x37</size>
         <input_file_ref idref="fl-34"/>
      </object_component>
      <object_component id="oc-ce">
         <name>.debug_line</name>
         <load_address>0x2911</load_address>
         <run_address>0x2911</run_address>
         <size>0x15d</size>
         <input_file_ref idref="fl-35"/>
      </object_component>
      <object_component id="oc-d4">
         <name>.debug_line</name>
         <load_address>0x2a6e</load_address>
         <run_address>0x2a6e</run_address>
         <size>0x6a</size>
         <input_file_ref idref="fl-36"/>
      </object_component>
      <object_component id="oc-d8">
         <name>.debug_line</name>
         <load_address>0x2ad8</load_address>
         <run_address>0x2ad8</run_address>
         <size>0x58</size>
         <input_file_ref idref="fl-37"/>
      </object_component>
      <object_component id="oc-dc">
         <name>.debug_line</name>
         <load_address>0x2b30</load_address>
         <run_address>0x2b30</run_address>
         <size>0x57</size>
         <input_file_ref idref="fl-38"/>
      </object_component>
      <object_component id="oc-e0">
         <name>.debug_line</name>
         <load_address>0x2b87</load_address>
         <run_address>0x2b87</run_address>
         <size>0x5c</size>
         <input_file_ref idref="fl-39"/>
      </object_component>
      <object_component id="oc-e4">
         <name>.debug_line</name>
         <load_address>0x2be3</load_address>
         <run_address>0x2be3</run_address>
         <size>0x3c</size>
         <input_file_ref idref="fl-3a"/>
      </object_component>
      <object_component id="oc-e8">
         <name>.debug_line</name>
         <load_address>0x2c1f</load_address>
         <run_address>0x2c1f</run_address>
         <size>0x5b</size>
         <input_file_ref idref="fl-3b"/>
      </object_component>
      <object_component id="oc-ec">
         <name>.debug_line</name>
         <load_address>0x2c7a</load_address>
         <run_address>0x2c7a</run_address>
         <size>0x3a</size>
         <input_file_ref idref="fl-3c"/>
      </object_component>
      <object_component id="oc-f0">
         <name>.debug_line</name>
         <load_address>0x2cb4</load_address>
         <run_address>0x2cb4</run_address>
         <size>0x3c</size>
         <input_file_ref idref="fl-3d"/>
      </object_component>
      <object_component id="oc-f4">
         <name>.debug_line</name>
         <load_address>0x2cf0</load_address>
         <run_address>0x2cf0</run_address>
         <size>0x3f</size>
         <input_file_ref idref="fl-3e"/>
      </object_component>
      <object_component id="oc-fa">
         <name>.debug_line</name>
         <load_address>0x2d2f</load_address>
         <run_address>0x2d2f</run_address>
         <size>0xd7</size>
         <input_file_ref idref="fl-3f"/>
      </object_component>
      <object_component id="oc-101">
         <name>.debug_line</name>
         <load_address>0x2e06</load_address>
         <run_address>0x2e06</run_address>
         <size>0x112</size>
         <input_file_ref idref="fl-40"/>
      </object_component>
      <object_component id="oc-105">
         <name>.debug_line</name>
         <load_address>0x2f18</load_address>
         <run_address>0x2f18</run_address>
         <size>0x3d</size>
         <input_file_ref idref="fl-41"/>
      </object_component>
      <object_component id="oc-109">
         <name>.debug_line</name>
         <load_address>0x2f55</load_address>
         <run_address>0x2f55</run_address>
         <size>0x39</size>
         <input_file_ref idref="fl-42"/>
      </object_component>
      <object_component id="oc-18">
         <name>.debug_abbrev</name>
         <load_address>0x0</load_address>
         <run_address>0x0</run_address>
         <size>0x110</size>
         <input_file_ref idref="fl-2"/>
      </object_component>
      <object_component id="oc-20">
         <name>.debug_abbrev</name>
         <load_address>0x110</load_address>
         <run_address>0x110</run_address>
         <size>0x11f</size>
         <input_file_ref idref="fl-3"/>
      </object_component>
      <object_component id="oc-28">
         <name>.debug_abbrev</name>
         <load_address>0x22f</load_address>
         <run_address>0x22f</run_address>
         <size>0xd7</size>
         <input_file_ref idref="fl-4"/>
      </object_component>
      <object_component id="oc-2d">
         <name>.debug_abbrev</name>
         <load_address>0x306</load_address>
         <run_address>0x306</run_address>
         <size>0x21e</size>
         <input_file_ref idref="fl-a"/>
      </object_component>
      <object_component id="oc-32">
         <name>.debug_abbrev</name>
         <load_address>0x524</load_address>
         <run_address>0x524</run_address>
         <size>0x183</size>
         <input_file_ref idref="fl-b"/>
      </object_component>
      <object_component id="oc-37">
         <name>.debug_abbrev</name>
         <load_address>0x6a7</load_address>
         <run_address>0x6a7</run_address>
         <size>0x1bb</size>
         <input_file_ref idref="fl-c"/>
      </object_component>
      <object_component id="oc-45">
         <name>.debug_abbrev</name>
         <load_address>0x862</load_address>
         <run_address>0x862</run_address>
         <size>0x3a</size>
         <input_file_ref idref="fl-15"/>
      </object_component>
      <object_component id="oc-4c">
         <name>.debug_abbrev</name>
         <load_address>0x89c</load_address>
         <run_address>0x89c</run_address>
         <size>0xf7</size>
         <input_file_ref idref="fl-16"/>
      </object_component>
      <object_component id="oc-50">
         <name>.debug_abbrev</name>
         <load_address>0x993</load_address>
         <run_address>0x993</run_address>
         <size>0x145</size>
         <input_file_ref idref="fl-17"/>
      </object_component>
      <object_component id="oc-54">
         <name>.debug_abbrev</name>
         <load_address>0xad8</load_address>
         <run_address>0xad8</run_address>
         <size>0x26</size>
         <input_file_ref idref="fl-18"/>
      </object_component>
      <object_component id="oc-5a">
         <name>.debug_abbrev</name>
         <load_address>0xafe</load_address>
         <run_address>0xafe</run_address>
         <size>0x9f</size>
         <input_file_ref idref="fl-19"/>
      </object_component>
      <object_component id="oc-60">
         <name>.debug_abbrev</name>
         <load_address>0xb9d</load_address>
         <run_address>0xb9d</run_address>
         <size>0x1f8</size>
         <input_file_ref idref="fl-1a"/>
      </object_component>
      <object_component id="oc-64">
         <name>.debug_abbrev</name>
         <load_address>0xd95</load_address>
         <run_address>0xd95</run_address>
         <size>0xec</size>
         <input_file_ref idref="fl-1b"/>
      </object_component>
      <object_component id="oc-68">
         <name>.debug_abbrev</name>
         <load_address>0xe81</load_address>
         <run_address>0xe81</run_address>
         <size>0xd5</size>
         <input_file_ref idref="fl-1c"/>
      </object_component>
      <object_component id="oc-6c">
         <name>.debug_abbrev</name>
         <load_address>0xf56</load_address>
         <run_address>0xf56</run_address>
         <size>0x44</size>
         <input_file_ref idref="fl-1d"/>
      </object_component>
      <object_component id="oc-70">
         <name>.debug_abbrev</name>
         <load_address>0xf9a</load_address>
         <run_address>0xf9a</run_address>
         <size>0xb7</size>
         <input_file_ref idref="fl-1e"/>
      </object_component>
      <object_component id="oc-72">
         <name>.debug_abbrev</name>
         <load_address>0x1051</load_address>
         <run_address>0x1051</run_address>
         <size>0x68</size>
         <input_file_ref idref="fl-1f"/>
      </object_component>
      <object_component id="oc-76">
         <name>.debug_abbrev</name>
         <load_address>0x10b9</load_address>
         <run_address>0x10b9</run_address>
         <size>0x83</size>
         <input_file_ref idref="fl-20"/>
      </object_component>
      <object_component id="oc-7a">
         <name>.debug_abbrev</name>
         <load_address>0x113c</load_address>
         <run_address>0x113c</run_address>
         <size>0x112</size>
         <input_file_ref idref="fl-21"/>
      </object_component>
      <object_component id="oc-7e">
         <name>.debug_abbrev</name>
         <load_address>0x124e</load_address>
         <run_address>0x124e</run_address>
         <size>0xb5</size>
         <input_file_ref idref="fl-22"/>
      </object_component>
      <object_component id="oc-82">
         <name>.debug_abbrev</name>
         <load_address>0x1303</load_address>
         <run_address>0x1303</run_address>
         <size>0x8f</size>
         <input_file_ref idref="fl-23"/>
      </object_component>
      <object_component id="oc-86">
         <name>.debug_abbrev</name>
         <load_address>0x1392</load_address>
         <run_address>0x1392</run_address>
         <size>0xb7</size>
         <input_file_ref idref="fl-24"/>
      </object_component>
      <object_component id="oc-8b">
         <name>.debug_abbrev</name>
         <load_address>0x1449</load_address>
         <run_address>0x1449</run_address>
         <size>0xc2</size>
         <input_file_ref idref="fl-25"/>
      </object_component>
      <object_component id="oc-8f">
         <name>.debug_abbrev</name>
         <load_address>0x150b</load_address>
         <run_address>0x150b</run_address>
         <size>0x103</size>
         <input_file_ref idref="fl-26"/>
      </object_component>
      <object_component id="oc-94">
         <name>.debug_abbrev</name>
         <load_address>0x160e</load_address>
         <run_address>0x160e</run_address>
         <size>0x140</size>
         <input_file_ref idref="fl-27"/>
      </object_component>
      <object_component id="oc-98">
         <name>.debug_abbrev</name>
         <load_address>0x174e</load_address>
         <run_address>0x174e</run_address>
         <size>0x9a</size>
         <input_file_ref idref="fl-28"/>
      </object_component>
      <object_component id="oc-9c">
         <name>.debug_abbrev</name>
         <load_address>0x17e8</load_address>
         <run_address>0x17e8</run_address>
         <size>0xd0</size>
         <input_file_ref idref="fl-29"/>
      </object_component>
      <object_component id="oc-a0">
         <name>.debug_abbrev</name>
         <load_address>0x18b8</load_address>
         <run_address>0x18b8</run_address>
         <size>0xb7</size>
         <input_file_ref idref="fl-2a"/>
      </object_component>
      <object_component id="oc-a4">
         <name>.debug_abbrev</name>
         <load_address>0x196f</load_address>
         <run_address>0x196f</run_address>
         <size>0x38</size>
         <input_file_ref idref="fl-2b"/>
      </object_component>
      <object_component id="oc-aa">
         <name>.debug_abbrev</name>
         <load_address>0x19a7</load_address>
         <run_address>0x19a7</run_address>
         <size>0x225</size>
         <input_file_ref idref="fl-2c"/>
      </object_component>
      <object_component id="oc-ae">
         <name>.debug_abbrev</name>
         <load_address>0x1bcc</load_address>
         <run_address>0x1bcc</run_address>
         <size>0xec</size>
         <input_file_ref idref="fl-2d"/>
      </object_component>
      <object_component id="oc-b2">
         <name>.debug_abbrev</name>
         <load_address>0x1cb8</load_address>
         <run_address>0x1cb8</run_address>
         <size>0xb7</size>
         <input_file_ref idref="fl-2e"/>
      </object_component>
      <object_component id="oc-b6">
         <name>.debug_abbrev</name>
         <load_address>0x1d6f</load_address>
         <run_address>0x1d6f</run_address>
         <size>0x38</size>
         <input_file_ref idref="fl-2f"/>
      </object_component>
      <object_component id="oc-ba">
         <name>.debug_abbrev</name>
         <load_address>0x1da7</load_address>
         <run_address>0x1da7</run_address>
         <size>0xdc</size>
         <input_file_ref idref="fl-30"/>
      </object_component>
      <object_component id="oc-be">
         <name>.debug_abbrev</name>
         <load_address>0x1e83</load_address>
         <run_address>0x1e83</run_address>
         <size>0x81</size>
         <input_file_ref idref="fl-31"/>
      </object_component>
      <object_component id="oc-c2">
         <name>.debug_abbrev</name>
         <load_address>0x1f04</load_address>
         <run_address>0x1f04</run_address>
         <size>0xa6</size>
         <input_file_ref idref="fl-32"/>
      </object_component>
      <object_component id="oc-c6">
         <name>.debug_abbrev</name>
         <load_address>0x1faa</load_address>
         <run_address>0x1faa</run_address>
         <size>0xb5</size>
         <input_file_ref idref="fl-33"/>
      </object_component>
      <object_component id="oc-ca">
         <name>.debug_abbrev</name>
         <load_address>0x205f</load_address>
         <run_address>0x205f</run_address>
         <size>0x8f</size>
         <input_file_ref idref="fl-34"/>
      </object_component>
      <object_component id="oc-cf">
         <name>.debug_abbrev</name>
         <load_address>0x20ee</load_address>
         <run_address>0x20ee</run_address>
         <size>0x15a</size>
         <input_file_ref idref="fl-35"/>
      </object_component>
      <object_component id="oc-d5">
         <name>.debug_abbrev</name>
         <load_address>0x2248</load_address>
         <run_address>0x2248</run_address>
         <size>0xde</size>
         <input_file_ref idref="fl-36"/>
      </object_component>
      <object_component id="oc-d9">
         <name>.debug_abbrev</name>
         <load_address>0x2326</load_address>
         <run_address>0x2326</run_address>
         <size>0x38</size>
         <input_file_ref idref="fl-37"/>
      </object_component>
      <object_component id="oc-dd">
         <name>.debug_abbrev</name>
         <load_address>0x235e</load_address>
         <run_address>0x235e</run_address>
         <size>0xd1</size>
         <input_file_ref idref="fl-38"/>
      </object_component>
      <object_component id="oc-e1">
         <name>.debug_abbrev</name>
         <load_address>0x242f</load_address>
         <run_address>0x242f</run_address>
         <size>0xd4</size>
         <input_file_ref idref="fl-39"/>
      </object_component>
      <object_component id="oc-e5">
         <name>.debug_abbrev</name>
         <load_address>0x2503</load_address>
         <run_address>0x2503</run_address>
         <size>0xa6</size>
         <input_file_ref idref="fl-3a"/>
      </object_component>
      <object_component id="oc-e9">
         <name>.debug_abbrev</name>
         <load_address>0x25a9</load_address>
         <run_address>0x25a9</run_address>
         <size>0x136</size>
         <input_file_ref idref="fl-3b"/>
      </object_component>
      <object_component id="oc-ed">
         <name>.debug_abbrev</name>
         <load_address>0x26df</load_address>
         <run_address>0x26df</run_address>
         <size>0x81</size>
         <input_file_ref idref="fl-3c"/>
      </object_component>
      <object_component id="oc-f1">
         <name>.debug_abbrev</name>
         <load_address>0x2760</load_address>
         <run_address>0x2760</run_address>
         <size>0xd1</size>
         <input_file_ref idref="fl-3d"/>
      </object_component>
      <object_component id="oc-f5">
         <name>.debug_abbrev</name>
         <load_address>0x2831</load_address>
         <run_address>0x2831</run_address>
         <size>0x10b</size>
         <input_file_ref idref="fl-3e"/>
      </object_component>
      <object_component id="oc-fb">
         <name>.debug_abbrev</name>
         <load_address>0x293c</load_address>
         <run_address>0x293c</run_address>
         <size>0x1a2</size>
         <input_file_ref idref="fl-3f"/>
      </object_component>
      <object_component id="oc-102">
         <name>.debug_abbrev</name>
         <load_address>0x2ade</load_address>
         <run_address>0x2ade</run_address>
         <size>0x1de</size>
         <input_file_ref idref="fl-40"/>
      </object_component>
      <object_component id="oc-106">
         <name>.debug_abbrev</name>
         <load_address>0x2cbc</load_address>
         <run_address>0x2cbc</run_address>
         <size>0x118</size>
         <input_file_ref idref="fl-41"/>
      </object_component>
      <object_component id="oc-10a">
         <name>.debug_abbrev</name>
         <load_address>0x2dd4</load_address>
         <run_address>0x2dd4</run_address>
         <size>0xbf</size>
         <input_file_ref idref="fl-42"/>
      </object_component>
      <object_component id="oc-12c">
         <name>.debug_abbrev</name>
         <load_address>0x2e93</load_address>
         <run_address>0x2e93</run_address>
         <size>0xd</size>
      </object_component>
   </object_component_list>
   <logical_group_list>
      <logical_group id="lg-2">
         <name>.text</name>
         <load_address>0x300</load_address>
         <run_address>0x300</run_address>
         <size>0x498c</size>
         <contents>
            <object_component_ref idref="oc-5b"/>
            <object_component_ref idref="oc-a5"/>
            <object_component_ref idref="oc-cb"/>
            <object_component_ref idref="oc-fc"/>
            <object_component_ref idref="oc-77"/>
            <object_component_ref idref="oc-f6"/>
            <object_component_ref idref="oc-9d"/>
            <object_component_ref idref="oc-de"/>
            <object_component_ref idref="oc-6d"/>
            <object_component_ref idref="oc-19"/>
            <object_component_ref idref="oc-3f"/>
            <object_component_ref idref="oc-14"/>
            <object_component_ref idref="oc-90"/>
            <object_component_ref idref="oc-3e"/>
            <object_component_ref idref="oc-2e"/>
            <object_component_ref idref="oc-b7"/>
            <object_component_ref idref="oc-f2"/>
            <object_component_ref idref="oc-da"/>
            <object_component_ref idref="oc-e6"/>
            <object_component_ref idref="oc-d3"/>
            <object_component_ref idref="oc-8c"/>
            <object_component_ref idref="oc-7b"/>
            <object_component_ref idref="oc-ab"/>
            <object_component_ref idref="oc-103"/>
            <object_component_ref idref="oc-ea"/>
            <object_component_ref idref="oc-95"/>
            <object_component_ref idref="oc-51"/>
            <object_component_ref idref="oc-3d"/>
            <object_component_ref idref="oc-c3"/>
            <object_component_ref idref="oc-29"/>
[...]
         <object_component_ref idref="oc-21"/>
      </symbol>
      <symbol id="sm-a7">
         <name>_EZDSP5502_wait</name>
         <value>0x4608</value>
         <object_component_ref idref="oc-29"/>
      </symbol>
      <symbol id="sm-a8">
         <name>_EZDSP5502_waitusec</name>
         <value>0x463c</value>
         <object_component_ref idref="oc-29"/>
      </symbol>
      <symbol id="sm-a9">
         <name>_EZDSP5502_init</name>
         <value>0x464e</value>
         <object_component_ref idref="oc-29"/>
      </symbol>
      <symbol id="sm-b9">
         <name>_EZDSP5502_I2CGPIO_readLine</name>
         <value>0x3c64</value>
         <object_component_ref idref="oc-2e"/>
      </symbol>
      <symbol id="sm-ba">
         <name>_EZDSP5502_I2CGPIO_write</name>
         <value>0x3d35</value>
         <object_component_ref idref="oc-2e"/>
      </symbol>
      <symbol id="sm-bb">
         <name>_EZDSP5502_I2CGPIO_configLine</name>
         <value>0x3c11</value>
         <object_component_ref idref="oc-2e"/>
      </symbol>
      <symbol id="sm-bc">
         <name>_EZDSP5502_I2CGPIO_writeLine</name>
         <value>0x3c95</value>
         <object_component_ref idref="oc-2e"/>
      </symbol>
      <symbol id="sm-bd">
         <name>_EZDSP5502_I2CGPIO_read</name>
         <value>0x3ce8</value>
         <object_component_ref idref="oc-2e"/>
      </symbol>
      <symbol id="sm-ce">
         <name>_EZDSP5502_I2C_read</name>
         <value>0x471f</value>
         <object_component_ref idref="oc-33"/>
      </symbol>
      <symbol id="sm-cf">
         <name>_EZDSP5502_I2C_reset</name>
         <value>0x46f3</value>
         <object_component_ref idref="oc-33"/>
      </symbol>
      <symbol id="sm-d0">
         <name>_EZDSP5502_I2C_init</name>
         <value>0x46d6</value>
         <object_component_ref idref="oc-33"/>
      </symbol>
      <symbol id="sm-d1">
         <name>_EZDSP5502_I2C_write</name>
         <value>0x46fd</value>
         <object_component_ref idref="oc-33"/>
      </symbol>
      <symbol id="sm-d5">
         <name>__CSL_init</name>
         <value>0x4c4c</value>
         <object_component_ref idref="oc-38"/>
      </symbol>
      <symbol id="sm-db">
         <name>_CSL5502_LIB_</name>
         <value>0x4c88</value>
         <object_component_ref idref="oc-39"/>
      </symbol>
      <symbol id="sm-dc">
         <name>_CSL_init</name>
         <value>0x4c5c</value>
         <object_component_ref idref="oc-3a"/>
      </symbol>
      <symbol id="sm-e2">
         <name>_CSL_SysData</name>
         <value>0xad20</value>
         <object_component_ref idref="oc-3c"/>
      </symbol>
      <symbol id="sm-e6">
         <name>_I2C_config</name>
         <value>0x4514</value>
         <object_component_ref idref="oc-3d"/>
      </symbol>
      <symbol id="sm-ee">
         <name>_I2C_read</name>
         <value>0x3ab4</value>
         <object_component_ref idref="oc-3e"/>
      </symbol>
      <symbol id="sm-f8">
         <name>_I2C_write</name>
         <value>0x3654</value>
         <object_component_ref idref="oc-3f"/>
      </symbol>
      <symbol id="sm-fc">
         <name>_IRQ_globalDisable</name>
         <value>0x4c3c</value>
         <object_component_ref idref="oc-40"/>
      </symbol>
      <symbol id="sm-100">
         <name>_IRQ_globalRestore</name>
         <value>0x4c68</value>
         <object_component_ref idref="oc-41"/>
      </symbol>
      <symbol id="sm-10c">
         <name>__sysstack</name>
         <value>0x8ca0</value>
         <object_component_ref idref="oc-10b"/>
      </symbol>
      <symbol id="sm-10d">
         <name>_c_int00</name>
         <value>0x4b2b</value>
         <object_component_ref idref="oc-12"/>
      </symbol>
      <symbol id="sm-10e">
         <name>__stack</name>
         <value>0x4ca0</value>
         <object_component_ref idref="oc-42"/>
      </symbol>
      <symbol id="sm-11e">
         <name>C$$EXIT</name>
         <value>0x4c7f</value>
         <object_component_ref idref="oc-4a"/>
      </symbol>
      <symbol id="sm-11f">
         <name>_exit</name>
         <value>0x4aed</value>
         <object_component_ref idref="oc-46"/>
      </symbol>
      <symbol id="sm-120">
         <name>_abort</name>
         <value>0x4c7e</value>
         <object_component_ref idref="oc-4a"/>
      </symbol>
      <symbol id="sm-121">
         <name>__cleanup_ptr</name>
         <value>0xa474</value>
         <object_component_ref idref="oc-47"/>
      </symbol>
      <symbol id="sm-122">
         <name>__dtors_ptr</name>
         <value>0xa478</value>
         <object_component_ref idref="oc-47"/>
      </symbol>
      <symbol id="sm-12c">
         <name>_printf</name>
         <value>0x4933</value>
         <object_component_ref idref="oc-4d"/>
      </symbol>
      <symbol id="sm-136">
         <name>_Reset</name>
         <value>0xfe00</value>
         <object_component_ref idref="oc-13"/>
      </symbol>
      <symbol id="sm-144">
         <name>__unlock</name>
         <value>0xa470</value>
         <object_component_ref idref="oc-56"/>
      </symbol>
      <symbol id="sm-145">
         <name>__lock</name>
         <value>0xa46c</value>
         <object_component_ref idref="oc-56"/>
      </symbol>
      <symbol id="sm-146">
         <name>__register_lock</name>
         <value>0x4c1f</value>
         <object_component_ref idref="oc-55"/>
      </symbol>
      <symbol id="sm-147">
         <name>__nop</name>
         <value>0x4c27</value>
         <object_component_ref idref="oc-55"/>
      </symbol>
      <symbol id="sm-148">
         <name>__register_unlock</name>
         <value>0x4c17</value>
         <object_component_ref idref="oc-55"/>
      </symbol>
      <symbol id="sm-15a">
         <name>__printfi</name>
         <value>0x1662</value>
         <object_component_ref idref="oc-5b"/>
      </symbol>
      <symbol id="sm-164">
         <name>__args_main</name>
         <value>0x49d0</value>
         <object_component_ref idref="oc-61"/>
      </symbol>
      <symbol id="sm-165">
         <name>__TI_args_main</name>
         <value>0x1</value>
      </symbol>
      <symbol id="sm-16f">
         <name>_atoi</name>
         <value>0x4882</value>
         <object_component_ref idref="oc-65"/>
      </symbol>
      <symbol id="sm-177">
         <name>_auto_init</name>
         <value>0x4983</value>
         <object_component_ref idref="oc-69"/>
      </symbol>
      <symbol id="sm-181">
         <name>__eqld</name>
         <value>0x3425</value>
         <object_component_ref idref="oc-6d"/>
      </symbol>
      <symbol id="sm-182">
         <name>__cmpd</name>
         <value>0x3459</value>
         <object_component_ref idref="oc-6d"/>
      </symbol>
      <symbol id="sm-183">
         <name>__neqd</name>
         <value>0x32c7</value>
         <object_component_ref idref="oc-6d"/>
      </symbol>
      <symbol id="sm-184">
         <name>__gtrd</name>
         <value>0x3390</value>
         <object_component_ref idref="oc-6d"/>
      </symbol>
      <symbol id="sm-185">
         <name>__geqd</name>
         <value>0x33db</value>
         <object_component_ref idref="oc-6d"/>
      </symbol>
      <symbol id="sm-186">
         <name>__leqd</name>
         <value>0x3343</value>
         <object_component_ref idref="oc-6d"/>
      </symbol>
      <symbol id="sm-187">
         <name>__lssd</name>
         <value>0x32fb</value>
         <object_component_ref idref="oc-6d"/>
      </symbol>
      <symbol id="sm-18f">
         <name>__ctypes_</name>
         <value>0xa480</value>
         <object_component_ref idref="oc-10d"/>
      </symbol>
      <symbol id="sm-199">
         <name>__tmpnams</name>
         <value>0xa098</value>
         <object_component_ref idref="oc-73"/>
      </symbol>
      <symbol id="sm-19a">
         <name>__ft_end</name>
         <value>0xa1d8</value>
         <object_component_ref idref="oc-73"/>
      </symbol>
      <symbol id="sm-19b">
         <name>__ftable</name>
         <value>0x9fa8</value>
         <object_component_ref idref="oc-73"/>
      </symbol>
      <symbol id="sm-1a7">
         <name>__divd</name>
         <value>0x27c4</value>
         <object_component_ref idref="oc-77"/>
      </symbol>
      <symbol id="sm-1b2">
         <name>__divul</name>
         <value>0x4290</value>
         <object_component_ref idref="oc-7b"/>
      </symbol>
      <symbol id="sm-1bc">
         <name>__fixdi</name>
         <value>0x4b5f</value>
         <object_component_ref idref="oc-7f"/>
      </symbol>
      <symbol id="sm-1c6">
         <name>__fixdli</name>
         <value>0x4667</value>
         <object_component_ref idref="oc-83"/>
      </symbol>
      <symbol id="sm-1d2">
         <name>__fltlid</name>
         <value>0x481b</value>
         <object_component_ref idref="oc-87"/>
      </symbol>
      <symbol id="sm-1dc">
         <name>_putchar</name>
         <value>0x4281</value>
         <object_component_ref idref="oc-8c"/>
      </symbol>
      <symbol id="sm-1dd">
         <name>_putc</name>
         <value>0x41ea</value>
         <object_component_ref idref="oc-8c"/>
      </symbol>
      <symbol id="sm-1de">
         <name>_fputc</name>
         <value>0x41ea</value>
         <object_component_ref idref="oc-8c"/>
      </symbol>
      <symbol id="sm-1ec">
         <name>_puts</name>
         <value>0x3a85</value>
         <object_component_ref idref="oc-90"/>
      </symbol>
      <symbol id="sm-1ed">
         <name>_fputs</name>
         <value>0x3950</value>
         <object_component_ref idref="oc-90"/>
      </symbol>
      <symbol id="sm-1f7">
         <name>__frcmpyd_div</name>
         <value>0x449f</value>
         <object_component_ref idref="oc-95"/>
      </symbol>
      <symbol id="sm-201">
         <name>___isinf</name>
         <value>0x4bd6</value>
         <object_component_ref idref="oc-99"/>
      </symbol>
      <symbol id="sm-20b">
         <name>__divull</name>
         <value>0x2f44</value>
         <object_component_ref idref="oc-9d"/>
      </symbol>
      <symbol id="sm-20c">
         <name>__mpylli</name>
         <value>0x2e8c</value>
         <object_component_ref idref="oc-9d"/>
      </symbol>
      <symbol id="sm-20d">
         <name>__remlli</name>
         <value>0x2e5d</value>
         <object_component_ref idref="oc-9d"/>
      </symbol>
      <symbol id="sm-20e">
         <name>__divlli</name>
         <value>0x3038</value>
         <object_component_ref idref="oc-9d"/>
      </symbol>
      <symbol id="sm-20f">
         <name>__remull</name>
         <value>0x2e0f</value>
         <object_component_ref idref="oc-9d"/>
      </symbol>
      <symbol id="sm-217">
         <name>__mpyli</name>
         <value>0x4c04</value>
         <object_component_ref idref="oc-a1"/>
      </symbol>
      <symbol id="sm-218">
         <name>I$$LMPY</name>
         <value>0x4c04</value>
         <object_component_ref idref="oc-a1"/>
      </symbol>
      <symbol id="sm-22a">
         <name>_add_device</name>
         <value>0x1cf7</value>
         <object_component_ref idref="oc-a5"/>
      </symbol>
      <symbol id="sm-22b">
         <name>_rename</name>
         <value>0x1a19</value>
         <object_component_ref idref="oc-a5"/>
      </symbol>
      <symbol id="sm-22c">
         <name>_read</name>
         <value>0x1aa8</value>
         <object_component_ref idref="oc-a5"/>
      </symbol>
      <symbol id="sm-22d">
         <name>_unlink</name>
         <value>0x19e6</value>
         <object_component_ref idref="oc-a5"/>
      </symbol>
      <symbol id="sm-22e">
         <name>_remove_device</name>
         <value>0x1a72</value>
         <object_component_ref idref="oc-a5"/>
      </symbol>
      <symbol id="sm-22f">
         <name>_open</name>
         <value>0x1b56</value>
         <object_component_ref idref="oc-a5"/>
      </symbol>
      <symbol id="sm-230">
         <name>_find_registered_device</name>
         <value>0x1c7b</value>
         <object_component_ref idref="oc-a5"/>
      </symbol>
      <symbol id="sm-231">
         <name>_lseek</name>
         <value>0x1c15</value>
         <object_component_ref idref="oc-a5"/>
      </symbol>
      <symbol id="sm-232">
         <name>_close</name>
         <value>0x1c84</value>
         <object_component_ref idref="oc-a5"/>
      </symbol>
      <symbol id="sm-233">
         <name>_write</name>
         <value>0x18a4</value>
         <object_component_ref idref="oc-a5"/>
      </symbol>
      <symbol id="sm-23d">
         <name>_ltoa</name>
         <value>0x4331</value>
         <object_component_ref idref="oc-ab"/>
      </symbol>
      <symbol id="sm-248">
         <name>_memccpy</name>
         <value>0x4bb3</value>
         <object_component_ref idref="oc-af"/>
      </symbol>
      <symbol id="sm-250">
         <name>_memcpy</name>
         <value>0x4aae</value>
         <object_component_ref idref="oc-b3"/>
      </symbol>
      <symbol id="sm-25a">
         <name>__mpyd</name>
         <value>0x3d5f</value>
         <object_component_ref idref="oc-b7"/>
      </symbol>
      <symbol id="sm-264">
         <name>__negd</name>
         <value>0x4c29</value>
         <object_component_ref idref="oc-bb"/>
      </symbol>
      <symbol id="sm-26e">
         <name>__remli</name>
         <value>0x4a1b</value>
         <object_component_ref idref="oc-bf"/>
      </symbol>
      <symbol id="sm-279">
         <name>__remul</name>
         <value>0x4586</value>
         <object_component_ref idref="oc-c3"/>
      </symbol>
      <symbol id="sm-283">
         <name>__subd</name>
         <value>0x4bf0</value>
         <object_component_ref idref="oc-c7"/>
      </symbol>
      <symbol id="sm-28f">
         <name>_HOSTopen</name>
         <value>0x20f2</value>
         <object_component_ref idref="oc-cb"/>
      </symbol>
      <symbol id="sm-290">
         <name>_HOSTread</name>
         <value>0x2065</value>
         <object_component_ref idref="oc-cb"/>
      </symbol>
      <symbol id="sm-291">
         <name>_HOSTtime</name>
         <value>0x1f59</value>
         <object_component_ref idref="oc-cb"/>
      </symbol>
      <symbol id="sm-292">
         <name>_getenv</name>
         <value>0x1de7</value>
         <object_component_ref idref="oc-cb"/>
      </symbol>
      <symbol id="sm-293">
         <name>_HOSTrename</name>
         <value>0x1fb7</value>
         <object_component_ref idref="oc-cb"/>
      </symbol>
      <symbol id="sm-294">
         <name>_HOSTclock</name>
         <value>0x22b1</value>
         <object_component_ref idref="oc-cb"/>
      </symbol>
      <symbol id="sm-295">
         <name>_HOSTwrite</name>
         <value>0x1e62</value>
         <object_component_ref idref="oc-cb"/>
      </symbol>
      <symbol id="sm-296">
         <name>_HOSTlseek</name>
         <value>0x2191</value>
         <object_component_ref idref="oc-cb"/>
      </symbol>
      <symbol id="sm-297">
         <name>_HOSTunlink</name>
         <value>0x1eef</value>
         <object_component_ref idref="oc-cb"/>
      </symbol>
      <symbol id="sm-298">
         <name>_HOSTclose</name>
         <value>0x2246</value>
         <object_component_ref idref="oc-cb"/>
      </symbol>
      <symbol id="sm-2aa">
         <name>C$$IO$$</name>
         <value>0x41e5</value>
         <object_component_ref idref="oc-d3"/>
      </symbol>
      <symbol id="sm-2ab">
         <name>__CIOBUF_</name>
         <value>0xa900</value>
         <object_component_ref idref="oc-d2"/>
      </symbol>
      <symbol id="sm-2ac">
         <name>_readmsg</name>
         <value>0x4743</value>
         <object_component_ref idref="oc-d0"/>
      </symbol>
      <symbol id="sm-2ad">
         <name>_writemsg</name>
         <value>0x4130</value>
         <object_component_ref idref="oc-d3"/>
      </symbol>
      <symbol id="sm-2b5">
         <name>__remu</name>
         <value>0x4b9e</value>
         <object_component_ref idref="oc-d6"/>
      </symbol>
      <symbol id="sm-2b6">
         <name>__divu</name>
         <value>0x4b89</value>
         <object_component_ref idref="oc-d6"/>
      </symbol>
      <symbol id="sm-2b7">
         <name>I$$UMOD</name>
         <value>0x4b9e</value>
         <object_component_ref idref="oc-d6"/>
      </symbol>
      <symbol id="sm-2b8">
         <name>I$$UDIV</name>
         <value>0x4b89</value>
         <object_component_ref idref="oc-d6"/>
      </symbol>
      <symbol id="sm-2c2">
         <name>__rd_ok</name>
         <value>0x4011</value>
         <object_component_ref idref="oc-da"/>
      </symbol>
      <symbol id="sm-2c3">
         <name>__wrt_ok</name>
         <value>0x3f91</value>
         <object_component_ref idref="oc-da"/>
      </symbol>
      <symbol id="sm-2cd">
         <name>__addd</name>
         <value>0x306d</value>
         <object_component_ref idref="oc-de"/>
      </symbol>
      <symbol id="sm-2d7">
         <name>__divli</name>
         <value>0x4a66</value>
         <object_component_ref idref="oc-e2"/>
      </symbol>
      <symbol id="sm-2e1">
         <name>__doflush</name>
         <value>0x406e</value>
         <object_component_ref idref="oc-e6"/>
      </symbol>
      <symbol id="sm-2e2">
         <name>_fflush</name>
         <value>0x40d7</value>
         <object_component_ref idref="oc-e6"/>
      </symbol>
      <symbol id="sm-2ec">
         <name>__frcmpyd</name>
         <value>0x4429</value>
         <object_component_ref idref="oc-ea"/>
      </symbol>
      <symbol id="sm-2f6">
         <name>_fseek</name>
         <value>0x47b0</value>
         <object_component_ref idref="oc-ee"/>
      </symbol>
      <symbol id="sm-300">
         <name>_setvbuf</name>
         <value>0x3eab</value>
         <object_component_ref idref="oc-f2"/>
      </symbol>
      <symbol id="sm-30f">
         <name>__cleanup</name>
         <value>0x2cb1</value>
         <object_component_ref idref="oc-f6"/>
      </symbol>
      <symbol id="sm-310">
         <name>_fopen</name>
         <value>0x2dd4</value>
         <object_component_ref idref="oc-f6"/>
      </symbol>
      <symbol id="sm-311">
         <name>_freopen</name>
         <value>0x2d0b</value>
         <object_component_ref idref="oc-f6"/>
      </symbol>
      <symbol id="sm-321">
         <name>__sys_memory</name>
         <value>0x6ca0</value>
         <object_component_ref idref="oc-100"/>
      </symbol>
      <symbol id="sm-322">
         <name>_chkheap</name>
         <value>0x2796</value>
         <object_component_ref idref="oc-fc"/>
      </symbol>
      <symbol id="sm-323">
         <name>_realloc</name>
         <value>0x2535</value>
         <object_component_ref idref="oc-fc"/>
      </symbol>
      <symbol id="sm-324">
         <name>_free_memory</name>
         <value>0x2740</value>
         <object_component_ref idref="oc-fc"/>
      </symbol>
      <symbol id="sm-325">
         <name>_max_free</name>
         <value>0x26e6</value>
         <object_component_ref idref="oc-fc"/>
      </symbol>
      <symbol id="sm-326">
         <name>_free</name>
         <value>0x230f</value>
         <object_component_ref idref="oc-fc"/>
      </symbol>
      <symbol id="sm-327">
         <name>_calloc</name>
         <value>0x279e</value>
         <object_component_ref idref="oc-fc"/>
      </symbol>
      <symbol id="sm-328">
         <name>_malloc</name>
         <value>0x2440</value>
         <object_component_ref idref="oc-fc"/>
      </symbol>
      <symbol id="sm-329">
         <name>_minit</name>
         <value>0x23db</value>
         <object_component_ref idref="oc-fc"/>
      </symbol>
      <symbol id="sm-333">
         <name>_fclose</name>
         <value>0x43ae</value>
         <object_component_ref idref="oc-103"/>
      </symbol>
      <symbol id="sm-33d">
         <name>_remove</name>
         <value>0x4c74</value>
         <object_component_ref idref="oc-107"/>
      </symbol>
   </symbol_table>
</link_info>
