<?xml version="1.0"?>
<link_info>
   <banner>TMS320C55x Linker Unix v4.4.1</banner>
   <copyright>Copyright (c) 1996-2012 Texas Instruments Incorporated</copyright>
   <link_time>0x5dbe091d</link_time>
   <output_file>flange3.out</output_file>
   <entry_point>
      <name>_c_int00</name>
      <address>0x4e3a</address>
   </entry_point>
   <input_file_list>
      <input_file id="fl-2">
         <path>./src/</path>
         <kind>object</kind>
         <file>flanger.obj</file>
         <name>flanger.obj</name>
      </input_file>
      <input_file id="fl-3">
         <path>./src/</path>
         <kind>object</kind>
         <file>main.obj</file>
         <name>main.obj</name>
      </input_file>
      <input_file id="fl-1a">
         <path>/home/fe/ti/ccsv8/tools/compiler/c5500_4.4.1/lib/</path>
         <kind>archive</kind>
         <file>rts55x.lib</file>
         <name>addd.obj</name>
      </input_file>
      <input_file id="fl-1b">
         <path>/home/fe/ti/ccsv8/tools/compiler/c5500_4.4.1/lib/</path>
         <kind>archive</kind>
         <file>rts55x.lib</file>
         <name>boot.obj</name>
      </input_file>
      <input_file id="fl-1c">
         <path>/home/fe/ti/ccsv8/tools/compiler/c5500_4.4.1/lib/</path>
         <kind>archive</kind>
         <file>rts55x.lib</file>
         <name>divd.obj</name>
      </input_file>
      <input_file id="fl-1d">
         <path>/home/fe/ti/ccsv8/tools/compiler/c5500_4.4.1/lib/</path>
         <kind>archive</kind>
         <file>rts55x.lib</file>
         <name>exit.obj</name>
      </input_file>
      <input_file id="fl-1e">
         <path>/home/fe/ti/ccsv8/tools/compiler/c5500_4.4.1/lib/</path>
         <kind>archive</kind>
         <file>rts55x.lib</file>
         <name>fclose.obj</name>
      </input_file>
      <input_file id="fl-1f">
         <path>/home/fe/ti/ccsv8/tools/compiler/c5500_4.4.1/lib/</path>
         <kind>archive</kind>
         <file>rts55x.lib</file>
         <name>fflush.obj</name>
      </input_file>
      <input_file id="fl-20">
         <path>/home/fe/ti/ccsv8/tools/compiler/c5500_4.4.1/lib/</path>
         <kind>archive</kind>
         <file>rts55x.lib</file>
         <name>fixdi.obj</name>
      </input_file>
      <input_file id="fl-21">
         <path>/home/fe/ti/ccsv8/tools/compiler/c5500_4.4.1/lib/</path>
         <kind>archive</kind>
         <file>rts55x.lib</file>
         <name>fixdli.obj</name>
      </input_file>
      <input_file id="fl-22">
         <path>/home/fe/ti/ccsv8/tools/compiler/c5500_4.4.1/lib/</path>
         <kind>archive</kind>
         <file>rts55x.lib</file>
         <name>fltid.obj</name>
      </input_file>
      <input_file id="fl-23">
         <path>/home/fe/ti/ccsv8/tools/compiler/c5500_4.4.1/lib/</path>
         <kind>archive</kind>
         <file>rts55x.lib</file>
         <name>fltlid.obj</name>
      </input_file>
      <input_file id="fl-24">
         <path>/home/fe/ti/ccsv8/tools/compiler/c5500_4.4.1/lib/</path>
         <kind>archive</kind>
         <file>rts55x.lib</file>
         <name>fopen.obj</name>
      </input_file>
      <input_file id="fl-25">
         <path>/home/fe/ti/ccsv8/tools/compiler/c5500_4.4.1/lib/</path>
         <kind>archive</kind>
         <file>rts55x.lib</file>
         <name>frcmpyd_div.obj</name>
      </input_file>
      <input_file id="fl-26">
         <path>/home/fe/ti/ccsv8/tools/compiler/c5500_4.4.1/lib/</path>
         <kind>archive</kind>
         <file>rts55x.lib</file>
         <name>fread.obj</name>
      </input_file>
      <input_file id="fl-27">
         <path>/home/fe/ti/ccsv8/tools/compiler/c5500_4.4.1/lib/</path>
         <kind>archive</kind>
         <file>rts55x.lib</file>
         <name>fwrite.obj</name>
      </input_file>
      <input_file id="fl-28">
         <path>/home/fe/ti/ccsv8/tools/compiler/c5500_4.4.1/lib/</path>
         <kind>archive</kind>
         <file>rts55x.lib</file>
         <name>lmpy.obj</name>
      </input_file>
      <input_file id="fl-29">
         <path>/home/fe/ti/ccsv8/tools/compiler/c5500_4.4.1/lib/</path>
         <kind>archive</kind>
         <file>rts55x.lib</file>
         <name>lowlev.obj</name>
      </input_file>
      <input_file id="fl-2a">
         <path>/home/fe/ti/ccsv8/tools/compiler/c5500_4.4.1/lib/</path>
         <kind>archive</kind>
         <file>rts55x.lib</file>
         <name>memcpy.obj</name>
      </input_file>
      <input_file id="fl-2b">
         <path>/home/fe/ti/ccsv8/tools/compiler/c5500_4.4.1/lib/</path>
         <kind>archive</kind>
         <file>rts55x.lib</file>
         <name>memory.obj</name>
      </input_file>
      <input_file id="fl-2c">
         <path>/home/fe/ti/ccsv8/tools/compiler/c5500_4.4.1/lib/</path>
         <kind>archive</kind>
         <file>rts55x.lib</file>
         <name>mpyd.obj</name>
      </input_file>
      <input_file id="fl-2d">
         <path>/home/fe/ti/ccsv8/tools/compiler/c5500_4.4.1/lib/</path>
         <kind>archive</kind>
         <file>rts55x.lib</file>
         <name>printf.obj</name>
      </input_file>
      <input_file id="fl-2e">
         <path>/home/fe/ti/ccsv8/tools/compiler/c5500_4.4.1/lib/</path>
         <kind>archive</kind>
         <file>rts55x.lib</file>
         <name>remove.obj</name>
      </input_file>
      <input_file id="fl-2f">
         <path>/home/fe/ti/ccsv8/tools/compiler/c5500_4.4.1/lib/</path>
         <kind>archive</kind>
         <file>rts55x.lib</file>
         <name>rewind.obj</name>
      </input_file>
      <input_file id="fl-30">
         <path>/home/fe/ti/ccsv8/tools/compiler/c5500_4.4.1/lib/</path>
         <kind>archive</kind>
         <file>rts55x.lib</file>
         <name>sin.obj</name>
      </input_file>
      <input_file id="fl-31">
         <path>/home/fe/ti/ccsv8/tools/compiler/c5500_4.4.1/lib/</path>
         <kind>archive</kind>
         <file>rts55x.lib</file>
         <name>subd.obj</name>
      </input_file>
      <input_file id="fl-32">
         <path>/home/fe/ti/ccsv8/tools/compiler/c5500_4.4.1/lib/</path>
         <kind>archive</kind>
         <file>rts55x.lib</file>
         <name>trgdrv.obj</name>
      </input_file>
      <input_file id="fl-33">
         <path>/home/fe/ti/ccsv8/tools/compiler/c5500_4.4.1/lib/</path>
         <kind>archive</kind>
         <file>rts55x.lib</file>
         <name>trgmsg.obj</name>
      </input_file>
      <input_file id="fl-34">
         <path>/home/fe/ti/ccsv8/tools/compiler/c5500_4.4.1/lib/</path>
         <kind>archive</kind>
         <file>rts55x.lib</file>
         <name>trunc.obj</name>
      </input_file>
      <input_file id="fl-35">
         <path>/home/fe/ti/ccsv8/tools/compiler/c5500_4.4.1/lib/</path>
         <kind>archive</kind>
         <file>rts55x.lib</file>
         <name>udiv.obj</name>
      </input_file>
      <input_file id="fl-36">
         <path>/home/fe/ti/ccsv8/tools/compiler/c5500_4.4.1/lib/</path>
         <kind>archive</kind>
         <file>rts55x.lib</file>
         <name>vectors.obj</name>
      </input_file>
      <input_file id="fl-37">
         <path>/home/fe/ti/ccsv8/tools/compiler/c5500_4.4.1/lib/</path>
         <kind>archive</kind>
         <file>rts55x.lib</file>
         <name>_bufread.obj</name>
      </input_file>
      <input_file id="fl-38">
         <path>/home/fe/ti/ccsv8/tools/compiler/c5500_4.4.1/lib/</path>
         <kind>archive</kind>
         <file>rts55x.lib</file>
         <name>_io_perm.obj</name>
      </input_file>
      <input_file id="fl-39">
         <path>/home/fe/ti/ccsv8/tools/compiler/c5500_4.4.1/lib/</path>
         <kind>archive</kind>
         <file>rts55x.lib</file>
         <name>_lock.obj</name>
      </input_file>
      <input_file id="fl-3a">
         <path>/home/fe/ti/ccsv8/tools/compiler/c5500_4.4.1/lib/</path>
         <kind>archive</kind>
         <file>rts55x.lib</file>
         <name>_printfi.obj</name>
      </input_file>
      <input_file id="fl-3b">
         <path>/home/fe/ti/ccsv8/tools/compiler/c5500_4.4.1/lib/</path>
         <kind>archive</kind>
         <file>rts55x.lib</file>
         <name>args_main.obj</name>
      </input_file>
      <input_file id="fl-3c">
         <path>/home/fe/ti/ccsv8/tools/compiler/c5500_4.4.1/lib/</path>
         <kind>archive</kind>
         <file>rts55x.lib</file>
         <name>atoi.obj</name>
      </input_file>
      <input_file id="fl-3d">
         <path>/home/fe/ti/ccsv8/tools/compiler/c5500_4.4.1/lib/</path>
         <kind>archive</kind>
         <file>rts55x.lib</file>
         <name>autoinit.obj</name>
      </input_file>
      <input_file id="fl-3e">
         <path>/home/fe/ti/ccsv8/tools/compiler/c5500_4.4.1/lib/</path>
         <kind>archive</kind>
         <file>rts55x.lib</file>
         <name>cmpd.obj</name>
      </input_file>
      <input_file id="fl-3f">
         <path>/home/fe/ti/ccsv8/tools/compiler/c5500_4.4.1/lib/</path>
         <kind>archive</kind>
         <file>rts55x.lib</file>
         <name>ctype.obj</name>
      </input_file>
      <input_file id="fl-40">
         <path>/home/fe/ti/ccsv8/tools/compiler/c5500_4.4.1/lib/</path>
         <kind>archive</kind>
         <file>rts55x.lib</file>
         <name>defs.obj</name>
      </input_file>
      <input_file id="fl-41">
         <path>/home/fe/ti/ccsv8/tools/compiler/c5500_4.4.1/lib/</path>
         <kind>archive</kind>
         <file>rts55x.lib</file>
         <name>divul.obj</name>
      </input_file>
      <input_file id="fl-42">
         <path>/home/fe/ti/ccsv8/tools/compiler/c5500_4.4.1/lib/</path>
         <kind>archive</kind>
         <file>rts55x.lib</file>
         <name>fputc.obj</name>
      </input_file>
      <input_file id="fl-43">
         <path>/home/fe/ti/ccsv8/tools/compiler/c5500_4.4.1/lib/</path>
         <kind>archive</kind>
         <file>rts55x.lib</file>
         <name>fputs.obj</name>
      </input_file>
      <input_file id="fl-44">
         <path>/home/fe/ti/ccsv8/tools/compiler/c5500_4.4.1/lib/</path>
         <kind>archive</kind>
         <file>rts55x.lib</file>
         <name>frcmpyd.obj</name>
      </input_file>
      <input_file id="fl-45">
         <path>/home/fe/ti/ccsv8/tools/compiler/c5500_4.4.1/lib/</path>
         <kind>archive</kind>
         <file>rts55x.lib</file>
         <name>fseek.obj</name>
      </input_file>
      <input_file id="fl-46">
         <path>/home/fe/ti/ccsv8/tools/compiler/c5500_4.4.1/lib/</path>
         <kind>archive</kind>
         <file>rts55x.lib</file>
         <name>isinf.obj</name>
      </input_file>
      <input_file id="fl-47">
         <path>/home/fe/ti/ccsv8/tools/compiler/c5500_4.4.1/lib/</path>
         <kind>archive</kind>
         <file>rts55x.lib</file>
         <name>llmpy.obj</name>
      </input_file>
      <input_file id="fl-48">
         <path>/home/fe/ti/ccsv8/tools/compiler/c5500_4.4.1/lib/</path>
         <kind>archive</kind>
         <file>rts55x.lib</file>
         <name>ltoa.obj</name>
      </input_file>
      <input_file id="fl-49">
         <path>/home/fe/ti/ccsv8/tools/compiler/c5500_4.4.1/lib/</path>
         <kind>archive</kind>
         <file>rts55x.lib</file>
         <name>memccpy.obj</name>
      </input_file>
      <input_file id="fl-4a">
         <path>/home/fe/ti/ccsv8/tools/compiler/c5500_4.4.1/lib/</path>
         <kind>archive</kind>
         <file>rts55x.lib</file>
         <name>modf.obj</name>
      </input_file>
      <input_file id="fl-4b">
         <path>/home/fe/ti/ccsv8/tools/compiler/c5500_4.4.1/lib/</path>
         <kind>archive</kind>
         <file>rts55x.lib</file>
         <name>negd.obj</name>
      </input_file>
      <input_file id="fl-4c">
         <path>/home/fe/ti/ccsv8/tools/compiler/c5500_4.4.1/lib/</path>
         <kind>archive</kind>
         <file>rts55x.lib</file>
         <name>remli.obj</name>
      </input_file>
      <input_file id="fl-4d">
         <path>/home/fe/ti/ccsv8/tools/compiler/c5500_4.4.1/lib/</path>
         <kind>archive</kind>
         <file>rts55x.lib</file>
         <name>remul.obj</name>
      </input_file>
      <input_file id="fl-4e">
         <path>/home/fe/ti/ccsv8/tools/compiler/c5500_4.4.1/lib/</path>
         <kind>archive</kind>
         <file>rts55x.lib</file>
         <name>round.obj</name>
      </input_file>
      <input_file id="fl-4f">
         <path>/home/fe/ti/ccsv8/tools/compiler/c5500_4.4.1/lib/</path>
         <kind>archive</kind>
         <file>rts55x.lib</file>
         <name>setvbuf.obj</name>
      </input_file>
      <input_file id="fl-50">
         <path>/home/fe/ti/ccsv8/tools/compiler/c5500_4.4.1/lib/</path>
         <kind>archive</kind>
         <file>rts55x.lib</file>
         <name>divli.obj</name>
      </input_file>
   </input_file_list>
   <object_component_list>
      <object_component id="oc-b8">
         <name>.text</name>
         <load_address>0x300</load_address>
         <run_address>0x300</run_address>
         <size>0x15a4</size>
         <input_file_ref idref="fl-3a"/>
      </object_component>
      <object_component id="oc-66">
         <name>.text</name>
         <load_address>0x18a4</load_address>
         <run_address>0x18a4</run_address>
         <size>0x543</size>
         <input_file_ref idref="fl-29"/>
      </object_component>
      <object_component id="oc-92">
         <name>.text</name>
         <load_address>0x1de7</load_address>
         <run_address>0x1de7</run_address>
         <size>0x528</size>
         <input_file_ref idref="fl-32"/>
      </object_component>
      <object_component id="oc-70">
         <name>.text</name>
         <load_address>0x230f</load_address>
         <run_address>0x230f</run_address>
         <size>0x4b5</size>
         <input_file_ref idref="fl-2b"/>
      </object_component>
      <object_component id="oc-2c">
         <name>.text</name>
         <load_address>0x27c4</load_address>
         <run_address>0x27c4</run_address>
         <size>0x3cc</size>
         <input_file_ref idref="fl-1c"/>
      </object_component>
      <object_component id="oc-1b">
         <name>.text</name>
         <load_address>0x2b90</load_address>
         <run_address>0x2b90</run_address>
         <size>0x36a</size>
         <input_file_ref idref="fl-3"/>
      </object_component>
      <object_component id="oc-50">
         <name>.text</name>
         <load_address>0x2efa</load_address>
         <run_address>0x2efa</run_address>
         <size>0x27f</size>
         <input_file_ref idref="fl-24"/>
      </object_component>
      <object_component id="oc-ed">
         <name>.text</name>
         <load_address>0x3179</load_address>
         <run_address>0x3179</run_address>
         <size>0x25e</size>
         <input_file_ref idref="fl-47"/>
      </object_component>
      <object_component id="oc-24">
         <name>.text</name>
         <load_address>0x33d7</load_address>
         <run_address>0x33d7</run_address>
         <size>0x25a</size>
         <input_file_ref idref="fl-1a"/>
      </object_component>
      <object_component id="oc-87">
         <name>.text</name>
         <load_address>0x3631</load_address>
         <run_address>0x3631</run_address>
         <size>0x1f2</size>
         <input_file_ref idref="fl-30"/>
      </object_component>
      <object_component id="oc-5e">
         <name>.text</name>
         <load_address>0x3823</load_address>
         <run_address>0x3823</run_address>
         <size>0x1ee</size>
         <input_file_ref idref="fl-27"/>
      </object_component>
      <object_component id="oc-ca">
         <name>.text</name>
         <load_address>0x3a11</load_address>
         <run_address>0x3a11</run_address>
         <size>0x1ea</size>
         <input_file_ref idref="fl-3e"/>
      </object_component>
      <object_component id="oc-15">
         <name>.text</name>
         <load_address>0x3bfb</load_address>
         <run_address>0x3bfb</run_address>
         <size>0x199</size>
         <input_file_ref idref="fl-2"/>
      </object_component>
      <object_component id="oc-dc">
         <name>.text</name>
         <load_address>0x3d94</load_address>
         <run_address>0x3d94</run_address>
         <size>0x163</size>
         <input_file_ref idref="fl-43"/>
      </object_component>
      <object_component id="oc-77">
         <name>.text</name>
         <load_address>0x3ef7</load_address>
         <run_address>0x3ef7</run_address>
         <size>0x14c</size>
         <input_file_ref idref="fl-2c"/>
      </object_component>
      <object_component id="oc-5a">
         <name>.text</name>
         <load_address>0x4043</load_address>
         <run_address>0x4043</run_address>
         <size>0x10f</size>
         <input_file_ref idref="fl-26"/>
      </object_component>
      <object_component id="oc-10f">
         <name>.text</name>
         <load_address>0x4152</load_address>
         <run_address>0x4152</run_address>
         <size>0xe6</size>
         <input_file_ref idref="fl-4f"/>
      </object_component>
      <object_component id="oc-ae">
         <name>.text</name>
         <load_address>0x4238</load_address>
         <run_address>0x4238</run_address>
         <size>0xdd</size>
         <input_file_ref idref="fl-38"/>
      </object_component>
      <object_component id="oc-3b">
         <name>.text</name>
         <load_address>0x4315</load_address>
         <run_address>0x4315</run_address>
         <size>0xc2</size>
         <input_file_ref idref="fl-1f"/>
      </object_component>
      <object_component id="oc-f9">
         <name>.text</name>
         <load_address>0x43d7</load_address>
         <run_address>0x43d7</run_address>
         <size>0xbf</size>
         <input_file_ref idref="fl-4a"/>
      </object_component>
      <object_component id="oc-9a">
         <name>.text:CIO_breakpoint</name>
         <load_address>0x4496</load_address>
         <run_address>0x4496</run_address>
         <size>0xba</size>
         <input_file_ref idref="fl-33"/>
      </object_component>
      <object_component id="oc-aa">
         <name>.text</name>
         <load_address>0x4550</load_address>
         <run_address>0x4550</run_address>
         <size>0xae</size>
         <input_file_ref idref="fl-37"/>
      </object_component>
      <object_component id="oc-d8">
         <name>.text</name>
         <load_address>0x45fe</load_address>
         <run_address>0x45fe</run_address>
         <size>0xa6</size>
         <input_file_ref idref="fl-42"/>
      </object_component>
      <object_component id="oc-d4">
         <name>.text</name>
         <load_address>0x46a4</load_address>
         <run_address>0x46a4</run_address>
         <size>0xa1</size>
         <input_file_ref idref="fl-41"/>
      </object_component>
      <object_component id="oc-f1">
         <name>.text</name>
         <load_address>0x4745</load_address>
         <run_address>0x4745</run_address>
         <size>0x7d</size>
         <input_file_ref idref="fl-48"/>
      </object_component>
      <object_component id="oc-37">
         <name>.text</name>
         <load_address>0x47c2</load_address>
         <run_address>0x47c2</run_address>
         <size>0x7b</size>
         <input_file_ref idref="fl-1e"/>
      </object_component>
      <object_component id="oc-e1">
         <name>.text</name>
         <load_address>0x483d</load_address>
         <run_address>0x483d</run_address>
         <size>0x76</size>
         <input_file_ref idref="fl-44"/>
      </object_component>
      <object_component id="oc-56">
         <name>.text</name>
         <load_address>0x48b3</load_address>
         <run_address>0x48b3</run_address>
         <size>0x73</size>
         <input_file_ref idref="fl-25"/>
      </object_component>
      <object_component id="oc-106">
         <name>.text</name>
         <load_address>0x4926</load_address>
         <run_address>0x4926</run_address>
         <size>0x72</size>
         <input_file_ref idref="fl-4d"/>
      </object_component>
      <object_component id="oc-43">
         <name>.text</name>
         <load_address>0x4998</load_address>
         <run_address>0x4998</run_address>
         <size>0x6f</size>
         <input_file_ref idref="fl-21"/>
      </object_component>
      <object_component id="oc-97">
         <name>.text</name>
         <load_address>0x4a07</load_address>
         <run_address>0x4a07</run_address>
         <size>0x6d</size>
         <input_file_ref idref="fl-33"/>
      </object_component>
      <object_component id="oc-e5">
         <name>.text</name>
         <load_address>0x4a74</load_address>
         <run_address>0x4a74</run_address>
         <size>0x6b</size>
         <input_file_ref idref="fl-45"/>
      </object_component>
      <object_component id="oc-4b">
         <name>.text</name>
         <load_address>0x4adf</load_address>
         <run_address>0x4adf</run_address>
         <size>0x67</size>
         <input_file_ref idref="fl-23"/>
      </object_component>
      <object_component id="oc-10a">
         <name>.text</name>
         <load_address>0x4b46</load_address>
         <run_address>0x4b46</run_address>
         <size>0x5f</size>
         <input_file_ref idref="fl-4e"/>
      </object_component>
      <object_component id="oc-c2">
         <name>.text</name>
         <load_address>0x4ba5</load_address>
         <run_address>0x4ba5</run_address>
         <size>0x5c</size>
         <input_file_ref idref="fl-3c"/>
      </object_component>
      <object_component id="oc-7b">
         <name>.text</name>
         <load_address>0x4c01</load_address>
         <run_address>0x4c01</run_address>
         <size>0x50</size>
         <input_file_ref idref="fl-2d"/>
      </object_component>
      <object_component id="oc-c6">
         <name>.text</name>
         <load_address>0x4c51</load_address>
         <run_address>0x4c51</run_address>
         <size>0x4d</size>
         <input_file_ref idref="fl-3d"/>
      </object_component>
      <object_component id="oc-be">
         <name>.text</name>
         <load_address>0x4c9e</load_address>
         <run_address>0x4c9e</run_address>
         <size>0x4b</size>
         <input_file_ref idref="fl-3b"/>
      </object_component>
      <object_component id="oc-102">
         <name>.text</name>
         <load_address>0x4ce9</load_address>
         <run_address>0x4ce9</run_address>
         <size>0x4b</size>
         <input_file_ref idref="fl-4c"/>
      </object_component>
      <object_component id="oc-113">
         <name>.text</name>
         <load_address>0x4d34</load_address>
         <run_address>0x4d34</run_address>
         <size>0x48</size>
         <input_file_ref idref="fl-50"/>
      </object_component>
      <object_component id="oc-9d">
         <name>.text</name>
         <load_address>0x4d7c</load_address>
         <run_address>0x4d7c</run_address>
         <size>0x41</size>
         <input_file_ref idref="fl-34"/>
      </object_component>
      <object_component id="oc-6c">
         <name>.text</name>
         <load_address>0x4dbd</load_address>
         <run_address>0x4dbd</run_address>
         <size>0x3f</size>
         <input_file_ref idref="fl-2a"/>
      </object_component>
      <object_component id="oc-30">
         <name>.text</name>
         <load_address>0x4dfc</load_address>
         <run_address>0x4dfc</run_address>
         <size>0x3e</size>
         <input_file_ref idref="fl-1d"/>
      </object_component>
      <object_component id="oc-13">
         <name>.text</name>
         <load_address>0x4e3a</load_address>
         <run_address>0x4e3a</run_address>
         <size>0x34</size>
         <input_file_ref idref="fl-1b"/>
      </object_component>
      <object_component id="oc-3f">
         <name>.text</name>
         <load_address>0x4e6e</load_address>
         <run_address>0x4e6e</run_address>
         <size>0x2a</size>
         <input_file_ref idref="fl-20"/>
      </object_component>
      <object_component id="oc-a2">
         <name>.text</name>
         <load_address>0x4e98</load_address>
         <run_address>0x4e98</run_address>
         <size>0x2a</size>
         <input_file_ref idref="fl-35"/>
      </object_component>
      <object_component id="oc-f5">
         <name>.text</name>
         <load_address>0x4ec2</load_address>
         <run_address>0x4ec2</run_address>
         <size>0x23</size>
         <input_file_ref idref="fl-49"/>
      </object_component>
      <object_component id="oc-e9">
         <name>.text</name>
         <load_address>0x4ee5</load_address>
         <run_address>0x4ee5</run_address>
         <size>0x1a</size>
         <input_file_ref idref="fl-46"/>
      </object_component>
      <object_component id="oc-8e">
         <name>.text</name>
         <load_address>0x4eff</load_address>
         <run_address>0x4eff</run_address>
         <size>0x14</size>
         <input_file_ref idref="fl-31"/>
      </object_component>
      <object_component id="oc-62">
         <name>.text</name>
         <load_address>0x4f13</load_address>
         <run_address>0x4f13</run_address>
         <size>0x13</size>
         <input_file_ref idref="fl-28"/>
      </object_component>
      <object_component id="oc-b2">
         <name>.text</name>
         <load_address>0x4f26</load_address>
         <run_address>0x4f26</run_address>
         <size>0x12</size>
         <input_file_ref idref="fl-39"/>
      </object_component>
      <object_component id="oc-fe">
         <name>.text</name>
         <load_address>0x4f38</load_address>
         <run_address>0x4f38</run_address>
         <size>0x10</size>
         <input_file_ref idref="fl-4b"/>
      </object_component>
      <object_component id="oc-83">
         <name>.text</name>
         <load_address>0x4f48</load_address>
         <run_address>0x4f48</run_address>
         <size>0xe</size>
         <input_file_ref idref="fl-2f"/>
      </object_component>
      <object_component id="oc-47">
         <name>.text</name>
         <load_address>0x4f56</load_address>
         <run_address>0x4f56</run_address>
         <size>0xc</size>
         <input_file_ref idref="fl-22"/>
      </object_component>
      <object_component id="oc-7f">
         <name>.text</name>
         <load_address>0x4f62</load_address>
         <run_address>0x4f62</run_address>
         <size>0xa</size>
         <input_file_ref idref="fl-2e"/>
      </object_component>
      <object_component id="oc-34">
         <name>.text:CIO_breakpoint</name>
         <load_address>0x4f6c</load_address>
         <run_address>0x4f6c</run_address>
         <size>0x7</size>
         <input_file_ref idref="fl-1d"/>
      </object_component>
      <object_component id="oc-a6">
         <name>.text</name>
         <load_address>0x4f73</load_address>
         <run_address>0x4f73</run_address>
         <size>0x2</size>
         <input_file_ref idref="fl-36"/>
      </object_component>
      <object_component id="oc-28">
         <name>.stack</name>
         <load_address>0x74c0</load_address>
         <run_address>0x74c0</run_address>
         <size>0x0</size>
         <input_file_ref idref="fl-1b"/>
      </object_component>
      <object_component id="oc-133">
         <name>.stack</name>
         <load_address>0x74c0</load_address>
         <run_address>0x74c0</run_address>
         <size>0x0</size>
      </object_component>
      <object_component id="oc-117">
         <name>.sysstack</name>
         <load_address>0xb4c0</load_address>
         <run_address>0xb4c0</run_address>
         <size>0x0</size>
         <input_file_ref idref="fl-1b"/>
      </object_component>
      <object_component id="oc-135">
         <name>.sysstack</name>
         <load_address>0xb4c0</load_address>
         <run_address>0xb4c0</run_address>
         <size>0x0</size>
      </object_component>
      <object_component id="oc-1c">
         <name>.bss</name>
         <load_address>0x4f80</load_address>
         <run_address>0x4f80</run_address>
         <size>0x205c</size>
         <input_file_ref idref="fl-3"/>
      </object_component>
      <object_component id="oc-d0">
         <name>.bss</name>
         <load_address>0x6fdc</load_address>
         <run_address>0x6fdc</run_address>
         <size>0x232</size>
         <input_file_ref idref="fl-40"/>
      </object_component>
      <object_component id="oc-93">
         <name>.bss</name>
         <load_address>0x720e</load_address>
         <run_address>0x720e</run_address>
         <size>0x1a0</size>
         <input_file_ref idref="fl-32"/>
      </object_component>
      <object_component id="oc-51">
         <name>.bss</name>
         <load_address>0x73ae</load_address>
         <run_address>0x73ae</run_address>
         <size>0x2</size>
         <input_file_ref idref="fl-24"/>
      </object_component>
      <object_component id="oc-67">
         <name>.bss</name>
         <load_address>0x73b0</load_address>
         <run_address>0x73b0</run_address>
         <size>0xe2</size>
         <input_file_ref idref="fl-29"/>
      </object_component>
      <object_component id="oc-88">
         <name>.bss</name>
         <load_address>0x7494</load_address>
         <run_address>0x7494</run_address>
         <size>0x10</size>
         <input_file_ref idref="fl-30"/>
      </object_component>
      <object_component id="oc-71">
         <name>.bss</name>
         <load_address>0x74a4</load_address>
         <run_address>0x74a4</run_address>
         <size>0xc</size>
         <input_file_ref idref="fl-2b"/>
      </object_component>
      <object_component id="oc-b3">
         <name>.bss</name>
         <load_address>0x74b0</load_address>
         <run_address>0x74b0</run_address>
         <size>0x8</size>
         <input_file_ref idref="fl-39"/>
      </object_component>
      <object_component id="oc-31">
         <name>.bss</name>
         <load_address>0x74b8</load_address>
         <run_address>0x74b8</run_address>
         <size>0x8</size>
         <input_file_ref idref="fl-1d"/>
      </object_component>
      <object_component id="oc-119">
         <name>.const:__ctypes_</name>
         <load_address>0xc4c0</load_address>
         <run_address>0xc4c0</run_address>
         <size>0x202</size>
         <input_file_ref idref="fl-3f"/>
      </object_component>
      <object_component id="oc-20">
         <name>.const:.string</name>
         <load_address>0xc6c4</load_address>
         <run_address>0xc6c4</run_address>
         <size>0xf2</size>
         <input_file_ref idref="fl-3"/>
      </object_component>
      <object_component id="oc-bb">
         <name>.const:.string</name>
         <load_address>0xc7b8</load_address>
         <run_address>0xc7b8</run_address>
         <size>0x48</size>
         <input_file_ref idref="fl-3a"/>
      </object_component>
      <object_component id="oc-8b">
         <name>.const</name>
         <load_address>0xc800</load_address>
         <run_address>0xc800</run_address>
         <size>0x28</size>
         <input_file_ref idref="fl-30"/>
      </object_component>
      <object_component id="oc-ba">
         <name>.const</name>
         <load_address>0xc828</load_address>
         <run_address>0xc828</run_address>
         <size>0x18</size>
         <input_file_ref idref="fl-3a"/>
      </object_component>
      <object_component id="oc-118">
         <name>.const:_initial_approx$1</name>
         <load_address>0xc840</load_address>
         <run_address>0xc840</run_address>
         <size>0x10</size>
         <input_file_ref idref="fl-1c"/>
      </object_component>
      <object_component id="oc-1f">
         <name>.const</name>
         <load_address>0xc850</load_address>
         <run_address>0xc850</run_address>
         <size>0x10</size>
         <input_file_ref idref="fl-3"/>
      </object_component>
      <object_component id="oc-10c">
         <name>.const</name>
         <load_address>0xc860</load_address>
         <run_address>0xc860</run_address>
         <size>0x10</size>
         <input_file_ref idref="fl-4e"/>
      </object_component>
      <object_component id="oc-17">
         <name>.const</name>
         <load_address>0xc870</load_address>
         <run_address>0xc870</run_address>
         <size>0xc</size>
         <input_file_ref idref="fl-2"/>
      </object_component>
      <object_component id="oc-fb">
         <name>.const</name>
         <load_address>0xc87c</load_address>
         <run_address>0xc87c</run_address>
         <size>0xc</size>
         <input_file_ref idref="fl-4a"/>
      </object_component>
      <object_component id="oc-9f">
         <name>.const</name>
         <load_address>0xc888</load_address>
         <run_address>0xc888</run_address>
         <size>0x8</size>
         <input_file_ref idref="fl-34"/>
      </object_component>
      <object_component id="oc-de">
         <name>.const:.string</name>
         <load_address>0xc890</load_address>
         <run_address>0xc890</run_address>
         <size>0x4</size>
         <input_file_ref idref="fl-43"/>
      </object_component>
      <object_component id="oc-4d">
         <name>.const</name>
         <load_address>0xc894</load_address>
         <run_address>0xc894</run_address>
         <size>0x4</size>
         <input_file_ref idref="fl-23"/>
      </object_component>
      <object_component id="oc-74">
         <name>.sysmem</name>
         <uninitialized>true</uninitialized>
         <run_address>0x94c0</run_address>
         <size>0x0</size>
         <input_file_ref idref="fl-2b"/>
      </object_component>
      <object_component id="oc-134">
         <name>.sysmem</name>
         <uninitialized>true</uninitialized>
         <run_address>0x94c0</run_address>
         <size>0x0</size>
      </object_component>
      <object_component id="oc-69">
         <name>.cinit</name>
         <load_address>0xcae0</load_address>
         <run_address>0xcae0</run_address>
         <size>0x5a</size>
         <input_file_ref idref="fl-29"/>
      </object_component>
      <object_component id="oc-d2">
         <name>.cinit</name>
         <load_address>0xcb3a</load_address>
         <run_address>0xcb3a</run_address>
         <size>0x54</size>
         <input_file_ref idref="fl-40"/>
      </object_component>
      <object_component id="oc-8a">
         <name>.cinit</name>
         <load_address>0xcb8e</load_address>
         <run_address>0xcb8e</run_address>
         <size>0x16</size>
         <input_file_ref idref="fl-30"/>
      </object_component>
      <object_component id="oc-b5">
         <name>.cinit</name>
         <load_address>0xcba4</load_address>
         <run_address>0xcba4</run_address>
         <size>0x14</size>
         <input_file_ref idref="fl-39"/>
      </object_component>
      <object_component id="oc-33">
         <name>.cinit</name>
         <load_address>0xcbb8</load_address>
         <run_address>0xcbb8</run_address>
         <size>0x14</size>
         <input_file_ref idref="fl-1d"/>
      </object_component>
      <object_component id="oc-1e">
         <name>.cinit</name>
         <load_address>0xcbcc</load_address>
         <run_address>0xcbcc</run_address>
         <size>0x10</size>
         <input_file_ref idref="fl-3"/>
      </object_component>
      <object_component id="oc-53">
         <name>.cinit</name>
         <load_address>0xcbdc</load_address>
         <run_address>0xcbdc</run_address>
         <size>0x8</size>
         <input_file_ref idref="fl-24"/>
      </object_component>
      <object_component id="oc-73">
         <name>.cinit</name>
         <load_address>0xcbe4</load_address>
         <run_address>0xcbe4</run_address>
         <size>0x8</size>
         <input_file_ref idref="fl-2b"/>
      </object_component>
      <object_component id="oc-99">
         <name>.cio</name>
         <load_address>0xc8a0</load_address>
         <run_address>0xc8a0</run_address>
         <size>0x240</size>
         <input_file_ref idref="fl-33"/>
      </object_component>
      <object_component id="oc-14">
         <name>vectors</name>
         <load_address>0xfe00</load_address>
         <run_address>0xfe00</run_address>
         <size>0x100</size>
         <input_file_ref idref="fl-36"/>
      </object_component>
      <object_component id="oc-16">
         <name>.debug_info</name>
         <load_address>0x0</load_address>
         <run_address>0x0</run_address>
         <size>0x90f</size>
         <input_file_ref idref="fl-2"/>
      </object_component>
      <object_component id="oc-1d">
         <name>.debug_info</name>
         <load_address>0x90f</load_address>
         <run_address>0x90f</run_address>
         <size>0xb36</size>
         <input_file_ref idref="fl-3"/>
      </object_component>
      <object_component id="oc-25">
         <name>.debug_info</name>
         <load_address>0x1445</load_address>
         <run_address>0x1445</run_address>
         <size>0x5ab</size>
         <input_file_ref idref="fl-1a"/>
      </object_component>
      <object_component id="oc-29">
         <name>.debug_info</name>
         <load_address>0x19f0</load_address>
         <run_address>0x19f0</run_address>
         <size>0xe8</size>
         <input_file_ref idref="fl-1b"/>
      </object_component>
      <object_component id="oc-2d">
         <name>.debug_info</name>
         <load_address>0x1ad8</load_address>
         <run_address>0x1ad8</run_address>
         <size>0x7e8</size>
         <input_file_ref idref="fl-1c"/>
      </object_component>
      <object_component id="oc-32">
         <name>.debug_info</name>
         <load_address>0x22c0</load_address>
         <run_address>0x22c0</run_address>
         <size>0x5fb</size>
         <input_file_ref idref="fl-1d"/>
      </object_component>
      <object_component id="oc-38">
         <name>.debug_info</name>
         <load_address>0x28bb</load_address>
         <run_address>0x28bb</run_address>
         <size>0x64f</size>
         <input_file_ref idref="fl-1e"/>
      </object_component>
      <object_component id="oc-3c">
         <name>.debug_info</name>
         <load_address>0x2f0a</load_address>
         <run_address>0x2f0a</run_address>
         <size>0x706</size>
         <input_file_ref idref="fl-1f"/>
      </object_component>
      <object_component id="oc-40">
         <name>.debug_info</name>
         <load_address>0x3610</load_address>
         <run_address>0x3610</run_address>
         <size>0x4cf</size>
         <input_file_ref idref="fl-20"/>
      </object_component>
      <object_component id="oc-44">
         <name>.debug_info</name>
         <load_address>0x3adf</load_address>
         <run_address>0x3adf</run_address>
         <size>0x534</size>
         <input_file_ref idref="fl-21"/>
      </object_component>
      <object_component id="oc-48">
         <name>.debug_info</name>
         <load_address>0x4013</load_address>
         <run_address>0x4013</run_address>
         <size>0x4cf</size>
         <input_file_ref idref="fl-22"/>
      </object_component>
      <object_component id="oc-4c">
         <name>.debug_info</name>
         <load_address>0x44e2</load_address>
         <run_address>0x44e2</run_address>
         <size>0x549</size>
         <input_file_ref idref="fl-23"/>
      </object_component>
      <object_component id="oc-52">
         <name>.debug_info</name>
         <load_address>0x4a2b</load_address>
         <run_address>0x4a2b</run_address>
         <size>0xa1c</size>
         <input_file_ref idref="fl-24"/>
      </object_component>
      <object_component id="oc-57">
         <name>.debug_info</name>
         <load_address>0x5447</load_address>
         <run_address>0x5447</run_address>
         <size>0x53e</size>
         <input_file_ref idref="fl-25"/>
      </object_component>
      <object_component id="oc-5b">
         <name>.debug_info</name>
         <load_address>0x5985</load_address>
         <run_address>0x5985</run_address>
         <size>0x762</size>
         <input_file_ref idref="fl-26"/>
      </object_component>
      <object_component id="oc-5f">
         <name>.debug_info</name>
         <load_address>0x60e7</load_address>
         <run_address>0x60e7</run_address>
         <size>0x8f7</size>
         <input_file_ref idref="fl-27"/>
      </object_component>
      <object_component id="oc-63">
         <name>.debug_info</name>
         <load_address>0x69de</load_address>
         <run_address>0x69de</run_address>
         <size>0xbd</size>
         <input_file_ref idref="fl-28"/>
      </object_component>
      <object_component id="oc-68">
         <name>.debug_info</name>
         <load_address>0x6a9b</load_address>
         <run_address>0x6a9b</run_address>
         <size>0x144b</size>
         <input_file_ref idref="fl-29"/>
      </object_component>
      <object_component id="oc-6d">
         <name>.debug_info</name>
         <load_address>0x7ee6</load_address>
         <run_address>0x7ee6</run_address>
         <size>0xd1</size>
         <input_file_ref idref="fl-2a"/>
      </object_component>
      <object_component id="oc-72">
         <name>.debug_info</name>
         <load_address>0x7fb7</load_address>
         <run_address>0x7fb7</run_address>
         <size>0xb97</size>
         <input_file_ref idref="fl-2b"/>
      </object_component>
      <object_component id="oc-78">
         <name>.debug_info</name>
         <load_address>0x8b4e</load_address>
         <run_address>0x8b4e</run_address>
         <size>0x55b</size>
         <input_file_ref idref="fl-2c"/>
      </object_component>
      <object_component id="oc-7c">
         <name>.debug_info</name>
         <load_address>0x90a9</load_address>
         <run_address>0x90a9</run_address>
         <size>0x76c</size>
         <input_file_ref idref="fl-2d"/>
      </object_component>
      <object_component id="oc-80">
         <name>.debug_info</name>
         <load_address>0x9815</load_address>
         <run_address>0x9815</run_address>
         <size>0x510</size>
         <input_file_ref idref="fl-2e"/>
      </object_component>
      <object_component id="oc-84">
         <name>.debug_info</name>
         <load_address>0x9d25</load_address>
         <run_address>0x9d25</run_address>
         <size>0x58a</size>
         <input_file_ref idref="fl-2f"/>
      </object_component>
      <object_component id="oc-89">
         <name>.debug_info</name>
         <load_address>0xa2af</load_address>
         <run_address>0xa2af</run_address>
         <size>0x6ef</size>
         <input_file_ref idref="fl-30"/>
      </object_component>
      <object_component id="oc-8f">
         <name>.debug_info</name>
         <load_address>0xa99e</load_address>
         <run_address>0xa99e</run_address>
         <size>0x4de</size>
         <input_file_ref idref="fl-31"/>
      </object_component>
      <object_component id="oc-94">
         <name>.debug_info</name>
         <load_address>0xae7c</load_address>
         <run_address>0xae7c</run_address>
         <size>0xed4</size>
         <input_file_ref idref="fl-32"/>
      </object_component>
      <object_component id="oc-98">
         <name>.debug_info</name>
         <load_address>0xbd50</load_address>
         <run_address>0xbd50</run_address>
         <size>0x744</size>
         <input_file_ref idref="fl-33"/>
      </object_component>
      <object_component id="oc-9e">
         <name>.debug_info</name>
         <load_address>0xc494</load_address>
         <run_address>0xc494</run_address>
         <size>0x521</size>
         <input_file_ref idref="fl-34"/>
      </object_component>
      <object_component id="oc-a3">
         <name>.debug_info</name>
         <load_address>0xc9b5</load_address>
         <run_address>0xc9b5</run_address>
         <size>0xef</size>
         <input_file_ref idref="fl-35"/>
      </object_component>
      <object_component id="oc-a7">
         <name>.debug_info</name>
         <load_address>0xcaa4</load_address>
         <run_address>0xcaa4</run_address>
         <size>0xbc</size>
         <input_file_ref idref="fl-36"/>
      </object_component>
      <object_component id="oc-ab">
         <name>.debug_info</name>
         <load_address>0xcb60</load_address>
         <run_address>0xcb60</run_address>
         <size>0x6b8</size>
         <input_file_ref idref="fl-37"/>
      </object_component>
      <object_component id="oc-af">
         <name>.debug_info</name>
         <load_address>0xd218</load_address>
         <run_address>0xd218</run_address>
         <size>0x662</size>
         <input_file_ref idref="fl-38"/>
      </object_component>
      <object_component id="oc-b4">
         <name>.debug_info</name>
         <load_address>0xd87a</load_address>
         <run_address>0xd87a</run_address>
         <size>0x5bc</size>
         <input_file_ref idref="fl-39"/>
      </object_component>
      <object_component id="oc-b9">
         <name>.debug_info</name>
         <load_address>0xde36</load_address>
         <run_address>0xde36</run_address>
         <size>0x27bd</size>
         <input_file_ref idref="fl-3a"/>
      </object_component>
      <object_component id="oc-bf">
         <name>.debug_info</name>
         <load_address>0x105f3</load_address>
         <run_address>0x105f3</run_address>
         <size>0x586</size>
         <input_file_ref idref="fl-3b"/>
      </object_component>
      <object_component id="oc-c3">
         <name>.debug_info</name>
         <load_address>0x10b79</load_address>
         <run_address>0x10b79</run_address>
         <size>0x5a4</size>
         <input_file_ref idref="fl-3c"/>
      </object_component>
      <object_component id="oc-c7">
         <name>.debug_info</name>
         <load_address>0x1111d</load_address>
         <run_address>0x1111d</run_address>
         <size>0xcd</size>
         <input_file_ref idref="fl-3d"/>
      </object_component>
      <object_component id="oc-cb">
         <name>.debug_info</name>
         <load_address>0x111ea</load_address>
         <run_address>0x111ea</run_address>
         <size>0x81f</size>
         <input_file_ref idref="fl-3e"/>
      </object_component>
      <object_component id="oc-ce">
         <name>.debug_info</name>
         <load_address>0x11a09</load_address>
         <run_address>0x11a09</run_address>
         <size>0x498</size>
         <input_file_ref idref="fl-3f"/>
      </object_component>
      <object_component id="oc-d1">
         <name>.debug_info</name>
         <load_address>0x11ea1</load_address>
         <run_address>0x11ea1</run_address>
         <size>0x57e</size>
         <input_file_ref idref="fl-40"/>
      </object_component>
      <object_component id="oc-d5">
         <name>.debug_info</name>
         <load_address>0x1241f</load_address>
         <run_address>0x1241f</run_address>
         <size>0x534</size>
         <input_file_ref idref="fl-41"/>
      </object_component>
      <object_component id="oc-d9">
         <name>.debug_info</name>
         <load_address>0x12953</load_address>
         <run_address>0x12953</run_address>
         <size>0x6aa</size>
         <input_file_ref idref="fl-42"/>
      </object_component>
      <object_component id="oc-dd">
         <name>.debug_info</name>
         <load_address>0x12ffd</load_address>
         <run_address>0x12ffd</run_address>
         <size>0x942</size>
         <input_file_ref idref="fl-43"/>
      </object_component>
      <object_component id="oc-e2">
         <name>.debug_info</name>
         <load_address>0x1393f</load_address>
         <run_address>0x1393f</run_address>
         <size>0x4d2</size>
         <input_file_ref idref="fl-44"/>
      </object_component>
      <object_component id="oc-e6">
         <name>.debug_info</name>
         <load_address>0x13e11</load_address>
         <run_address>0x13e11</run_address>
         <size>0x5f7</size>
         <input_file_ref idref="fl-45"/>
      </object_component>
      <object_component id="oc-ea">
         <name>.debug_info</name>
         <load_address>0x14408</load_address>
         <run_address>0x14408</run_address>
         <size>0x680</size>
         <input_file_ref idref="fl-46"/>
      </object_component>
      <object_component id="oc-ee">
         <name>.debug_info</name>
         <load_address>0x14a88</load_address>
         <run_address>0x14a88</run_address>
         <size>0x7d4</size>
         <input_file_ref idref="fl-47"/>
      </object_component>
      <object_component id="oc-f2">
         <name>.debug_info</name>
         <load_address>0x1525c</load_address>
         <run_address>0x1525c</run_address>
         <size>0x5ad</size>
         <input_file_ref idref="fl-48"/>
      </object_component>
      <object_component id="oc-f6">
         <name>.debug_info</name>
         <load_address>0x15809</load_address>
         <run_address>0x15809</run_address>
         <size>0x574</size>
         <input_file_ref idref="fl-49"/>
      </object_component>
      <object_component id="oc-fa">
         <name>.debug_info</name>
         <load_address>0x15d7d</load_address>
         <run_address>0x15d7d</run_address>
         <size>0x50c</size>
         <input_file_ref idref="fl-4a"/>
      </object_component>
      <object_component id="oc-ff">
         <name>.debug_info</name>
         <load_address>0x16289</load_address>
         <run_address>0x16289</run_address>
         <size>0x4b7</size>
         <input_file_ref idref="fl-4b"/>
      </object_component>
      <object_component id="oc-103">
         <name>.debug_info</name>
         <load_address>0x16740</load_address>
         <run_address>0x16740</run_address>
         <size>0x4f2</size>
         <input_file_ref idref="fl-4c"/>
      </object_component>
      <object_component id="oc-107">
         <name>.debug_info</name>
         <load_address>0x16c32</load_address>
         <run_address>0x16c32</run_address>
         <size>0x534</size>
         <input_file_ref idref="fl-4d"/>
      </object_component>
      <object_component id="oc-10b">
         <name>.debug_info</name>
         <load_address>0x17166</load_address>
         <run_address>0x17166</run_address>
         <size>0x52e</size>
         <input_file_ref idref="fl-4e"/>
      </object_component>
      <object_component id="oc-110">
         <name>.debug_info</name>
         <load_address>0x17694</load_address>
         <run_address>0x17694</run_address>
         <size>0x64a</size>
         <input_file_ref idref="fl-4f"/>
      </object_component>
      <object_component id="oc-114">
         <name>.debug_info</name>
         <load_address>0x17cde</load_address>
         <run_address>0x17cde</run_address>
         <size>0x4f2</size>
         <input_file_ref idref="fl-50"/>
      </object_component>
      <object_component id="oc-137">
         <name>.debug_info</name>
         <load_address>0x181d0</load_address>
         <run_address>0x181d0</run_address>
         <size>0x70</size>
      </object_component>
      <object_component id="oc-18">
         <name>.debug_frame</name>
         <load_address>0x0</load_address>
         <run_address>0x0</run_address>
         <size>0x11f</size>
         <input_file_ref idref="fl-2"/>
      </object_component>
      <object_component id="oc-21">
         <name>.debug_frame</name>
         <load_address>0x11f</load_address>
         <run_address>0x11f</run_address>
         <size>0x102</size>
         <input_file_ref idref="fl-3"/>
      </object_component>
      <object_component id="oc-19">
         <name>.debug_line</name>
         <load_address>0x0</load_address>
         <run_address>0x0</run_address>
         <size>0x9a</size>
         <input_file_ref idref="fl-2"/>
      </object_component>
      <object_component id="oc-22">
         <name>.debug_line</name>
         <load_address>0x9a</load_address>
         <run_address>0x9a</run_address>
         <size>0xe8</size>
         <input_file_ref idref="fl-3"/>
      </object_component>
      <object_component id="oc-26">
         <name>.debug_line</name>
         <load_address>0x182</load_address>
         <run_address>0x182</run_address>
         <size>0x5c</size>
         <input_file_ref idref="fl-1a"/>
      </object_component>
      <object_component id="oc-2a">
         <name>.debug_line</name>
         <load_address>0x1de</load_address>
         <run_address>0x1de</run_address>
         <size>0x54</size>
         <input_file_ref idref="fl-1b"/>
      </object_component>
      <object_component id="oc-2e">
         <name>.debug_line</name>
         <load_address>0x232</load_address>
         <run_address>0x232</run_address>
         <size>0x5b</size>
         <input_file_ref idref="fl-1c"/>
      </object_component>
      <object_component id="oc-35">
         <name>.debug_line</name>
         <load_address>0x28d</load_address>
         <run_address>0x28d</run_address>
         <size>0x51</size>
         <input_file_ref idref="fl-1d"/>
      </object_component>
      <object_component id="oc-39">
         <name>.debug_line</name>
         <load_address>0x2de</load_address>
         <run_address>0x2de</run_address>
         <size>0x3d</size>
         <input_file_ref idref="fl-1e"/>
      </object_component>
      <object_component id="oc-3d">
         <name>.debug_line</name>
         <load_address>0x31b</load_address>
         <run_address>0x31b</run_address>
         <size>0x5b</size>
         <input_file_ref idref="fl-1f"/>
      </object_component>
      <object_component id="oc-41">
         <name>.debug_line</name>
         <load_address>0x376</load_address>
         <run_address>0x376</run_address>
         <size>0x3d</size>
         <input_file_ref idref="fl-20"/>
      </object_component>
      <object_component id="oc-45">
         <name>.debug_line</name>
         <load_address>0x3b3</load_address>
         <run_address>0x3b3</run_address>
         <size>0x3d</size>
         <input_file_ref idref="fl-21"/>
      </object_component>
      <object_component id="oc-49">
         <name>.debug_line</name>
         <load_address>0x3f0</load_address>
         <run_address>0x3f0</run_address>
         <size>0x3d</size>
         <input_file_ref idref="fl-22"/>
      </object_component>
      <object_component id="oc-4e">
         <name>.debug_line</name>
         <load_address>0x42d</load_address>
         <run_address>0x42d</run_address>
         <size>0x44</size>
         <input_file_ref idref="fl-23"/>
      </object_component>
      <object_component id="oc-54">
         <name>.debug_line</name>
         <load_address>0x471</load_address>
         <run_address>0x471</run_address>
         <size>0xd7</size>
         <input_file_ref idref="fl-24"/>
      </object_component>
      <object_component id="oc-58">
         <name>.debug_line</name>
         <load_address>0x548</load_address>
         <run_address>0x548</run_address>
         <size>0x40</size>
         <input_file_ref idref="fl-25"/>
      </object_component>
      <object_component id="oc-5c">
         <name>.debug_line</name>
         <load_address>0x588</load_address>
         <run_address>0x588</run_address>
         <size>0x4d</size>
         <input_file_ref idref="fl-26"/>
      </object_component>
      <object_component id="oc-60">
         <name>.debug_line</name>
         <load_address>0x5d5</load_address>
         <run_address>0x5d5</run_address>
         <size>0x97</size>
         <input_file_ref idref="fl-27"/>
      </object_component>
      <object_component id="oc-64">
         <name>.debug_line</name>
         <load_address>0x66c</load_address>
         <run_address>0x66c</run_address>
         <size>0x3c</size>
         <input_file_ref idref="fl-28"/>
      </object_component>
      <object_component id="oc-6a">
         <name>.debug_line</name>
         <load_address>0x6a8</load_address>
         <run_address>0x6a8</run_address>
         <size>0x1b0</size>
         <input_file_ref idref="fl-29"/>
      </object_component>
      <object_component id="oc-6e">
         <name>.debug_line</name>
         <load_address>0x858</load_address>
         <run_address>0x858</run_address>
         <size>0x4d</size>
         <input_file_ref idref="fl-2a"/>
      </object_component>
      <object_component id="oc-75">
         <name>.debug_line</name>
         <load_address>0x8a5</load_address>
         <run_address>0x8a5</run_address>
         <size>0x112</size>
         <input_file_ref idref="fl-2b"/>
      </object_component>
      <object_component id="oc-79">
         <name>.debug_line</name>
         <load_address>0x9b7</load_address>
         <run_address>0x9b7</run_address>
         <size>0x3c</size>
         <input_file_ref idref="fl-2c"/>
      </object_component>
      <object_component id="oc-7d">
         <name>.debug_line</name>
         <load_address>0x9f3</load_address>
         <run_address>0x9f3</run_address>
         <size>0x69</size>
         <input_file_ref idref="fl-2d"/>
      </object_component>
      <object_component id="oc-81">
         <name>.debug_line</name>
         <load_address>0xa5c</load_address>
         <run_address>0xa5c</run_address>
         <size>0x39</size>
         <input_file_ref idref="fl-2e"/>
      </object_component>
      <object_component id="oc-85">
         <name>.debug_line</name>
         <load_address>0xa95</load_address>
         <run_address>0xa95</run_address>
         <size>0x3b</size>
         <input_file_ref idref="fl-2f"/>
      </object_component>
      <object_component id="oc-8c">
         <name>.debug_line</name>
         <load_address>0xad0</load_address>
         <run_address>0xad0</run_address>
         <size>0x54</size>
         <input_file_ref idref="fl-30"/>
      </object_component>
      <object_component id="oc-90">
         <name>.debug_line</name>
         <load_address>0xb24</load_address>
         <run_address>0xb24</run_address>
         <size>0x37</size>
         <input_file_ref idref="fl-31"/>
      </object_component>
      <object_component id="oc-95">
         <name>.debug_line</name>
         <load_address>0xb5b</load_address>
         <run_address>0xb5b</run_address>
         <size>0x15d</size>
         <input_file_ref idref="fl-32"/>
      </object_component>
      <object_component id="oc-9b">
         <name>.debug_line</name>
         <load_address>0xcb8</load_address>
         <run_address>0xcb8</run_address>
         <size>0x6a</size>
         <input_file_ref idref="fl-33"/>
      </object_component>
      <object_component id="oc-a0">
         <name>.debug_line</name>
         <load_address>0xd22</load_address>
         <run_address>0xd22</run_address>
         <size>0x38</size>
         <input_file_ref idref="fl-34"/>
      </object_component>
      <object_component id="oc-a4">
         <name>.debug_line</name>
         <load_address>0xd5a</load_address>
         <run_address>0xd5a</run_address>
         <size>0x58</size>
         <input_file_ref idref="fl-35"/>
      </object_component>
      <object_component id="oc-a8">
         <name>.debug_line</name>
         <load_address>0xdb2</load_address>
         <run_address>0xdb2</run_address>
         <size>0x37</size>
         <input_file_ref idref="fl-36"/>
      </object_component>
      <object_component id="oc-ac">
         <name>.debug_line</name>
         <load_address>0xde9</load_address>
         <run_address>0xde9</run_address>
         <size>0x4c</size>
         <input_file_ref idref="fl-37"/>
      </object_component>
      <object_component id="oc-b0">
         <name>.debug_line</name>
         <load_address>0xe35</load_address>
         <run_address>0xe35</run_address>
         <size>0x57</size>
         <input_file_ref idref="fl-38"/>
      </object_component>
      <object_component id="oc-b6">
         <name>.debug_line</name>
         <load_address>0xe8c</load_address>
         <run_address>0xe8c</run_address>
         <size>0x57</size>
         <input_file_ref idref="fl-39"/>
      </object_component>
      <object_component id="oc-bc">
         <name>.debug_line</name>
         <load_address>0xee3</load_address>
         <run_address>0xee3</run_address>
         <size>0x328</size>
         <input_file_ref idref="fl-3a"/>
      </object_component>
      <object_component id="oc-c0">
         <name>.debug_line</name>
         <load_address>0x120b</load_address>
         <run_address>0x120b</run_address>
         <size>0x41</size>
         <input_file_ref idref="fl-3b"/>
      </object_component>
      <object_component id="oc-c4">
         <name>.debug_line</name>
         <load_address>0x124c</load_address>
         <run_address>0x124c</run_address>
         <size>0x46</size>
         <input_file_ref idref="fl-3c"/>
      </object_component>
      <object_component id="oc-c8">
         <name>.debug_line</name>
         <load_address>0x1292</load_address>
         <run_address>0x1292</run_address>
         <size>0x55</size>
         <input_file_ref idref="fl-3d"/>
      </object_component>
      <object_component id="oc-cc">
         <name>.debug_line</name>
         <load_address>0x12e7</load_address>
         <run_address>0x12e7</run_address>
         <size>0xad</size>
         <input_file_ref idref="fl-3e"/>
      </object_component>
      <object_component id="oc-d6">
         <name>.debug_line</name>
         <load_address>0x1394</load_address>
         <run_address>0x1394</run_address>
         <size>0x44</size>
         <input_file_ref idref="fl-41"/>
      </object_component>
      <object_component id="oc-da">
         <name>.debug_line</name>
         <load_address>0x13d8</load_address>
         <run_address>0x13d8</run_address>
         <size>0x56</size>
         <input_file_ref idref="fl-42"/>
      </object_component>
      <object_component id="oc-df">
         <name>.debug_line</name>
         <load_address>0x142e</load_address>
         <run_address>0x142e</run_address>
         <size>0xa8</size>
         <input_file_ref idref="fl-43"/>
      </object_component>
      <object_component id="oc-e3">
         <name>.debug_line</name>
         <load_address>0x14d6</load_address>
         <run_address>0x14d6</run_address>
         <size>0x3a</size>
         <input_file_ref idref="fl-44"/>
      </object_component>
      <object_component id="oc-e7">
         <name>.debug_line</name>
         <load_address>0x1510</load_address>
         <run_address>0x1510</run_address>
         <size>0x3c</size>
         <input_file_ref idref="fl-45"/>
      </object_component>
      <object_component id="oc-eb">
         <name>.debug_line</name>
         <load_address>0x154c</load_address>
         <run_address>0x154c</run_address>
         <size>0x38</size>
         <input_file_ref idref="fl-46"/>
      </object_component>
      <object_component id="oc-ef">
         <name>.debug_line</name>
         <load_address>0x1584</load_address>
         <run_address>0x1584</run_address>
         <size>0xa8</size>
         <input_file_ref idref="fl-47"/>
      </object_component>
      <object_component id="oc-f3">
         <name>.debug_line</name>
         <load_address>0x162c</load_address>
         <run_address>0x162c</run_address>
         <size>0x40</size>
         <input_file_ref idref="fl-48"/>
      </object_component>
      <object_component id="oc-f7">
         <name>.debug_line</name>
         <load_address>0x166c</load_address>
         <run_address>0x166c</run_address>
         <size>0x3c</size>
         <input_file_ref idref="fl-49"/>
      </object_component>
      <object_component id="oc-fc">
         <name>.debug_line</name>
         <load_address>0x16a8</load_address>
         <run_address>0x16a8</run_address>
         <size>0x3c</size>
         <input_file_ref idref="fl-4a"/>
      </object_component>
      <object_component id="oc-100">
         <name>.debug_line</name>
         <load_address>0x16e4</load_address>
         <run_address>0x16e4</run_address>
         <size>0x37</size>
         <input_file_ref idref="fl-4b"/>
      </object_component>
      <object_component id="oc-104">
         <name>.debug_line</name>
         <load_address>0x171b</load_address>
         <run_address>0x171b</run_address>
         <size>0x3c</size>
         <input_file_ref idref="fl-4c"/>
      </object_component>
      <object_component id="oc-108">
         <name>.debug_line</name>
         <load_address>0x1757</load_address>
         <run_address>0x1757</run_address>
         <size>0x44</size>
         <input_file_ref idref="fl-4d"/>
      </object_component>
      <object_component id="oc-10d">
         <name>.debug_line</name>
         <load_address>0x179b</load_address>
         <run_address>0x179b</run_address>
         <size>0x3a</size>
         <input_file_ref idref="fl-4e"/>
      </object_component>
      <object_component id="oc-111">
         <name>.debug_line</name>
         <load_address>0x17d5</load_address>
         <run_address>0x17d5</run_address>
         <size>0x3f</size>
         <input_file_ref idref="fl-4f"/>
      </object_component>
      <object_component id="oc-115">
         <name>.debug_line</name>
         <load_address>0x1814</load_address>
         <run_address>0x1814</run_address>
         <size>0x3c</size>
         <input_file_ref idref="fl-50"/>
      </object_component>
      <object_component id="oc-1a">
         <name>.debug_abbrev</name>
         <load_address>0x0</load_address>
         <run_address>0x0</run_address>
         <size>0x13b</size>
         <input_file_ref idref="fl-2"/>
      </object_component>
      <object_component id="oc-23">
         <name>.debug_abbrev</name>
         <load_address>0x13b</load_address>
         <run_address>0x13b</run_address>
         <size>0x157</size>
         <input_file_ref idref="fl-3"/>
      </object_component>
      <object_component id="oc-27">
         <name>.debug_abbrev</name>
         <load_address>0x292</load_address>
         <run_address>0x292</run_address>
         <size>0xd4</size>
         <input_file_ref idref="fl-1a"/>
      </object_component>
      <object_component id="oc-2b">
         <name>.debug_abbrev</name>
         <load_address>0x366</load_address>
         <run_address>0x366</run_address>
         <size>0x3a</size>
         <input_file_ref idref="fl-1b"/>
      </object_component>
      <object_component id="oc-2f">
         <name>.debug_abbrev</name>
         <load_address>0x3a0</load_address>
         <run_address>0x3a0</run_address>
         <size>0x112</size>
         <input_file_ref idref="fl-1c"/>
      </object_component>
      <object_component id="oc-36">
         <name>.debug_abbrev</name>
         <load_address>0x4b2</load_address>
         <run_address>0x4b2</run_address>
         <size>0xf7</size>
         <input_file_ref idref="fl-1d"/>
      </object_component>
      <object_component id="oc-3a">
         <name>.debug_abbrev</name>
         <load_address>0x5a9</load_address>
         <run_address>0x5a9</run_address>
         <size>0x118</size>
         <input_file_ref idref="fl-1e"/>
      </object_component>
      <object_component id="oc-3e">
         <name>.debug_abbrev</name>
         <load_address>0x6c1</load_address>
         <run_address>0x6c1</run_address>
         <size>0x136</size>
         <input_file_ref idref="fl-1f"/>
      </object_component>
      <object_component id="oc-42">
         <name>.debug_abbrev</name>
         <load_address>0x7f7</load_address>
         <run_address>0x7f7</run_address>
         <size>0x8f</size>
         <input_file_ref idref="fl-20"/>
      </object_component>
      <object_component id="oc-46">
         <name>.debug_abbrev</name>
         <load_address>0x886</load_address>
         <run_address>0x886</run_address>
         <size>0xb7</size>
         <input_file_ref idref="fl-21"/>
      </object_component>
      <object_component id="oc-4a">
         <name>.debug_abbrev</name>
         <load_address>0x93d</load_address>
         <run_address>0x93d</run_address>
         <size>0x8f</size>
         <input_file_ref idref="fl-22"/>
      </object_component>
      <object_component id="oc-4f">
         <name>.debug_abbrev</name>
         <load_address>0x9cc</load_address>
         <run_address>0x9cc</run_address>
         <size>0xc2</size>
         <input_file_ref idref="fl-23"/>
      </object_component>
      <object_component id="oc-55">
         <name>.debug_abbrev</name>
         <load_address>0xa8e</load_address>
         <run_address>0xa8e</run_address>
         <size>0x1a2</size>
         <input_file_ref idref="fl-24"/>
      </object_component>
      <object_component id="oc-59">
         <name>.debug_abbrev</name>
         <load_address>0xc30</load_address>
         <run_address>0xc30</run_address>
         <size>0x9a</size>
         <input_file_ref idref="fl-25"/>
      </object_component>
      <object_component id="oc-5d">
         <name>.debug_abbrev</name>
         <load_address>0xcca</load_address>
         <run_address>0xcca</run_address>
         <size>0x111</size>
         <input_file_ref idref="fl-26"/>
      </object_component>
      <object_component id="oc-61">
         <name>.debug_abbrev</name>
         <load_address>0xddb</load_address>
         <run_address>0xddb</run_address>
         <size>0x11e</size>
         <input_file_ref idref="fl-27"/>
      </object_component>
      <object_component id="oc-65">
         <name>.debug_abbrev</name>
         <load_address>0xef9</load_address>
         <run_address>0xef9</run_address>
         <size>0x38</size>
         <input_file_ref idref="fl-28"/>
      </object_component>
      <object_component id="oc-6b">
         <name>.debug_abbrev</name>
         <load_address>0xf31</load_address>
         <run_address>0xf31</run_address>
         <size>0x225</size>
         <input_file_ref idref="fl-29"/>
      </object_component>
      <object_component id="oc-6f">
         <name>.debug_abbrev</name>
         <load_address>0x1156</load_address>
         <run_address>0x1156</run_address>
         <size>0x38</size>
         <input_file_ref idref="fl-2a"/>
      </object_component>
      <object_component id="oc-76">
         <name>.debug_abbrev</name>
         <load_address>0x118e</load_address>
         <run_address>0x118e</run_address>
         <size>0x1de</size>
         <input_file_ref idref="fl-2b"/>
      </object_component>
      <object_component id="oc-7a">
         <name>.debug_abbrev</name>
         <load_address>0x136c</load_address>
         <run_address>0x136c</run_address>
         <size>0xdc</size>
         <input_file_ref idref="fl-2c"/>
      </object_component>
      <object_component id="oc-7e">
         <name>.debug_abbrev</name>
         <load_address>0x1448</load_address>
         <run_address>0x1448</run_address>
         <size>0x145</size>
         <input_file_ref idref="fl-2d"/>
      </object_component>
      <object_component id="oc-82">
         <name>.debug_abbrev</name>
         <load_address>0x158d</load_address>
         <run_address>0x158d</run_address>
         <size>0xbf</size>
         <input_file_ref idref="fl-2e"/>
      </object_component>
      <object_component id="oc-86">
         <name>.debug_abbrev</name>
         <load_address>0x164c</load_address>
         <run_address>0x164c</run_address>
         <size>0xcf</size>
         <input_file_ref idref="fl-2f"/>
      </object_component>
      <object_component id="oc-8d">
         <name>.debug_abbrev</name>
         <load_address>0x171b</load_address>
         <run_address>0x171b</run_address>
         <size>0xcc</size>
         <input_file_ref idref="fl-30"/>
      </object_component>
      <object_component id="oc-91">
         <name>.debug_abbrev</name>
         <load_address>0x17e7</load_address>
         <run_address>0x17e7</run_address>
         <size>0x8f</size>
         <input_file_ref idref="fl-31"/>
      </object_component>
      <object_component id="oc-96">
         <name>.debug_abbrev</name>
         <load_address>0x1876</load_address>
         <run_address>0x1876</run_address>
         <size>0x15a</size>
         <input_file_ref idref="fl-32"/>
      </object_component>
      <object_component id="oc-9c">
         <name>.debug_abbrev</name>
         <load_address>0x19d0</load_address>
         <run_address>0x19d0</run_address>
         <size>0xde</size>
         <input_file_ref idref="fl-33"/>
      </object_component>
      <object_component id="oc-a1">
         <name>.debug_abbrev</name>
         <load_address>0x1aae</load_address>
         <run_address>0x1aae</run_address>
         <size>0xaf</size>
         <input_file_ref idref="fl-34"/>
      </object_component>
      <object_component id="oc-a5">
         <name>.debug_abbrev</name>
         <load_address>0x1b5d</load_address>
         <run_address>0x1b5d</run_address>
         <size>0x38</size>
         <input_file_ref idref="fl-35"/>
      </object_component>
      <object_component id="oc-a9">
         <name>.debug_abbrev</name>
         <load_address>0x1b95</load_address>
         <run_address>0x1b95</run_address>
         <size>0x26</size>
         <input_file_ref idref="fl-36"/>
      </object_component>
      <object_component id="oc-ad">
         <name>.debug_abbrev</name>
         <load_address>0x1bbb</load_address>
         <run_address>0x1bbb</run_address>
         <size>0x124</size>
         <input_file_ref idref="fl-37"/>
      </object_component>
      <object_component id="oc-b1">
         <name>.debug_abbrev</name>
         <load_address>0x1cdf</load_address>
         <run_address>0x1cdf</run_address>
         <size>0xd1</size>
         <input_file_ref idref="fl-38"/>
      </object_component>
      <object_component id="oc-b7">
         <name>.debug_abbrev</name>
         <load_address>0x1db0</load_address>
         <run_address>0x1db0</run_address>
         <size>0x9f</size>
         <input_file_ref idref="fl-39"/>
      </object_component>
      <object_component id="oc-bd">
         <name>.debug_abbrev</name>
         <load_address>0x1e4f</load_address>
         <run_address>0x1e4f</run_address>
         <size>0x1f8</size>
         <input_file_ref idref="fl-3a"/>
      </object_component>
      <object_component id="oc-c1">
         <name>.debug_abbrev</name>
         <load_address>0x2047</load_address>
         <run_address>0x2047</run_address>
         <size>0xec</size>
         <input_file_ref idref="fl-3b"/>
      </object_component>
      <object_component id="oc-c5">
         <name>.debug_abbrev</name>
         <load_address>0x2133</load_address>
         <run_address>0x2133</run_address>
         <size>0xd5</size>
         <input_file_ref idref="fl-3c"/>
      </object_component>
      <object_component id="oc-c9">
         <name>.debug_abbrev</name>
         <load_address>0x2208</load_address>
         <run_address>0x2208</run_address>
         <size>0x44</size>
         <input_file_ref idref="fl-3d"/>
      </object_component>
      <object_component id="oc-cd">
         <name>.debug_abbrev</name>
         <load_address>0x224c</load_address>
         <run_address>0x224c</run_address>
         <size>0xb7</size>
         <input_file_ref idref="fl-3e"/>
      </object_component>
      <object_component id="oc-cf">
         <name>.debug_abbrev</name>
         <load_address>0x2303</load_address>
         <run_address>0x2303</run_address>
         <size>0x68</size>
         <input_file_ref idref="fl-3f"/>
      </object_component>
      <object_component id="oc-d3">
         <name>.debug_abbrev</name>
         <load_address>0x236b</load_address>
         <run_address>0x236b</run_address>
         <size>0x83</size>
         <input_file_ref idref="fl-40"/>
      </object_component>
      <object_component id="oc-d7">
         <name>.debug_abbrev</name>
         <load_address>0x23ee</load_address>
         <run_address>0x23ee</run_address>
         <size>0xb5</size>
         <input_file_ref idref="fl-41"/>
      </object_component>
      <object_component id="oc-db">
         <name>.debug_abbrev</name>
         <load_address>0x24a3</load_address>
         <run_address>0x24a3</run_address>
         <size>0x103</size>
         <input_file_ref idref="fl-42"/>
      </object_component>
      <object_component id="oc-e0">
         <name>.debug_abbrev</name>
         <load_address>0x25a6</load_address>
         <run_address>0x25a6</run_address>
         <size>0x140</size>
         <input_file_ref idref="fl-43"/>
      </object_component>
      <object_component id="oc-e4">
         <name>.debug_abbrev</name>
         <load_address>0x26e6</load_address>
         <run_address>0x26e6</run_address>
         <size>0x81</size>
         <input_file_ref idref="fl-44"/>
      </object_component>
      <object_component id="oc-e8">
         <name>.debug_abbrev</name>
         <load_address>0x2767</load_address>
         <run_address>0x2767</run_address>
         <size>0xd1</size>
         <input_file_ref idref="fl-45"/>
      </object_component>
      <object_component id="oc-ec">
         <name>.debug_abbrev</name>
         <load_address>0x2838</load_address>
         <run_address>0x2838</run_address>
         <size>0xd0</size>
         <input_file_ref idref="fl-46"/>
      </object_component>
      <object_component id="oc-f0">
         <name>.debug_abbrev</name>
         <load_address>0x2908</load_address>
         <run_address>0x2908</run_address>
         <size>0xb7</size>
         <input_file_ref idref="fl-47"/>
      </object_component>
      <object_component id="oc-f4">
         <name>.debug_abbrev</name>
         <load_address>0x29bf</load_address>
         <run_address>0x29bf</run_address>
         <size>0xec</size>
         <input_file_ref idref="fl-48"/>
      </object_component>
      <object_component id="oc-f8">
         <name>.debug_abbrev</name>
         <load_address>0x2aab</load_address>
         <run_address>0x2aab</run_address>
         <size>0xb7</size>
         <input_file_ref idref="fl-49"/>
      </object_component>
      <object_component id="oc-fd">
         <name>.debug_abbrev</name>
         <load_address>0x2b62</load_address>
         <run_address>0x2b62</run_address>
         <size>0x98</size>
         <input_file_ref idref="fl-4a"/>
      </object_component>
      <object_component id="oc-101">
         <name>.debug_abbrev</name>
         <load_address>0x2bfa</load_address>
         <run_address>0x2bfa</run_address>
         <size>0x81</size>
         <input_file_ref idref="fl-4b"/>
      </object_component>
      <object_component id="oc-105">
         <name>.debug_abbrev</name>
         <load_address>0x2c7b</load_address>
         <run_address>0x2c7b</run_address>
         <size>0xa6</size>
         <input_file_ref idref="fl-4c"/>
      </object_component>
      <object_component id="oc-109">
         <name>.debug_abbrev</name>
         <load_address>0x2d21</load_address>
         <run_address>0x2d21</run_address>
         <size>0xb5</size>
         <input_file_ref idref="fl-4d"/>
      </object_component>
      <object_component id="oc-10e">
         <name>.debug_abbrev</name>
         <load_address>0x2dd6</load_address>
         <run_address>0x2dd6</run_address>
         <size>0xaf</size>
         <input_file_ref idref="fl-4e"/>
      </object_component>
      <object_component id="oc-112">
         <name>.debug_abbrev</name>
         <load_address>0x2e85</load_address>
         <run_address>0x2e85</run_address>
         <size>0x10b</size>
         <input_file_ref idref="fl-4f"/>
      </object_component>
      <object_component id="oc-116">
         <name>.debug_abbrev</name>
         <load_address>0x2f90</load_address>
         <run_address>0x2f90</run_address>
         <size>0xa6</size>
         <input_file_ref idref="fl-50"/>
      </object_component>
      <object_component id="oc-138">
         <name>.debug_abbrev</name>
         <load_address>0x3036</load_address>
         <run_address>0x3036</run_address>
         <size>0xd</size>
      </object_component>
   </object_component_list>
   <logical_group_list>
      <logical_group id="lg-2">
         <name>.text</name>
         <load_address>0x300</load_address>
         <run_address>0x300</run_address>
         <size>0x4c76</size>
         <contents>
[...]
      </symbol>
      <symbol id="sm-16">
         <name>.bss</name>
         <value>0x4f80</value>
      </symbol>
      <symbol id="sm-17">
         <name>___bss__</name>
         <value>0x4f80</value>
      </symbol>
      <symbol id="sm-18">
         <name>end</name>
         <value>0x74c0</value>
      </symbol>
      <symbol id="sm-19">
         <name>___end__</name>
         <value>0x74c0</value>
      </symbol>
      <symbol id="sm-54">
         <name>_flangerInit</name>
         <value>0x3bfb</value>
         <object_component_ref idref="oc-15"/>
      </symbol>
      <symbol id="sm-55">
         <name>_Flanger_sweep</name>
         <value>0x3d38</value>
         <object_component_ref idref="oc-15"/>
      </symbol>
      <symbol id="sm-56">
         <name>_Flanger_process</name>
         <value>0x3c2c</value>
         <object_component_ref idref="oc-15"/>
      </symbol>
      <symbol id="sm-82">
         <name>_main</name>
         <value>0x2b90</value>
         <object_component_ref idref="oc-1b"/>
      </symbol>
      <symbol id="sm-83">
         <name>_wHeader</name>
         <value>0x2d6a</value>
         <object_component_ref idref="oc-1b"/>
      </symbol>
      <symbol id="sm-84">
         <name>_Fs</name>
         <value>0x6fda</value>
         <object_component_ref idref="oc-1c"/>
      </symbol>
      <symbol id="sm-85">
         <name>_Fc</name>
         <value>0x6fd8</value>
         <object_component_ref idref="oc-1c"/>
      </symbol>
      <symbol id="sm-86">
         <name>_senoid</name>
         <value>0x6780</value>
         <object_component_ref idref="oc-1c"/>
      </symbol>
      <symbol id="sm-87">
         <name>_temp</name>
         <value>0x5780</value>
         <object_component_ref idref="oc-1c"/>
      </symbol>
      <symbol id="sm-88">
         <name>_waveHeader</name>
         <value>0x6f80</value>
         <object_component_ref idref="oc-1c"/>
      </symbol>
      <symbol id="sm-89">
         <name>_d_buffer</name>
         <value>0x4f80</value>
         <object_component_ref idref="oc-1c"/>
      </symbol>
      <symbol id="sm-93">
         <name>__addd</name>
         <value>0x33d7</value>
         <object_component_ref idref="oc-24"/>
      </symbol>
      <symbol id="sm-9f">
         <name>__sysstack</name>
         <value>0xb4c0</value>
         <object_component_ref idref="oc-117"/>
      </symbol>
      <symbol id="sm-a0">
         <name>_c_int00</name>
         <value>0x4e3a</value>
         <object_component_ref idref="oc-13"/>
      </symbol>
      <symbol id="sm-a1">
         <name>__stack</name>
         <value>0x74c0</value>
         <object_component_ref idref="oc-28"/>
      </symbol>
      <symbol id="sm-ad">
         <name>__divd</name>
         <value>0x27c4</value>
         <object_component_ref idref="oc-2c"/>
      </symbol>
      <symbol id="sm-bd">
         <name>C$$EXIT</name>
         <value>0x4f6d</value>
         <object_component_ref idref="oc-34"/>
      </symbol>
      <symbol id="sm-be">
         <name>_exit</name>
         <value>0x4dfc</value>
         <object_component_ref idref="oc-30"/>
      </symbol>
      <symbol id="sm-bf">
         <name>_abort</name>
         <value>0x4f6c</value>
         <object_component_ref idref="oc-34"/>
      </symbol>
      <symbol id="sm-c0">
         <name>__cleanup_ptr</name>
         <value>0x74b8</value>
         <object_component_ref idref="oc-31"/>
      </symbol>
      <symbol id="sm-c1">
         <name>__dtors_ptr</name>
         <value>0x74bc</value>
         <object_component_ref idref="oc-31"/>
      </symbol>
      <symbol id="sm-cb">
         <name>_fclose</name>
         <value>0x47c2</value>
         <object_component_ref idref="oc-37"/>
      </symbol>
      <symbol id="sm-d5">
         <name>__doflush</name>
         <value>0x4315</value>
         <object_component_ref idref="oc-3b"/>
      </symbol>
      <symbol id="sm-d6">
         <name>_fflush</name>
         <value>0x437e</value>
         <object_component_ref idref="oc-3b"/>
      </symbol>
      <symbol id="sm-e0">
         <name>__fixdi</name>
         <value>0x4e6e</value>
         <object_component_ref idref="oc-3f"/>
      </symbol>
      <symbol id="sm-ea">
         <name>__fixdli</name>
         <value>0x4998</value>
         <object_component_ref idref="oc-43"/>
      </symbol>
      <symbol id="sm-f4">
         <name>__fltid</name>
         <value>0x4f56</value>
         <object_component_ref idref="oc-47"/>
      </symbol>
      <symbol id="sm-100">
         <name>__fltlid</name>
         <value>0x4adf</value>
         <object_component_ref idref="oc-4b"/>
      </symbol>
      <symbol id="sm-10f">
         <name>__cleanup</name>
         <value>0x301b</value>
         <object_component_ref idref="oc-50"/>
      </symbol>
      <symbol id="sm-110">
         <name>_fopen</name>
         <value>0x313e</value>
         <object_component_ref idref="oc-50"/>
      </symbol>
      <symbol id="sm-111">
         <name>_freopen</name>
         <value>0x3075</value>
         <object_component_ref idref="oc-50"/>
      </symbol>
      <symbol id="sm-11b">
         <name>__frcmpyd_div</name>
         <value>0x48b3</value>
         <object_component_ref idref="oc-56"/>
      </symbol>
      <symbol id="sm-125">
         <name>_fread</name>
         <value>0x4043</value>
         <object_component_ref idref="oc-5a"/>
      </symbol>
      <symbol id="sm-131">
         <name>_fwrite</name>
         <value>0x3823</value>
         <object_component_ref idref="oc-5e"/>
      </symbol>
      <symbol id="sm-139">
         <name>__mpyli</name>
         <value>0x4f13</value>
         <object_component_ref idref="oc-62"/>
      </symbol>
      <symbol id="sm-13a">
         <name>I$$LMPY</name>
         <value>0x4f13</value>
         <object_component_ref idref="oc-62"/>
      </symbol>
      <symbol id="sm-14c">
         <name>_add_device</name>
         <value>0x1cf7</value>
         <object_component_ref idref="oc-66"/>
      </symbol>
      <symbol id="sm-14d">
         <name>_rename</name>
         <value>0x1a19</value>
         <object_component_ref idref="oc-66"/>
      </symbol>
      <symbol id="sm-14e">
         <name>_read</name>
         <value>0x1aa8</value>
         <object_component_ref idref="oc-66"/>
      </symbol>
      <symbol id="sm-14f">
         <name>_unlink</name>
         <value>0x19e6</value>
         <object_component_ref idref="oc-66"/>
      </symbol>
      <symbol id="sm-150">
         <name>_remove_device</name>
         <value>0x1a72</value>
         <object_component_ref idref="oc-66"/>
      </symbol>
      <symbol id="sm-151">
         <name>_open</name>
         <value>0x1b56</value>
         <object_component_ref idref="oc-66"/>
      </symbol>
      <symbol id="sm-152">
         <name>_find_registered_device</name>
         <value>0x1c7b</value>
         <object_component_ref idref="oc-66"/>
      </symbol>
      <symbol id="sm-153">
         <name>_lseek</name>
         <value>0x1c15</value>
         <object_component_ref idref="oc-66"/>
      </symbol>
      <symbol id="sm-154">
         <name>_close</name>
         <value>0x1c84</value>
         <object_component_ref idref="oc-66"/>
      </symbol>
      <symbol id="sm-155">
         <name>_write</name>
         <value>0x18a4</value>
         <object_component_ref idref="oc-66"/>
      </symbol>
      <symbol id="sm-15d">
         <name>_memcpy</name>
         <value>0x4dbd</value>
         <object_component_ref idref="oc-6c"/>
      </symbol>
      <symbol id="sm-16d">
         <name>__sys_memory</name>
         <value>0x94c0</value>
         <object_component_ref idref="oc-74"/>
      </symbol>
      <symbol id="sm-16e">
         <name>_chkheap</name>
         <value>0x2796</value>
         <object_component_ref idref="oc-70"/>
      </symbol>
      <symbol id="sm-16f">
         <name>_realloc</name>
         <value>0x2535</value>
         <object_component_ref idref="oc-70"/>
      </symbol>
      <symbol id="sm-170">
         <name>_free_memory</name>
         <value>0x2740</value>
         <object_component_ref idref="oc-70"/>
      </symbol>
      <symbol id="sm-171">
         <name>_max_free</name>
         <value>0x26e6</value>
         <object_component_ref idref="oc-70"/>
      </symbol>
      <symbol id="sm-172">
         <name>_free</name>
         <value>0x230f</value>
         <object_component_ref idref="oc-70"/>
      </symbol>
      <symbol id="sm-173">
         <name>_calloc</name>
         <value>0x279e</value>
         <object_component_ref idref="oc-70"/>
      </symbol>
      <symbol id="sm-174">
         <name>_malloc</name>
         <value>0x2440</value>
         <object_component_ref idref="oc-70"/>
      </symbol>
      <symbol id="sm-175">
         <name>_minit</name>
         <value>0x23db</value>
         <object_component_ref idref="oc-70"/>
      </symbol>
      <symbol id="sm-17f">
         <name>__mpyd</name>
         <value>0x3ef7</value>
         <object_component_ref idref="oc-77"/>
      </symbol>
      <symbol id="sm-189">
         <name>_printf</name>
         <value>0x4c01</value>
         <object_component_ref idref="oc-7b"/>
      </symbol>
      <symbol id="sm-193">
         <name>_remove</name>
         <value>0x4f62</value>
         <object_component_ref idref="oc-7f"/>
      </symbol>
      <symbol id="sm-19d">
         <name>_rewind</name>
         <value>0x4f48</value>
         <object_component_ref idref="oc-83"/>
      </symbol>
      <symbol id="sm-1ae">
         <name>_sin</name>
         <value>0x3631</value>
         <object_component_ref idref="oc-87"/>
      </symbol>
      <symbol id="sm-1b8">
         <name>__subd</name>
         <value>0x4eff</value>
         <object_component_ref idref="oc-8e"/>
      </symbol>
      <symbol id="sm-1c4">
         <name>_HOSTopen</name>
         <value>0x20f2</value>
         <object_component_ref idref="oc-92"/>
      </symbol>
      <symbol id="sm-1c5">
         <name>_HOSTread</name>
         <value>0x2065</value>
         <object_component_ref idref="oc-92"/>
      </symbol>
      <symbol id="sm-1c6">
         <name>_HOSTtime</name>
         <value>0x1f59</value>
         <object_component_ref idref="oc-92"/>
      </symbol>
      <symbol id="sm-1c7">
         <name>_getenv</name>
         <value>0x1de7</value>
         <object_component_ref idref="oc-92"/>
      </symbol>
      <symbol id="sm-1c8">
         <name>_HOSTrename</name>
         <value>0x1fb7</value>
         <object_component_ref idref="oc-92"/>
      </symbol>
      <symbol id="sm-1c9">
         <name>_HOSTclock</name>
         <value>0x22b1</value>
         <object_component_ref idref="oc-92"/>
      </symbol>
      <symbol id="sm-1ca">
         <name>_HOSTwrite</name>
         <value>0x1e62</value>
         <object_component_ref idref="oc-92"/>
      </symbol>
      <symbol id="sm-1cb">
         <name>_HOSTlseek</name>
         <value>0x2191</value>
         <object_component_ref idref="oc-92"/>
      </symbol>
      <symbol id="sm-1cc">
         <name>_HOSTunlink</name>
         <value>0x1eef</value>
         <object_component_ref idref="oc-92"/>
      </symbol>
      <symbol id="sm-1cd">
         <name>_HOSTclose</name>
         <value>0x2246</value>
         <object_component_ref idref="oc-92"/>
      </symbol>
      <symbol id="sm-1df">
         <name>C$$IO$$</name>
         <value>0x454b</value>
         <object_component_ref idref="oc-9a"/>
      </symbol>
      <symbol id="sm-1e0">
         <name>__CIOBUF_</name>
         <value>0xc8a0</value>
         <object_component_ref idref="oc-99"/>
      </symbol>
      <symbol id="sm-1e1">
         <name>_readmsg</name>
         <value>0x4a07</value>
         <object_component_ref idref="oc-97"/>
      </symbol>
      <symbol id="sm-1e2">
         <name>_writemsg</name>
         <value>0x4496</value>
         <object_component_ref idref="oc-9a"/>
      </symbol>
      <symbol id="sm-1ee">
         <name>__trunc</name>
         <value>0x4d7c</value>
         <object_component_ref idref="oc-9d"/>
      </symbol>
      <symbol id="sm-1f6">
         <name>__remu</name>
         <value>0x4ead</value>
         <object_component_ref idref="oc-a2"/>
      </symbol>
      <symbol id="sm-1f7">
         <name>__divu</name>
         <value>0x4e98</value>
         <object_component_ref idref="oc-a2"/>
      </symbol>
      <symbol id="sm-1f8">
         <name>I$$UMOD</name>
         <value>0x4ead</value>
         <object_component_ref idref="oc-a2"/>
      </symbol>
      <symbol id="sm-1f9">
         <name>I$$UDIV</name>
         <value>0x4e98</value>
         <object_component_ref idref="oc-a2"/>
      </symbol>
      <symbol id="sm-203">
         <name>_Reset</name>
         <value>0xfe00</value>
         <object_component_ref idref="oc-14"/>
      </symbol>
      <symbol id="sm-20d">
         <name>__buff_read</name>
         <value>0x4550</value>
         <object_component_ref idref="oc-aa"/>
      </symbol>
      <symbol id="sm-217">
         <name>__rd_ok</name>
         <value>0x42b8</value>
         <object_component_ref idref="oc-ae"/>
      </symbol>
      <symbol id="sm-218">
         <name>__wrt_ok</name>
         <value>0x4238</value>
         <object_component_ref idref="oc-ae"/>
      </symbol>
      <symbol id="sm-226">
         <name>__unlock</name>
         <value>0x74b4</value>
         <object_component_ref idref="oc-b3"/>
      </symbol>
      <symbol id="sm-227">
         <name>__lock</name>
         <value>0x74b0</value>
         <object_component_ref idref="oc-b3"/>
      </symbol>
      <symbol id="sm-228">
         <name>__register_lock</name>
         <value>0x4f2e</value>
         <object_component_ref idref="oc-b2"/>
      </symbol>
      <symbol id="sm-229">
         <name>__nop</name>
         <value>0x4f36</value>
         <object_component_ref idref="oc-b2"/>
      </symbol>
      <symbol id="sm-22a">
         <name>__register_unlock</name>
         <value>0x4f26</value>
         <object_component_ref idref="oc-b2"/>
      </symbol>
      <symbol id="sm-23c">
         <name>__printfi</name>
         <value>0x1662</value>
         <object_component_ref idref="oc-b8"/>
      </symbol>
      <symbol id="sm-246">
         <name>__args_main</name>
         <value>0x4c9e</value>
         <object_component_ref idref="oc-be"/>
      </symbol>
      <symbol id="sm-247">
         <name>__TI_args_main</name>
         <value>0x1</value>
      </symbol>
      <symbol id="sm-251">
         <name>_atoi</name>
         <value>0x4ba5</value>
         <object_component_ref idref="oc-c2"/>
      </symbol>
      <symbol id="sm-259">
         <name>_auto_init</name>
         <value>0x4c51</value>
         <object_component_ref idref="oc-c6"/>
      </symbol>
      <symbol id="sm-263">
         <name>__eqld</name>
         <value>0x3b6f</value>
         <object_component_ref idref="oc-ca"/>
      </symbol>
      <symbol id="sm-264">
         <name>__cmpd</name>
         <value>0x3ba3</value>
         <object_component_ref idref="oc-ca"/>
      </symbol>
      <symbol id="sm-265">
         <name>__neqd</name>
         <value>0x3a11</value>
         <object_component_ref idref="oc-ca"/>
      </symbol>
      <symbol id="sm-266">
         <name>__gtrd</name>
         <value>0x3ada</value>
         <object_component_ref idref="oc-ca"/>
      </symbol>
      <symbol id="sm-267">
         <name>__geqd</name>
         <value>0x3b25</value>
         <object_component_ref idref="oc-ca"/>
      </symbol>
      <symbol id="sm-268">
         <name>__leqd</name>
         <value>0x3a8d</value>
         <object_component_ref idref="oc-ca"/>
      </symbol>
      <symbol id="sm-269">
         <name>__lssd</name>
         <value>0x3a45</value>
         <object_component_ref idref="oc-ca"/>
      </symbol>
      <symbol id="sm-271">
         <name>__ctypes_</name>
         <value>0xc4c0</value>
         <object_component_ref idref="oc-119"/>
      </symbol>
      <symbol id="sm-27b">
         <name>__tmpnams</name>
         <value>0x70cc</value>
         <object_component_ref idref="oc-d0"/>
      </symbol>
      <symbol id="sm-27c">
         <name>__ft_end</name>
         <value>0x720c</value>
         <object_component_ref idref="oc-d0"/>
      </symbol>
      <symbol id="sm-27d">
         <name>__ftable</name>
         <value>0x6fdc</value>
         <object_component_ref idref="oc-d0"/>
      </symbol>
      <symbol id="sm-288">
         <name>__divul</name>
         <value>0x46a4</value>
         <object_component_ref idref="oc-d4"/>
      </symbol>
      <symbol id="sm-292">
         <name>_putchar</name>
         <value>0x4695</value>
         <object_component_ref idref="oc-d8"/>
      </symbol>
      <symbol id="sm-293">
         <name>_putc</name>
         <value>0x45fe</value>
         <object_component_ref idref="oc-d8"/>
      </symbol>
      <symbol id="sm-294">
         <name>_fputc</name>
         <value>0x45fe</value>
         <object_component_ref idref="oc-d8"/>
      </symbol>
      <symbol id="sm-2a2">
         <name>_puts</name>
         <value>0x3ec9</value>
         <object_component_ref idref="oc-dc"/>
      </symbol>
      <symbol id="sm-2a3">
         <name>_fputs</name>
         <value>0x3d94</value>
         <object_component_ref idref="oc-dc"/>
      </symbol>
      <symbol id="sm-2ad">
         <name>__frcmpyd</name>
         <value>0x483d</value>
         <object_component_ref idref="oc-e1"/>
      </symbol>
      <symbol id="sm-2b7">
         <name>_fseek</name>
         <value>0x4a74</value>
         <object_component_ref idref="oc-e5"/>
      </symbol>
      <symbol id="sm-2c1">
         <name>___isinf</name>
         <value>0x4ee5</value>
         <object_component_ref idref="oc-e9"/>
      </symbol>
      <symbol id="sm-2cb">
         <name>__divull</name>
         <value>0x32ae</value>
         <object_component_ref idref="oc-ed"/>
      </symbol>
      <symbol id="sm-2cc">
         <name>__mpylli</name>
         <value>0x31f6</value>
         <object_component_ref idref="oc-ed"/>
      </symbol>
      <symbol id="sm-2cd">
         <name>__remlli</name>
         <value>0x31c7</value>
         <object_component_ref idref="oc-ed"/>
      </symbol>
      <symbol id="sm-2ce">
         <name>__divlli</name>
         <value>0x33a2</value>
         <object_component_ref idref="oc-ed"/>
      </symbol>
      <symbol id="sm-2cf">
         <name>__remull</name>
         <value>0x3179</value>
         <object_component_ref idref="oc-ed"/>
      </symbol>
      <symbol id="sm-2d9">
         <name>_ltoa</name>
         <value>0x4745</value>
         <object_component_ref idref="oc-f1"/>
      </symbol>
      <symbol id="sm-2e4">
         <name>_memccpy</name>
         <value>0x4ec2</value>
         <object_component_ref idref="oc-f5"/>
      </symbol>
      <symbol id="sm-2f0">
         <name>_modf</name>
         <value>0x43d7</value>
         <object_component_ref idref="oc-f9"/>
      </symbol>
      <symbol id="sm-2fa">
         <name>__negd</name>
         <value>0x4f38</value>
         <object_component_ref idref="oc-fe"/>
      </symbol>
      <symbol id="sm-304">
         <name>__remli</name>
         <value>0x4ce9</value>
         <object_component_ref idref="oc-102"/>
      </symbol>
      <symbol id="sm-30f">
         <name>__remul</name>
         <value>0x4926</value>
         <object_component_ref idref="oc-106"/>
      </symbol>
      <symbol id="sm-31b">
         <name>__nround</name>
         <value>0x4b46</value>
         <object_component_ref idref="oc-10a"/>
      </symbol>
      <symbol id="sm-325">
         <name>_setvbuf</name>
         <value>0x4152</value>
         <object_component_ref idref="oc-10f"/>
      </symbol>
      <symbol id="sm-32f">
         <name>__divli</name>
         <value>0x4d34</value>
         <object_component_ref idref="oc-113"/>
      </symbol>
   </symbol_table>
</link_info>
